../Core/Src/main.c:238:6:cc1101_select	1
../Core/Src/main.c:242:6:cc1101_deselect	1
../Core/Src/main.c:246:6:cc1101_write_reg	1
../Core/Src/main.c:253:9:cc1101_read_reg	1
../Core/Src/main.c:263:6:cc1101_read_burst	1
../Core/Src/main.c:271:6:cc1101_write_burst	1
../Core/Src/main.c:279:6:cc1101_command_strobe	1
../Core/Src/main.c:285:6:cc1101_reset	1
../Core/Src/main.c:296:6:cc1101_send_packet	5
../Core/Src/main.c:319:6:cc1101_init	1
../Core/Src/main.c:364:5:main	5
../Core/Src/main.c:490:6:SystemClock_Config	3
../Core/Src/main.c:537:13:MX_I2C1_Init	2
../Core/Src/main.c:571:13:MX_I2S2_Init	2
../Core/Src/main.c:605:13:MX_SPI1_Init	2
../Core/Src/main.c:643:13:MX_SPI3_Init	2
../Core/Src/main.c:681:13:MX_USART1_UART_Init	2
../Core/Src/main.c:714:13:MX_USART2_UART_Init	2
../Core/Src/main.c:747:13:MX_USART6_UART_Init	2
../Core/Src/main.c:780:13:MX_GPIO_Init	1
../Core/Src/main.c:831:8:Device_IndexOf	3
../Core/Src/main.c:842:6:Device_Store	4
../Core/Src/main.c:872:16:Device_Connected	4
../Core/Src/main.c:879:13:Device_SendLatest	5
../Core/Src/main.c:913:13:Device_SendAll	2
../Core/Src/main.c:919:13:Uart_SendString	1
../Core/Src/main.c:924:13:W5500_SendTestResult	2
../Core/Src/main.c:940:6:Uart_CheckCommand	18
../Core/Src/main.c:1021:6:StartMainEOTask	1
../Core/Src/main.c:1041:6:StartCC1101Task	9
../Core/Src/main.c:1113:6:StartPCCommTask	3
../Core/Src/main.c:1154:6:HAL_TIM_PeriodElapsedCallback	2
../Core/Src/main.c:1172:6:Error_Handler	1
