../Core/Src/cc1101_rx.c:93:16:CC1101_WaitReady	16	static
../Core/Src/cc1101_rx.c:110:13:CC1101_WriteReg	32	static
../Core/Src/cc1101_rx.c:125:13:CC1101_WritePaTable	32	static
../Core/Src/cc1101_rx.c:141:13:CC1101_Strobe	16	static
../Core/Src/cc1101_rx.c:154:16:CC1101_ReadReg	32	static
../Core/Src/cc1101_rx.c:172:16:CC1101_ReadFifoByte	8	static
../Core/Src/cc1101_rx.c:180:13:CC1101_ReadFifoBurst	32	static
../Core/Src/cc1101_rx.c:201:13:CC1101RX_Reset	8	static
../Core/Src/cc1101_rx.c:218:6:CC1101RX_Init	8	static
../Core/Src/cc1101_rx.c:280:15:CC1101_RssiToDbm	24	static
../Core/Src/cc1101_rx.c:295:10:CC1101RX_Receive	104	static
