../Core/Src/main.c:219:13:DisplayNibble	1
../Core/Src/main.c:225:13:boot	5
../Core/Src/main.c:238:16:CC1101_WaitForReady	3
../Core/Src/main.c:248:13:CC1101_Strobe	2
../Core/Src/main.c:260:16:CC1101_ReadReg	2
../Core/Src/main.c:275:13:CC1101_WriteReg	2
../Core/Src/main.c:288:13:CC1101_WriteBurst	2
../Core/Src/main.c:302:13:CC1101_ReadBurst	2
../Core/Src/main.c:317:13:CC1101_InitRadio	1
../Core/Src/main.c:356:13:Test_CC1101_Connection	1
../Core/Src/main.c:365:13:PutU16	1
../Core/Src/main.c:371:13:PutU32	1
../Core/Src/main.c:380:13:Radio_TransmitPacket	5
../Core/Src/main.c:409:16:Radio_SendReliablePacket	12
../Core/Src/main.c:452:13:Radio_SendLog	1
../Core/Src/main.c:475:17:Radar_GetField	7
../Core/Src/main.c:485:13:Radar_DecodePart1	4
../Core/Src/main.c:522:13:Radar_DecodePart2	1
../Core/Src/main.c:529:13:Radar_DecodeStatus	1
../Core/Src/main.c:536:6:HAL_FDCAN_RxFifo0Callback	6
../Core/Src/main.c:550:13:Radar_FDCAN_Start	3
../Core/Src/main.c:580:13:Radio_SendRadarTelemetry	4
../Core/Src/main.c:615:13:Radar_CheckConnection	6
../Core/Src/main.c:659:5:main	1
../Core/Src/main.c:719:6:SystemClock_Config	3
../Core/Src/main.c:758:13:MX_FDCAN1_Init	2
../Core/Src/main.c:804:13:MX_I2C1_Init	4
../Core/Src/main.c:852:13:MX_SPI2_Init	2
../Core/Src/main.c:892:13:MX_TIM3_Init	6
../Core/Src/main.c:951:13:MX_USART1_UART_Init	5
../Core/Src/main.c:999:13:MX_GPIO_Init	1
../Core/Src/main.c:1063:6:Error_Handler	1
