../Core/Src/main.c:219:13:DisplayNibble	16	static
../Core/Src/main.c:225:13:boot	40	static
../Core/Src/main.c:238:16:CC1101_WaitForReady	16	static
../Core/Src/main.c:248:13:CC1101_Strobe	16	static
../Core/Src/main.c:260:16:CC1101_ReadReg	40	static
../Core/Src/main.c:275:13:CC1101_WriteReg	24	static
../Core/Src/main.c:288:13:CC1101_WriteBurst	24	static
../Core/Src/main.c:302:13:CC1101_ReadBurst	24	static
../Core/Src/main.c:317:13:CC1101_InitRadio	8	static
../Core/Src/main.c:356:13:Test_CC1101_Connection	8	static
../Core/Src/main.c:365:13:PutU16	24	static
../Core/Src/main.c:371:13:PutU32	24	static
../Core/Src/main.c:380:13:Radio_TransmitPacket	96	static
../Core/Src/main.c:409:16:Radio_SendReliablePacket	104	static
../Core/Src/main.c:452:13:Radio_SendLog	48	static
../Core/Src/main.c:475:17:Radar_GetField	80	static
../Core/Src/main.c:485:13:Radar_DecodePart1	48	static,ignoring_inline_asm
../Core/Src/main.c:522:13:Radar_DecodePart2	16	static
../Core/Src/main.c:529:13:Radar_DecodeStatus	16	static
../Core/Src/main.c:536:6:HAL_FDCAN_RxFifo0Callback	72	static
../Core/Src/main.c:550:13:Radar_FDCAN_Start	32	static
../Core/Src/main.c:580:13:Radio_SendRadarTelemetry	56	static,ignoring_inline_asm
../Core/Src/main.c:615:13:Radar_CheckConnection	24	static,ignoring_inline_asm
../Core/Src/main.c:659:5:main	8	static
../Core/Src/main.c:719:6:SystemClock_Config	64	static
../Core/Src/main.c:758:13:MX_FDCAN1_Init	8	static
../Core/Src/main.c:804:13:MX_I2C1_Init	8	static
../Core/Src/main.c:852:13:MX_SPI2_Init	8	static
../Core/Src/main.c:892:13:MX_TIM3_Init	64	static
../Core/Src/main.c:951:13:MX_USART1_UART_Init	8	static
../Core/Src/main.c:999:13:MX_GPIO_Init	48	static
../Core/Src/main.c:1063:6:Error_Handler	8	static,ignoring_inline_asm
