E:/drone/c_uas/drone control/rader/code/application/Core/Src/main.c:46:13:indicate_error	8	static
E:/drone/c_uas/drone control/rader/code/application/Core/Src/main.c:57:12:check_gps_fix	8	static
E:/drone/c_uas/drone control/rader/code/application/Core/Src/main.c:73:12:check_compass	8	static
E:/drone/c_uas/drone control/rader/code/application/Core/Src/main.c:85:12:check_stepper	8	static
E:/drone/c_uas/drone control/rader/code/application/Core/Src/main.c:106:12:check_cc1101	8	static
E:/drone/c_uas/drone control/rader/code/application/Core/Src/main.c:119:12:check_radar_status	40	static
E:/drone/c_uas/drone control/rader/code/application/Core/Src/main.c:161:5:main	8	static
