E:/drone/c_uas/drone control/rader/code/bootloder/Core/Src/cc1101.c:84:13:CC1101_Select	8	static
E:/drone/c_uas/drone control/rader/code/bootloder/Core/Src/cc1101.c:89:13:CC1101_Deselect	8	static
E:/drone/c_uas/drone control/rader/code/bootloder/Core/Src/cc1101.c:101:9:CC1101_ReadReg	40	static
E:/drone/c_uas/drone control/rader/code/bootloder/Core/Src/cc1101.c:117:6:CC1101_WriteReg	32	static
E:/drone/c_uas/drone control/rader/code/bootloder/Core/Src/cc1101.c:130:6:CC1101_ReadBurst	32	static
E:/drone/c_uas/drone control/rader/code/bootloder/Core/Src/cc1101.c:143:6:CC1101_WriteBurst	32	static
E:/drone/c_uas/drone control/rader/code/bootloder/Core/Src/cc1101.c:156:6:CC1101_Strobe	16	static
E:/drone/c_uas/drone control/rader/code/bootloder/Core/Src/cc1101.c:170:6:CC1101_Init	40	static
E:/drone/c_uas/drone control/rader/code/bootloder/Core/Src/cc1101.c:221:6:CC1101_SetAddress	16	static
E:/drone/c_uas/drone control/rader/code/bootloder/Core/Src/cc1101.c:229:6:CC1101_SetChannel	16	static
E:/drone/c_uas/drone control/rader/code/bootloder/Core/Src/cc1101.c:237:6:CC1101_SetPower	16	static
E:/drone/c_uas/drone control/rader/code/bootloder/Core/Src/cc1101.c:249:6:CC1101_FlushRxFifo	8	static
E:/drone/c_uas/drone control/rader/code/bootloder/Core/Src/cc1101.c:258:6:CC1101_FlushTxFifo	8	static
E:/drone/c_uas/drone control/rader/code/bootloder/Core/Src/cc1101.c:267:6:CC1101_EnterRx	8	static
E:/drone/c_uas/drone control/rader/code/bootloder/Core/Src/cc1101.c:275:6:CC1101_EnterTx	8	static
E:/drone/c_uas/drone control/rader/code/bootloder/Core/Src/cc1101.c:283:6:CC1101_EnterIdle	8	static
E:/drone/c_uas/drone control/rader/code/bootloder/Core/Src/cc1101.c:296:9:CC1101_ReadRxFifo	32	static
E:/drone/c_uas/drone control/rader/code/bootloder/Core/Src/cc1101.c:318:6:CC1101_WriteTxFifo	16	static
E:/drone/c_uas/drone control/rader/code/bootloder/Core/Src/cc1101.c:326:9:CC1101_GetRxBytes	8	static
E:/drone/c_uas/drone control/rader/code/bootloder/Core/Src/cc1101.c:334:9:CC1101_GetTxBytes	8	static
E:/drone/c_uas/drone control/rader/code/bootloder/Core/Src/cc1101.c:342:9:CC1101_GetRssi	8	static
E:/drone/c_uas/drone control/rader/code/bootloder/Core/Src/cc1101.c:350:9:CC1101_GetLqi	8	static
E:/drone/c_uas/drone control/rader/code/bootloder/Core/Src/cc1101.c:362:6:CC1101_EnableGdo0Interrupt	8	static
E:/drone/c_uas/drone control/rader/code/bootloder/Core/Src/cc1101.c:371:6:CC1101_DisableGdo0Interrupt	8	static
