E:/drone/c_uas/drone control/rader/code/bootloder/Core/Src/client_node.c:44:9:Client_ParseFlashConfig	64	static
E:/drone/c_uas/drone control/rader/code/bootloder/Core/Src/client_node.c:106:9:Client_Provision	48	static
E:/drone/c_uas/drone control/rader/code/bootloder/Core/Src/client_node.c:201:6:Client_ProcessPacket	64	static
E:/drone/c_uas/drone control/rader/code/bootloder/Core/Src/client_node.c:358:6:Client_SendResponse	24	static
E:/drone/c_uas/drone control/rader/code/bootloder/Core/Src/client_node.c:395:6:Client_EnterRxMode	8	static
E:/drone/c_uas/drone control/rader/code/bootloder/Core/Src/client_node.c:405:6:Client_Gdo0Handler	8	static
