E:/drone/c_uas/drone control/rader/code/bootloder/lib/SENSORS/gps_compass.c:39:14:GPS_ParseCoord	64	static
E:/drone/c_uas/drone control/rader/code/bootloder/lib/SENSORS/gps_compass.c:79:13:GPS_ParseGGA	32	static
E:/drone/c_uas/drone control/rader/code/bootloder/lib/SENSORS/gps_compass.c:145:13:GPS_ParseRMC	32	static
E:/drone/c_uas/drone control/rader/code/bootloder/lib/SENSORS/gps_compass.c:203:6:GPS_Init	8	static
E:/drone/c_uas/drone control/rader/code/bootloder/lib/SENSORS/gps_compass.c:215:6:GPS_FeedByte	16	static
E:/drone/c_uas/drone control/rader/code/bootloder/lib/SENSORS/gps_compass.c:247:6:GPS_Process	16	static
E:/drone/c_uas/drone control/rader/code/bootloder/lib/SENSORS/gps_compass.c:277:9:GPS_GetData	16	static
E:/drone/c_uas/drone control/rader/code/bootloder/lib/SENSORS/gps_compass.c:293:9:GPS_IsValid	8	static
E:/drone/c_uas/drone control/rader/code/bootloder/lib/SENSORS/gps_compass.c:302:16:Compass_WriteReg	32	static
E:/drone/c_uas/drone control/rader/code/bootloder/lib/SENSORS/gps_compass.c:308:16:Compass_ReadReg	32	static
E:/drone/c_uas/drone control/rader/code/bootloder/lib/SENSORS/gps_compass.c:314:16:Compass_ReadRegs	32	static
E:/drone/c_uas/drone control/rader/code/bootloder/lib/SENSORS/gps_compass.c:328:9:Compass_Init	16	static
E:/drone/c_uas/drone control/rader/code/bootloder/lib/SENSORS/gps_compass.c:355:9:Compass_Read	32	static
E:/drone/c_uas/drone control/rader/code/bootloder/lib/SENSORS/gps_compass.c:387:7:Compass_ComputeHeading	32	static
E:/drone/c_uas/drone control/rader/code/bootloder/lib/SENSORS/gps_compass.c:421:9:Sensors_Init	8	static
E:/drone/c_uas/drone control/rader/code/bootloder/lib/SENSORS/gps_compass.c:434:6:Sensors_Update	16	static
