E:/drone/c_uas/drone control/rader/code/bootloder/Core/Src/main.c:107:13:delay_us	24	static,ignoring_inline_asm
E:/drone/c_uas/drone control/rader/code/bootloder/Core/Src/main.c:124:13:Boot_ShowPattern	16	static
E:/drone/c_uas/drone control/rader/code/bootloder/Core/Src/main.c:192:6:Stepper_PointToHeading	32	static
E:/drone/c_uas/drone control/rader/code/bootloder/Core/Src/main.c:248:13:Stepper_Rotate	40	static
E:/drone/c_uas/drone control/rader/code/bootloder/Core/Src/main.c:327:5:main	40	static
E:/drone/c_uas/drone control/rader/code/bootloder/Core/Src/main.c:464:6:SystemClock_Config	64	static
E:/drone/c_uas/drone control/rader/code/bootloder/Core/Src/main.c:507:6:Error_Handler	8	static,ignoring_inline_asm
