E:/drone/c_uas/drone control/rader/code/bootloder/Core/Src/main.c:107:13:delay_us	2
E:/drone/c_uas/drone control/rader/code/bootloder/Core/Src/main.c:124:13:Boot_ShowPattern	3
E:/drone/c_uas/drone control/rader/code/bootloder/Core/Src/main.c:192:6:Stepper_PointToHeading	9
E:/drone/c_uas/drone control/rader/code/bootloder/Core/Src/main.c:248:13:Stepper_Rotate	8
E:/drone/c_uas/drone control/rader/code/bootloder/Core/Src/main.c:327:5:main	8
E:/drone/c_uas/drone control/rader/code/bootloder/Core/Src/main.c:464:6:SystemClock_Config	3
E:/drone/c_uas/drone control/rader/code/bootloder/Core/Src/main.c:507:6:Error_Handler	1
