E:/drone/c_uas/drone control/rader/code/bootloder/Core/Src/stm32c0xx_it.c:76:6:NMI_Handler	8	static
E:/drone/c_uas/drone control/rader/code/bootloder/Core/Src/stm32c0xx_it.c:91:6:HardFault_Handler	8	static
E:/drone/c_uas/drone control/rader/code/bootloder/Core/Src/stm32c0xx_it.c:106:6:SVC_Handler	8	static
E:/drone/c_uas/drone control/rader/code/bootloder/Core/Src/stm32c0xx_it.c:119:6:PendSV_Handler	8	static
E:/drone/c_uas/drone control/rader/code/bootloder/Core/Src/stm32c0xx_it.c:132:6:SysTick_Handler	8	static
E:/drone/c_uas/drone control/rader/code/bootloder/Core/Src/stm32c0xx_it.c:153:6:EXTI0_1_IRQHandler	8	static
E:/drone/c_uas/drone control/rader/code/bootloder/Core/Src/stm32c0xx_it.c:167:6:SPI1_IRQHandler	8	static
E:/drone/c_uas/drone control/rader/code/bootloder/Core/Src/stm32c0xx_it.c:181:6:USART1_IRQHandler	8	static
E:/drone/c_uas/drone control/rader/code/bootloder/Core/Src/stm32c0xx_it.c:200:6:DMA1_Channel2_3_IRQHandler	8	static
E:/drone/c_uas/drone control/rader/code/bootloder/Core/Src/stm32c0xx_it.c:216:6:FDCAN1_IT0_IRQHandler	8	static
E:/drone/c_uas/drone control/rader/code/bootloder/Core/Src/stm32c0xx_it.c:230:6:FDCAN1_IT1_IRQHandler	8	static
