Archive member included to satisfy reference by file (symbol)

C:/ST/STM32CubeIDE_2.1.1/STM32CubeIDE/plugins/com.st.stm32cube.ide.mcu.externaltools.gnu-tools-for-stm32.14.3.rel1.win32_1.0.100.202602081740/tools/bin/../lib/gcc/arm-none-eabi/14.3.1/../../../../arm-none-eabi/lib/thumb/v6-m/nofp\libc_nano.a(libc_a-exit.o)
                              C:/ST/STM32CubeIDE_2.1.1/STM32CubeIDE/plugins/com.st.stm32cube.ide.mcu.externaltools.gnu-tools-for-stm32.14.3.rel1.win32_1.0.100.202602081740/tools/bin/../lib/gcc/arm-none-eabi/14.3.1/../../../../arm-none-eabi/lib/thumb/v6-m/nofp/crt0.o (exit)
C:/ST/STM32CubeIDE_2.1.1/STM32CubeIDE/plugins/com.st.stm32cube.ide.mcu.externaltools.gnu-tools-for-stm32.14.3.rel1.win32_1.0.100.202602081740/tools/bin/../lib/gcc/arm-none-eabi/14.3.1/../../../../arm-none-eabi/lib/thumb/v6-m/nofp\libc_nano.a(libc_a-findfp.o)
                              C:/ST/STM32CubeIDE_2.1.1/STM32CubeIDE/plugins/com.st.stm32cube.ide.mcu.externaltools.gnu-tools-for-stm32.14.3.rel1.win32_1.0.100.202602081740/tools/bin/../lib/gcc/arm-none-eabi/14.3.1/../../../../arm-none-eabi/lib/thumb/v6-m/nofp\libc_nano.a(libc_a-exit.o) (__stdio_exit_handler)
C:/ST/STM32CubeIDE_2.1.1/STM32CubeIDE/plugins/com.st.stm32cube.ide.mcu.externaltools.gnu-tools-for-stm32.14.3.rel1.win32_1.0.100.202602081740/tools/bin/../lib/gcc/arm-none-eabi/14.3.1/../../../../arm-none-eabi/lib/thumb/v6-m/nofp\libc_nano.a(libc_a-fwalk.o)
                              C:/ST/STM32CubeIDE_2.1.1/STM32CubeIDE/plugins/com.st.stm32cube.ide.mcu.externaltools.gnu-tools-for-stm32.14.3.rel1.win32_1.0.100.202602081740/tools/bin/../lib/gcc/arm-none-eabi/14.3.1/../../../../arm-none-eabi/lib/thumb/v6-m/nofp\libc_nano.a(libc_a-findfp.o) (_fwalk_sglue)
C:/ST/STM32CubeIDE_2.1.1/STM32CubeIDE/plugins/com.st.stm32cube.ide.mcu.externaltools.gnu-tools-for-stm32.14.3.rel1.win32_1.0.100.202602081740/tools/bin/../lib/gcc/arm-none-eabi/14.3.1/../../../../arm-none-eabi/lib/thumb/v6-m/nofp\libc_nano.a(libc_a-stdio.o)
                              C:/ST/STM32CubeIDE_2.1.1/STM32CubeIDE/plugins/com.st.stm32cube.ide.mcu.externaltools.gnu-tools-for-stm32.14.3.rel1.win32_1.0.100.202602081740/tools/bin/../lib/gcc/arm-none-eabi/14.3.1/../../../../arm-none-eabi/lib/thumb/v6-m/nofp\libc_nano.a(libc_a-findfp.o) (__sread)
C:/ST/STM32CubeIDE_2.1.1/STM32CubeIDE/plugins/com.st.stm32cube.ide.mcu.externaltools.gnu-tools-for-stm32.14.3.rel1.win32_1.0.100.202602081740/tools/bin/../lib/gcc/arm-none-eabi/14.3.1/../../../../arm-none-eabi/lib/thumb/v6-m/nofp\libc_nano.a(libc_a-memset.o)
                              C:/ST/STM32CubeIDE_2.1.1/STM32CubeIDE/plugins/com.st.stm32cube.ide.mcu.externaltools.gnu-tools-for-stm32.14.3.rel1.win32_1.0.100.202602081740/tools/bin/../lib/gcc/arm-none-eabi/14.3.1/../../../../arm-none-eabi/lib/thumb/v6-m/nofp/crt0.o (memset)
C:/ST/STM32CubeIDE_2.1.1/STM32CubeIDE/plugins/com.st.stm32cube.ide.mcu.externaltools.gnu-tools-for-stm32.14.3.rel1.win32_1.0.100.202602081740/tools/bin/../lib/gcc/arm-none-eabi/14.3.1/../../../../arm-none-eabi/lib/thumb/v6-m/nofp\libc_nano.a(libc_a-closer.o)
                              C:/ST/STM32CubeIDE_2.1.1/STM32CubeIDE/plugins/com.st.stm32cube.ide.mcu.externaltools.gnu-tools-for-stm32.14.3.rel1.win32_1.0.100.202602081740/tools/bin/../lib/gcc/arm-none-eabi/14.3.1/../../../../arm-none-eabi/lib/thumb/v6-m/nofp\libc_nano.a(libc_a-stdio.o) (_close_r)
C:/ST/STM32CubeIDE_2.1.1/STM32CubeIDE/plugins/com.st.stm32cube.ide.mcu.externaltools.gnu-tools-for-stm32.14.3.rel1.win32_1.0.100.202602081740/tools/bin/../lib/gcc/arm-none-eabi/14.3.1/../../../../arm-none-eabi/lib/thumb/v6-m/nofp\libc_nano.a(libc_a-reent.o)
                              C:/ST/STM32CubeIDE_2.1.1/STM32CubeIDE/plugins/com.st.stm32cube.ide.mcu.externaltools.gnu-tools-for-stm32.14.3.rel1.win32_1.0.100.202602081740/tools/bin/../lib/gcc/arm-none-eabi/14.3.1/../../../../arm-none-eabi/lib/thumb/v6-m/nofp\libc_nano.a(libc_a-closer.o) (errno)
C:/ST/STM32CubeIDE_2.1.1/STM32CubeIDE/plugins/com.st.stm32cube.ide.mcu.externaltools.gnu-tools-for-stm32.14.3.rel1.win32_1.0.100.202602081740/tools/bin/../lib/gcc/arm-none-eabi/14.3.1/../../../../arm-none-eabi/lib/thumb/v6-m/nofp\libc_nano.a(libc_a-impure.o)
                              C:/ST/STM32CubeIDE_2.1.1/STM32CubeIDE/plugins/com.st.stm32cube.ide.mcu.externaltools.gnu-tools-for-stm32.14.3.rel1.win32_1.0.100.202602081740/tools/bin/../lib/gcc/arm-none-eabi/14.3.1/../../../../arm-none-eabi/lib/thumb/v6-m/nofp\libc_nano.a(libc_a-reent.o) (_impure_ptr)
C:/ST/STM32CubeIDE_2.1.1/STM32CubeIDE/plugins/com.st.stm32cube.ide.mcu.externaltools.gnu-tools-for-stm32.14.3.rel1.win32_1.0.100.202602081740/tools/bin/../lib/gcc/arm-none-eabi/14.3.1/../../../../arm-none-eabi/lib/thumb/v6-m/nofp\libc_nano.a(libc_a-lseekr.o)
[...]
Memory Configuration

Name             Origin             Length             Attributes
FLASH            0x08000000         0x0000c800         xr
API_TABLE        0x0800db00         0x00000100         r
SHARED_RAM       0x20000000         0x00000100         rw
RAM              0x20000100         0x00007700         xrw
*default*        0x00000000         0xffffffff

Linker script and memory map

LOAD C:/ST/STM32CubeIDE_2.1.1/STM32CubeIDE/plugins/com.st.stm32cube.ide.mcu.externaltools.gnu-tools-for-stm32.14.3.rel1.win32_1.0.100.202602081740/tools/bin/../lib/gcc/arm-none-eabi/14.3.1/thumb/v6-m/nofp/crti.o
LOAD C:/ST/STM32CubeIDE_2.1.1/STM32CubeIDE/plugins/com.st.stm32cube.ide.mcu.externaltools.gnu-tools-for-stm32.14.3.rel1.win32_1.0.100.202602081740/tools/bin/../lib/gcc/arm-none-eabi/14.3.1/thumb/v6-m/nofp/crtbegin.o
LOAD C:/ST/STM32CubeIDE_2.1.1/STM32CubeIDE/plugins/com.st.stm32cube.ide.mcu.externaltools.gnu-tools-for-stm32.14.3.rel1.win32_1.0.100.202602081740/tools/bin/../lib/gcc/arm-none-eabi/14.3.1/../../../../arm-none-eabi/lib/thumb/v6-m/nofp/crt0.o
LOAD ./Core/Src/blink_driver.o
LOAD ./Core/Src/bootloader.o
LOAD ./Core/Src/can_driver.o
LOAD ./Core/Src/gsm_driver.o
LOAD ./Core/Src/i2c_driver.o
LOAD ./Core/Src/i2s_audio_driver.o
LOAD ./Core/Src/led_driver.o
LOAD ./Core/Src/main.o
LOAD ./Core/Src/ota.o
LOAD ./Core/Src/spi_radio_driver.o
LOAD ./Core/Src/stepper_driver.o
LOAD ./Core/Src/stm32c0xx_hal_msp.o
LOAD ./Core/Src/stm32c0xx_it.o
LOAD ./Core/Src/syscalls.o
LOAD ./Core/Src/sysmem.o
LOAD ./Core/Src/system_stm32c0xx.o
LOAD ./Core/Startup/startup_stm32c092kctx.o
LOAD ./Drivers/STM32C0xx_HAL_Driver/Src/stm32c0xx_hal.o
LOAD ./Drivers/STM32C0xx_HAL_Driver/Src/stm32c0xx_hal_cortex.o
LOAD ./Drivers/STM32C0xx_HAL_Driver/Src/stm32c0xx_hal_dma.o
LOAD ./Drivers/STM32C0xx_HAL_Driver/Src/stm32c0xx_hal_dma_ex.o
LOAD ./Drivers/STM32C0xx_HAL_Driver/Src/stm32c0xx_hal_exti.o
LOAD ./Drivers/STM32C0xx_HAL_Driver/Src/stm32c0xx_hal_fdcan.o
LOAD ./Drivers/STM32C0xx_HAL_Driver/Src/stm32c0xx_hal_flash.o
LOAD ./Drivers/STM32C0xx_HAL_Driver/Src/stm32c0xx_hal_flash_ex.o
LOAD ./Drivers/STM32C0xx_HAL_Driver/Src/stm32c0xx_hal_gpio.o
LOAD ./Drivers/STM32C0xx_HAL_Driver/Src/stm32c0xx_hal_i2c.o
LOAD ./Drivers/STM32C0xx_HAL_Driver/Src/stm32c0xx_hal_i2c_ex.o
LOAD ./Drivers/STM32C0xx_HAL_Driver/Src/stm32c0xx_hal_i2s.o
LOAD ./Drivers/STM32C0xx_HAL_Driver/Src/stm32c0xx_hal_pwr.o
LOAD ./Drivers/STM32C0xx_HAL_Driver/Src/stm32c0xx_hal_pwr_ex.o
LOAD ./Drivers/STM32C0xx_HAL_Driver/Src/stm32c0xx_hal_rcc.o
LOAD ./Drivers/STM32C0xx_HAL_Driver/Src/stm32c0xx_hal_rcc_ex.o
LOAD ./Drivers/STM32C0xx_HAL_Driver/Src/stm32c0xx_hal_spi.o
LOAD ./Drivers/STM32C0xx_HAL_Driver/Src/stm32c0xx_hal_spi_ex.o
LOAD ./Drivers/STM32C0xx_HAL_Driver/Src/stm32c0xx_hal_tim.o
LOAD ./Drivers/STM32C0xx_HAL_Driver/Src/stm32c0xx_hal_tim_ex.o
LOAD ./Drivers/STM32C0xx_HAL_Driver/Src/stm32c0xx_hal_uart.o
LOAD ./Drivers/STM32C0xx_HAL_Driver/Src/stm32c0xx_hal_uart_ex.o
START GROUP
LOAD C:/ST/STM32CubeIDE_2.1.1/STM32CubeIDE/plugins/com.st.stm32cube.ide.mcu.externaltools.gnu-tools-for-stm32.14.3.rel1.win32_1.0.100.202602081740/tools/bin/../lib/gcc/arm-none-eabi/14.3.1/../../../../arm-none-eabi/lib/thumb/v6-m/nofp\libc_nano.a
LOAD C:/ST/STM32CubeIDE_2.1.1/STM32CubeIDE/plugins/com.st.stm32cube.ide.mcu.externaltools.gnu-tools-for-stm32.14.3.rel1.win32_1.0.100.202602081740/tools/bin/../lib/gcc/arm-none-eabi/14.3.1/../../../../arm-none-eabi/lib/thumb/v6-m/nofp\libm.a
END GROUP
START GROUP
LOAD C:/ST/STM32CubeIDE_2.1.1/STM32CubeIDE/plugins/com.st.stm32cube.ide.mcu.externaltools.gnu-tools-for-stm32.14.3.rel1.win32_1.0.100.202602081740/tools/bin/../lib/gcc/arm-none-eabi/14.3.1/thumb/v6-m/nofp\libgcc.a
LOAD C:/ST/STM32CubeIDE_2.1.1/STM32CubeIDE/plugins/com.st.stm32cube.ide.mcu.externaltools.gnu-tools-for-stm32.14.3.rel1.win32_1.0.100.202602081740/tools/bin/../lib/gcc/arm-none-eabi/14.3.1/../../../../arm-none-eabi/lib/thumb/v6-m/nofp\libc_nano.a
END GROUP
START GROUP
LOAD C:/ST/STM32CubeIDE_2.1.1/STM32CubeIDE/plugins/com.st.stm32cube.ide.mcu.externaltools.gnu-tools-for-stm32.14.3.rel1.win32_1.0.100.202602081740/tools/bin/../lib/gcc/arm-none-eabi/14.3.1/thumb/v6-m/nofp\libgcc.a
LOAD C:/ST/STM32CubeIDE_2.1.1/STM32CubeIDE/plugins/com.st.stm32cube.ide.mcu.externaltools.gnu-tools-for-stm32.14.3.rel1.win32_1.0.100.202602081740/tools/bin/../lib/gcc/arm-none-eabi/14.3.1/../../../../arm-none-eabi/lib/thumb/v6-m/nofp\libc_nano.a
LOAD C:/ST/STM32CubeIDE_2.1.1/STM32CubeIDE/plugins/com.st.stm32cube.ide.mcu.externaltools.gnu-tools-for-stm32.14.3.rel1.win32_1.0.100.202602081740/tools/bin/../lib/gcc/arm-none-eabi/14.3.1/../../../../arm-none-eabi/lib/thumb/v6-m/nofp\libnosys.a
END GROUP
START GROUP
LOAD C:/ST/STM32CubeIDE_2.1.1/STM32CubeIDE/plugins/com.st.stm32cube.ide.mcu.externaltools.gnu-tools-for-stm32.14.3.rel1.win32_1.0.100.202602081740/tools/bin/../lib/gcc/arm-none-eabi/14.3.1/thumb/v6-m/nofp\libgcc.a
LOAD C:/ST/STM32CubeIDE_2.1.1/STM32CubeIDE/plugins/com.st.stm32cube.ide.mcu.externaltools.gnu-tools-for-stm32.14.3.rel1.win32_1.0.100.202602081740/tools/bin/../lib/gcc/arm-none-eabi/14.3.1/../../../../arm-none-eabi/lib/thumb/v6-m/nofp\libc_nano.a
LOAD C:/ST/STM32CubeIDE_2.1.1/STM32CubeIDE/plugins/com.st.stm32cube.ide.mcu.externaltools.gnu-tools-for-stm32.14.3.rel1.win32_1.0.100.202602081740/tools/bin/../lib/gcc/arm-none-eabi/14.3.1/../../../../arm-none-eabi/lib/thumb/v6-m/nofp\libnosys.a
END GROUP
LOAD C:/ST/STM32CubeIDE_2.1.1/STM32CubeIDE/plugins/com.st.stm32cube.ide.mcu.externaltools.gnu-tools-for-stm32.14.3.rel1.win32_1.0.100.202602081740/tools/bin/../lib/gcc/arm-none-eabi/14.3.1/thumb/v6-m/nofp/crtend.o
LOAD C:/ST/STM32CubeIDE_2.1.1/STM32CubeIDE/plugins/com.st.stm32cube.ide.mcu.externaltools.gnu-tools-for-stm32.14.3.rel1.win32_1.0.100.202602081740/tools/bin/../lib/gcc/arm-none-eabi/14.3.1/thumb/v6-m/nofp/crtn.o
                0x20007800                        _estack = (ORIGIN (RAM) + LENGTH (RAM))
                0x00000200                        _Min_Heap_Size = 0x200
                0x00000400                        _Min_Stack_Size = 0x400

.isr_vector     0x08000000       0xc0
                0x08000000                        . = ALIGN (0x4)
 *(.isr_vector)
 .isr_vector    0x08000000       0xc0 ./Core/Startup/startup_stm32c092kctx.o
                0x08000000                g_pfnVectors
                0x080000c0                        . = ALIGN (0x4)

.text           0x080000c0     0x4bf0
                0x080000c0                        . = ALIGN (0x4)
 *(.text)
 .text          0x080000c0       0x48 C:/ST/STM32CubeIDE_2.1.1/STM32CubeIDE/plugins/com.st.stm32cube.ide.mcu.externaltools.gnu-tools-for-stm32.14.3.rel1.win32_1.0.100.202602081740/tools/bin/../lib/gcc/arm-none-eabi/14.3.1/thumb/v6-m/nofp/crtbegin.o
 .text          0x08000108      0x114 C:/ST/STM32CubeIDE_2.1.1/STM32CubeIDE/plugins/com.st.stm32cube.ide.mcu.externaltools.gnu-tools-for-stm32.14.3.rel1.win32_1.0.100.202602081740/tools/bin/../lib/gcc/arm-none-eabi/14.3.1/thumb/v6-m/nofp\libgcc.a(_udivsi3.o)
                0x08000108                __aeabi_uidiv
                0x08000108                __udivsi3
                0x08000214                __aeabi_uidivmod
 .text          0x0800021c        0x4 C:/ST/STM32CubeIDE_2.1.1/STM32CubeIDE/plugins/com.st.stm32cube.ide.mcu.externaltools.gnu-tools-for-stm32.14.3.rel1.win32_1.0.100.202602081740/tools/bin/../lib/gcc/arm-none-eabi/14.3.1/thumb/v6-m/nofp\libgcc.a(_dvmd_tls.o)
                0x0800021c                __aeabi_idiv0
                0x0800021c                __aeabi_ldiv0
 *(.text*)
 .text.__NVIC_SetPriority
                0x08000220       0xdc ./Core/Src/blink_driver.o
 .text.__NVIC_SystemReset
                0x080002fc       0x24 ./Core/Src/blink_driver.o
 .text.SysTick_Config
                0x08000320       0x48 ./Core/Src/blink_driver.o
 .text.Tick_Init
                0x08000368       0x28 ./Core/Src/blink_driver.o
                0x08000368                Tick_Init
 .text.GetTick  0x08000390       0x24 ./Core/Src/blink_driver.o
                0x08000390                GetTick
 .text.Delay_ms
                0x080003b4       0x2c ./Core/Src/blink_driver.o
                0x080003b4                Delay_ms
 .text.Watchdog_Refresh
                0x080003e0       0x18 ./Core/Src/blink_driver.o
                0x080003e0                Watchdog_Refresh
 .text.CRC32_CalculateFlash
                0x080003f8       0x58 ./Core/Src/blink_driver.o
                0x080003f8                CRC32_CalculateFlash
 .text.Flash_ErasePage
                0x08000450       0xc8 ./Core/Src/blink_driver.o
                0x08000450                Flash_ErasePage
 .text.Flash_Write
                0x08000518       0xe8 ./Core/Src/blink_driver.o
                0x08000518                Flash_Write
 .text.Flash_Read
                0x08000600       0x3e ./Core/Src/blink_driver.o
                0x08000600                Flash_Read
 *fill*         0x0800063e        0x2 
 .text.NVM_WriteConfig
                0x08000640       0x80 ./Core/Src/blink_driver.o
                0x08000640                NVM_WriteConfig
 .text.NVM_ReadConfig
                0x080006c0       0x70 ./Core/Src/blink_driver.o
                0x080006c0                NVM_ReadConfig
 .text.JumpToApplication
                0x08000730       0x18 ./Core/Src/blink_driver.o
                0x08000730                JumpToApplication
 .text.System_Reset
                0x08000748        0xc ./Core/Src/blink_driver.o
                0x08000748                System_Reset
 .text.Bootloader_VerifyApplicationCRC
                0x08000754       0x34 ./Core/Src/bootloader.o
 .text.Bootloader_GetSharedRAM
                0x08000788        0xe ./Core/Src/bootloader.o
                0x08000788                Bootloader_GetSharedRAM
 *fill*         0x08000796        0x2 
 .text.Bootloader_ShouldStay
                0x08000798      0x234 ./Core/Src/bootloader.o
                0x08000798                Bootloader_ShouldStay
 .text.Bootloader_VerifyApp
                0x080009cc      0x1b4 ./Core/Src/bootloader.o
                0x080009cc                Bootloader_VerifyApp
 .text.Bootloader_JumpToApp
                0x08000b80       0x54 ./Core/Src/bootloader.o
                0x08000b80                Bootloader_JumpToApp
 .text.Bootloader_Main
                0x08000bd4      0x300 ./Core/Src/bootloader.o
                0x08000bd4                Bootloader_Main
 .text.Bootloader_ProcessOTA
                0x08000ed4       0xd4 ./Core/Src/bootloader.o
                0x08000ed4                Bootloader_ProcessOTA
 .text.__NVIC_EnableIRQ
                0x08000fa8       0x34 ./Core/Src/can_driver.o
 .text.__NVIC_SetPriority
                0x08000fdc       0xdc ./Core/Src/can_driver.o
 .text.CAN_Init
                0x080010b8      0x16c ./Core/Src/can_driver.o
                0x080010b8                CAN_Init
 .text.CAN_Transmit
                0x08001224      0x134 ./Core/Src/can_driver.o
                0x08001224                CAN_Transmit
 .text.CAN_Receive
                0x08001358      0x100 ./Core/Src/can_driver.o
                0x08001358                CAN_Receive
 .text.CAN_SetFilter
                0x08001458       0x12 ./Core/Src/can_driver.o
                0x08001458                CAN_SetFilter
 *fill*         0x0800146a        0x2 
 .text.CAN_CheckBusOff
                0x0800146c       0x1c ./Core/Src/can_driver.o
                0x0800146c                CAN_CheckBusOff
 .text.CAN_ResetBus
                0x08001488       0x4c ./Core/Src/can_driver.o
                0x08001488                CAN_ResetBus
 .text.__NVIC_EnableIRQ
                0x080014d4       0x34 ./Core/Src/gsm_driver.o
 .text.__NVIC_DisableIRQ
                0x08001508       0x44 ./Core/Src/gsm_driver.o
 .text.__NVIC_SetPriority
                0x0800154c       0xdc ./Core/Src/gsm_driver.o
 .text.GSM_Init
                0x08001628      0x114 ./Core/Src/gsm_driver.o
                0x08001628                GSM_Init
 .text.USART1_IRQHandler
                0x0800173c       0x84 ./Core/Src/gsm_driver.o
                0x0800173c                USART1_IRQHandler
 .text.GSM_ClearRxBuffer
                0x080017c0       0x24 ./Core/Src/gsm_driver.o
                0x080017c0                GSM_ClearRxBuffer
 .text.GSM_SendData
                0x080017e4       0x5c ./Core/Src/gsm_driver.o
                0x080017e4                GSM_SendData
 .text.GSM_ReceiveData
                0x08001840       0xd0 ./Core/Src/gsm_driver.o
                0x08001840                GSM_ReceiveData
 .text.GSM_SendAT
                0x08001910       0x60 ./Core/Src/gsm_driver.o
                0x08001910                GSM_SendAT
 .text.GSM_WaitResponse
                0x08001970       0xd8 ./Core/Src/gsm_driver.o
                0x08001970                GSM_WaitResponse
 .text.GSM_CheckNetwork
                0x08001a48       0x2c ./Core/Src/gsm_driver.o
                0x08001a48                GSM_CheckNetwork
 .text.GSM_SendPayload
                0x08001a74       0x68 ./Core/Src/gsm_driver.o
                0x08001a74                GSM_SendPayload
 .text.GSM_PowerOff
                0x08001adc       0x44 ./Core/Src/gsm_driver.o
                0x08001adc                GSM_PowerOff
 .text.I2C_Init
                0x08001b20       0xb0 ./Core/Src/i2c_driver.o
                0x08001b20                I2C_Init
 .text.I2C_Write
                0x08001bd0       0xd4 ./Core/Src/i2c_driver.o
                0x08001bd0                I2C_Write
 .text.I2C_Read
                0x08001ca4      0x12c ./Core/Src/i2c_driver.o
                0x08001ca4                I2C_Read
 .text.I2C_WriteReg
                0x08001dd0      0x10c ./Core/Src/i2c_driver.o
                0x08001dd0                I2C_WriteReg
 .text.I2C_ReadReg
                0x08001edc      0x150 ./Core/Src/i2c_driver.o
                0x08001edc                I2C_ReadReg
 .text.I2C_IsDeviceReady
                0x0800202c       0x84 ./Core/Src/i2c_driver.o
                0x0800202c                I2C_IsDeviceReady
 .text.I2S_Audio_Init
                0x080020b0       0xb8 ./Core/Src/i2s_audio_driver.o
                0x080020b0                I2S_Audio_Init
 .text.I2S_Audio_StartDMA
                0x08002168       0x16 ./Core/Src/i2s_audio_driver.o
                0x08002168                I2S_Audio_StartDMA
 .text.I2S_Audio_StopDMA
                0x0800217e        0xa ./Core/Src/i2s_audio_driver.o
                0x0800217e                I2S_Audio_StopDMA
 .text.I2S_Audio_SetVolume
                0x08002188       0x14 ./Core/Src/i2s_audio_driver.o
                0x08002188                I2S_Audio_SetVolume
 .text.I2S_Audio_IsPlaying
                0x0800219c        0xc ./Core/Src/i2s_audio_driver.o
                0x0800219c                I2S_Audio_IsPlaying
 .text.LED_Init
                0x080021a8       0x8c ./Core/Src/led_driver.o
                0x080021a8                LED_Init
 .text.LED_On   0x08002234       0x7c ./Core/Src/led_driver.o
                0x08002234                LED_On
 .text.LED_Off  0x080022b0       0x84 ./Core/Src/led_driver.o
                0x080022b0                LED_Off
 .text.LED_Toggle
                0x08002334       0x7c ./Core/Src/led_driver.o
                0x08002334                LED_Toggle
 .text.LED_Blink
                0x080023b0       0x90 ./Core/Src/led_driver.o
                0x080023b0                LED_Blink
 .text.LED_SetPattern
                0x08002440       0x28 ./Core/Src/led_driver.o
                0x08002440                LED_SetPattern
 .text.LED_Error
                0x08002468       0x6e ./Core/Src/led_driver.o
                0x08002468                LED_Error
 .text.LED_BootloaderIndicator
                0x080024d6      0x100 ./Core/Src/led_driver.o
                0x080024d6                LED_BootloaderIndicator
 .text.main     0x080025d6       0x14 ./Core/Src/main.o
                0x080025d6                main
 *fill*         0x080025ea        0x2 
 .text.SystemClock_Config
                0x080025ec       0x9c ./Core/Src/main.o
                0x080025ec                SystemClock_Config
 .text.Error_Handler
                0x08002688        0xc ./Core/Src/main.o
                0x08002688                Error_Handler
 .text.OTA_Init
                0x08002694       0x68 ./Core/Src/ota.o
                0x08002694                OTA_Init
 .text.OTA_StartTransfer
                0x080026fc      0x1d8 ./Core/Src/ota.o
                0x080026fc                OTA_StartTransfer
 .text.OTA_ReceiveChunk
                0x080028d4      0x114 ./Core/Src/ota.o
                0x080028d4                OTA_ReceiveChunk
 .text.OTA_EndTransfer
                0x080029e8      0x208 ./Core/Src/ota.o
                0x080029e8                OTA_EndTransfer
 .text.OTA_AbortTransfer
                0x08002bf0       0xac ./Core/Src/ota.o
                0x08002bf0                OTA_AbortTransfer
 .text.OTA_ProcessPacket
                0x08002c9c      0x100 ./Core/Src/ota.o
                0x08002c9c                OTA_ProcessPacket
 .text.OTA_ReceiveFromGSM
                0x08002d9c      0x268 ./Core/Src/ota.o
                0x08002d9c                OTA_ReceiveFromGSM
 .text.OTA_ReceiveFromCAN
                0x08003004      0x2fc ./Core/Src/ota.o
                0x08003004                OTA_ReceiveFromCAN
 .text.SPI2_Transfer
                0x08003300       0x44 ./Core/Src/spi_radio_driver.o
 .text.radio_cmd
                0x08003344       0x1e ./Core/Src/spi_radio_driver.o
 *fill*         0x08003362        0x2 
 .text.SPI_Radio_Init
                0x08003364      0x134 ./Core/Src/spi_radio_driver.o
                0x08003364                SPI_Radio_Init
 .text.SPI_Radio_WriteReg
                0x08003498       0x36 ./Core/Src/spi_radio_driver.o
                0x08003498                SPI_Radio_WriteReg
 .text.SPI_Radio_ReadReg
                0x080034ce       0x38 ./Core/Src/spi_radio_driver.o
                0x080034ce                SPI_Radio_ReadReg
 .text.SPI_Radio_SendPacket
                0x08003506       0x7c ./Core/Src/spi_radio_driver.o
                0x08003506                SPI_Radio_SendPacket
 .text.SPI_Radio_ReceivePacket
                0x08003582       0xb8 ./Core/Src/spi_radio_driver.o
                0x08003582                SPI_Radio_ReceivePacket
 *fill*         0x0800363a        0x2 
 .text.SPI_Radio_SetFrequency
                0x0800363c       0x4c ./Core/Src/spi_radio_driver.o
                0x0800363c                SPI_Radio_SetFrequency
 .text.SPI_Radio_CheckChannel
                0x08003688       0x28 ./Core/Src/spi_radio_driver.o
                0x08003688                SPI_Radio_CheckChannel
 .text.Stepper_Init
                0x080036b0       0xe8 ./Core/Src/stepper_driver.o
                0x080036b0                Stepper_Init
 .text.Stepper_Move
                0x08003798       0x84 ./Core/Src/stepper_driver.o
                0x08003798                Stepper_Move
 .text.Stepper_SetSpeed
                0x0800381c       0x14 ./Core/Src/stepper_driver.o
                0x0800381c                Stepper_SetSpeed
 .text.Stepper_Stop
                0x08003830       0x18 ./Core/Src/stepper_driver.o
                0x08003830                Stepper_Stop
 .text.Stepper_Enable
                0x08003848       0x3e ./Core/Src/stepper_driver.o
                0x08003848                Stepper_Enable
 *fill*         0x08003886        0x2 
 .text.Stepper_GetPosition
                0x08003888       0x14 ./Core/Src/stepper_driver.o
                0x08003888                Stepper_GetPosition
 .text.Stepper_SetPosition
                0x0800389c       0x1c ./Core/Src/stepper_driver.o
                0x0800389c                Stepper_SetPosition
 .text.HAL_MspInit
                0x080038b8       0x48 ./Core/Src/stm32c0xx_hal_msp.o
                0x080038b8                HAL_MspInit
 .text.NMI_Handler
                0x08003900        0x8 ./Core/Src/stm32c0xx_it.o
                0x08003900                NMI_Handler
 .text.HardFault_Handler
                0x08003908        0x8 ./Core/Src/stm32c0xx_it.o
                0x08003908                HardFault_Handler
 .text.SVC_Handler
                0x08003910        0xa ./Core/Src/stm32c0xx_it.o
                0x08003910                SVC_Handler
 .text.PendSV_Handler
                0x0800391a        0xa ./Core/Src/stm32c0xx_it.o
                0x0800391a                PendSV_Handler
 .text.SysTick_Handler
                0x08003924        0xe ./Core/Src/stm32c0xx_it.o
                0x08003924                SysTick_Handler
 *fill*         0x08003932        0x2 
 .text.SPI1_IRQHandler
                0x08003934       0x18 ./Core/Src/stm32c0xx_it.o
                0x08003934                SPI1_IRQHandler
 .text.FDCAN1_IT0_IRQHandler
                0x0800394c       0x18 ./Core/Src/stm32c0xx_it.o
                0x0800394c                FDCAN1_IT0_IRQHandler
 .text.FDCAN1_IT1_IRQHandler
                0x08003964       0x18 ./Core/Src/stm32c0xx_it.o
                0x08003964                FDCAN1_IT1_IRQHandler
 .text.SystemInit
                0x0800397c       0x18 ./Core/Src/system_stm32c0xx.o
                0x0800397c                SystemInit
 .text.SystemCoreClockUpdate
                0x08003994       0xd0 ./Core/Src/system_stm32c0xx.o
                0x08003994                SystemCoreClockUpdate
 .text.Reset_Handler
                0x08003a64       0x50 ./Core/Startup/startup_stm32c092kctx.o
                0x08003a64                Reset_Handler
 .text.Default_Handler
                0x08003ab4        0x2 ./Core/Startup/startup_stm32c092kctx.o
                0x08003ab4                TIM1_CC_IRQHandler
                0x08003ab4                I2C1_IRQHandler
                0x08003ab4                USART3_4_IRQHandler
                0x08003ab4                EXTI2_3_IRQHandler
                0x08003ab4                ADC1_IRQHandler
                0x08003ab4                I2C2_IRQHandler
                0x08003ab4                TIM17_IRQHandler
                0x08003ab4                RTC_IRQHandler
                0x08003ab4                TIM16_IRQHandler
                0x08003ab4                TIM3_IRQHandler
                0x08003ab4                EXTI4_15_IRQHandler
                0x08003ab4                RCC_IRQHandler
                0x08003ab4                DMA1_Channel1_IRQHandler
                0x08003ab4                Default_Handler
                0x08003ab4                TIM14_IRQHandler
                0x08003ab4                TIM15_IRQHandler
                0x08003ab4                EXTI0_1_IRQHandler
                0x08003ab4                SPI2_IRQHandler
                0x08003ab4                WWDG_IRQHandler
                0x08003ab4                TIM2_IRQHandler
                0x08003ab4                DMA1_Channel2_3_IRQHandler
                0x08003ab4                DMAMUX1_DMA1_CH4_5_IRQHandler
                0x08003ab4                USART2_IRQHandler
                0x08003ab4                FLASH_IRQHandler
                0x08003ab4                TIM1_BRK_UP_TRG_COM_IRQHandler
 .text.HAL_Init
                0x08003ab6       0x2e ./Drivers/STM32C0xx_HAL_Driver/Src/stm32c0xx_hal.o
                0x08003ab6                HAL_Init
 .text.HAL_InitTick
                0x08003ae4       0x94 ./Drivers/STM32C0xx_HAL_Driver/Src/stm32c0xx_hal.o
                0x08003ae4                HAL_InitTick
 .text.HAL_IncTick
                0x08003b78       0x24 ./Drivers/STM32C0xx_HAL_Driver/Src/stm32c0xx_hal.o
                0x08003b78                HAL_IncTick
 .text.HAL_GetTick
                0x08003b9c       0x14 ./Drivers/STM32C0xx_HAL_Driver/Src/stm32c0xx_hal.o
                0x08003b9c                HAL_GetTick
 .text.__NVIC_SetPriority
                0x08003bb0       0xdc ./Drivers/STM32C0xx_HAL_Driver/Src/stm32c0xx_hal_cortex.o
 .text.SysTick_Config
                0x08003c8c       0x48 ./Drivers/STM32C0xx_HAL_Driver/Src/stm32c0xx_hal_cortex.o
 .text.HAL_NVIC_SetPriority
                0x08003cd4       0x2a ./Drivers/STM32C0xx_HAL_Driver/Src/stm32c0xx_hal_cortex.o
                0x08003cd4                HAL_NVIC_SetPriority
 .text.HAL_SYSTICK_Config
                0x08003cfe       0x1a ./Drivers/STM32C0xx_HAL_Driver/Src/stm32c0xx_hal_cortex.o
                0x08003cfe                HAL_SYSTICK_Config
 .text.HAL_FDCAN_IRQHandler
                0x08003d18      0x28e ./Drivers/STM32C0xx_HAL_Driver/Src/stm32c0xx_hal_fdcan.o
                0x08003d18                HAL_FDCAN_IRQHandler
 .text.HAL_FDCAN_TxEventFifoCallback
                0x08003fa6       0x12 ./Drivers/STM32C0xx_HAL_Driver/Src/stm32c0xx_hal_fdcan.o
                0x08003fa6                HAL_FDCAN_TxEventFifoCallback
 .text.HAL_FDCAN_RxFifo0Callback
                0x08003fb8       0x12 ./Drivers/STM32C0xx_HAL_Driver/Src/stm32c0xx_hal_fdcan.o
                0x08003fb8                HAL_FDCAN_RxFifo0Callback
 .text.HAL_FDCAN_RxFifo1Callback
                0x08003fca       0x12 ./Drivers/STM32C0xx_HAL_Driver/Src/stm32c0xx_hal_fdcan.o
                0x08003fca                HAL_FDCAN_RxFifo1Callback
 .text.HAL_FDCAN_TxFifoEmptyCallback
                0x08003fdc       0x10 ./Drivers/STM32C0xx_HAL_Driver/Src/stm32c0xx_hal_fdcan.o
                0x08003fdc                HAL_FDCAN_TxFifoEmptyCallback
 .text.HAL_FDCAN_TxBufferCompleteCallback
                0x08003fec       0x12 ./Drivers/STM32C0xx_HAL_Driver/Src/stm32c0xx_hal_fdcan.o
                0x08003fec                HAL_FDCAN_TxBufferCompleteCallback
 .text.HAL_FDCAN_TxBufferAbortCallback
                0x08003ffe       0x12 ./Drivers/STM32C0xx_HAL_Driver/Src/stm32c0xx_hal_fdcan.o
                0x08003ffe                HAL_FDCAN_TxBufferAbortCallback
 .text.HAL_FDCAN_TimestampWraparoundCallback
                0x08004010       0x10 ./Drivers/STM32C0xx_HAL_Driver/Src/stm32c0xx_hal_fdcan.o
                0x08004010                HAL_FDCAN_TimestampWraparoundCallback
 .text.HAL_FDCAN_TimeoutOccurredCallback
                0x08004020       0x10 ./Drivers/STM32C0xx_HAL_Driver/Src/stm32c0xx_hal_fdcan.o
                0x08004020                HAL_FDCAN_TimeoutOccurredCallback
 .text.HAL_FDCAN_HighPriorityMessageCallback
                0x08004030       0x10 ./Drivers/STM32C0xx_HAL_Driver/Src/stm32c0xx_hal_fdcan.o
                0x08004030                HAL_FDCAN_HighPriorityMessageCallback
 .text.HAL_FDCAN_ErrorCallback
                0x08004040       0x10 ./Drivers/STM32C0xx_HAL_Driver/Src/stm32c0xx_hal_fdcan.o
                0x08004040                HAL_FDCAN_ErrorCallback
 .text.HAL_FDCAN_ErrorStatusCallback
                0x08004050       0x12 ./Drivers/STM32C0xx_HAL_Driver/Src/stm32c0xx_hal_fdcan.o
                0x08004050                HAL_FDCAN_ErrorStatusCallback
 *fill*         0x08004062        0x2 
 .text.HAL_FLASH_Program
                0x08004064       0x9c ./Drivers/STM32C0xx_HAL_Driver/Src/stm32c0xx_hal_flash.o
                0x08004064                HAL_FLASH_Program
 .text.HAL_FLASH_Unlock
                0x08004100       0x48 ./Drivers/STM32C0xx_HAL_Driver/Src/stm32c0xx_hal_flash.o
                0x08004100                HAL_FLASH_Unlock
 .text.HAL_FLASH_Lock
                0x08004148       0x38 ./Drivers/STM32C0xx_HAL_Driver/Src/stm32c0xx_hal_flash.o
                0x08004148                HAL_FLASH_Lock
 .text.FLASH_WaitForLastOperation
                0x08004180       0xb4 ./Drivers/STM32C0xx_HAL_Driver/Src/stm32c0xx_hal_flash.o
                0x08004180                FLASH_WaitForLastOperation
 .text.FLASH_Program_DoubleWord
                0x08004234       0x40 ./Drivers/STM32C0xx_HAL_Driver/Src/stm32c0xx_hal_flash.o
 .text.HAL_FLASHEx_Erase
                0x08004274       0xd4 ./Drivers/STM32C0xx_HAL_Driver/Src/stm32c0xx_hal_flash_ex.o
                0x08004274                HAL_FLASHEx_Erase
 .text.FLASH_MassErase
                0x08004348       0x20 ./Drivers/STM32C0xx_HAL_Driver/Src/stm32c0xx_hal_flash_ex.o
 .text.FLASH_PageErase
                0x08004368       0x38 ./Drivers/STM32C0xx_HAL_Driver/Src/stm32c0xx_hal_flash_ex.o
                0x08004368                FLASH_PageErase
 .text.HAL_GPIO_WritePin
                0x080043a0       0x3a ./Drivers/STM32C0xx_HAL_Driver/Src/stm32c0xx_hal_gpio.o
                0x080043a0                HAL_GPIO_WritePin
 .text.HAL_I2S_IRQHandler
                0x080043da       0xd6 ./Drivers/STM32C0xx_HAL_Driver/Src/stm32c0xx_hal_i2s.o
                0x080043da                HAL_I2S_IRQHandler
 .text.HAL_I2S_TxCpltCallback
                0x080044b0       0x10 ./Drivers/STM32C0xx_HAL_Driver/Src/stm32c0xx_hal_i2s.o
                0x080044b0                HAL_I2S_TxCpltCallback
 .text.HAL_I2S_RxCpltCallback
                0x080044c0       0x10 ./Drivers/STM32C0xx_HAL_Driver/Src/stm32c0xx_hal_i2s.o
                0x080044c0                HAL_I2S_RxCpltCallback
 .text.HAL_I2S_ErrorCallback
                0x080044d0       0x10 ./Drivers/STM32C0xx_HAL_Driver/Src/stm32c0xx_hal_i2s.o
                0x080044d0                HAL_I2S_ErrorCallback
 .text.I2S_Transmit_IT
                0x080044e0       0x5e ./Drivers/STM32C0xx_HAL_Driver/Src/stm32c0xx_hal_i2s.o
 .text.I2S_Receive_IT
                0x0800453e       0x60 ./Drivers/STM32C0xx_HAL_Driver/Src/stm32c0xx_hal_i2s.o
 *fill*         0x0800459e        0x2 
 .text.HAL_RCC_OscConfig
                0x080045a0      0x3c8 ./Drivers/STM32C0xx_HAL_Driver/Src/stm32c0xx_hal_rcc.o
                0x080045a0                HAL_RCC_OscConfig
 .text.HAL_RCC_ClockConfig
                0x08004968      0x214 ./Drivers/STM32C0xx_HAL_Driver/Src/stm32c0xx_hal_rcc.o
                0x08004968                HAL_RCC_ClockConfig
 .text.HAL_RCC_GetSysClockFreq
                0x08004b7c       0xa0 ./Drivers/STM32C0xx_HAL_Driver/Src/stm32c0xx_hal_rcc.o
                0x08004b7c                HAL_RCC_GetSysClockFreq
 .text.memset   0x08004c1c       0x10 C:/ST/STM32CubeIDE_2.1.1/STM32CubeIDE/plugins/com.st.stm32cube.ide.mcu.externaltools.gnu-tools-for-stm32.14.3.rel1.win32_1.0.100.202602081740/tools/bin/../lib/gcc/arm-none-eabi/14.3.1/../../../../arm-none-eabi/lib/thumb/v6-m/nofp\libc_nano.a(libc_a-memset.o)
                0x08004c1c                memset
 .text.__libc_init_array
                0x08004c2c       0x48 C:/ST/STM32CubeIDE_2.1.1/STM32CubeIDE/plugins/com.st.stm32cube.ide.mcu.externaltools.gnu-tools-for-stm32.14.3.rel1.win32_1.0.100.202602081740/tools/bin/../lib/gcc/arm-none-eabi/14.3.1/../../../../arm-none-eabi/lib/thumb/v6-m/nofp\libc_nano.a(libc_a-init.o)
                0x08004c2c                __libc_init_array
 .text.memcpy   0x08004c74       0x12 C:/ST/STM32CubeIDE_2.1.1/STM32CubeIDE/plugins/com.st.stm32cube.ide.mcu.externaltools.gnu-tools-for-stm32.14.3.rel1.win32_1.0.100.202602081740/tools/bin/../lib/gcc/arm-none-eabi/14.3.1/../../../../arm-none-eabi/lib/thumb/v6-m/nofp\libc_nano.a(libc_a-memcpy-stub.o)
                0x08004c74                memcpy
 *(.glue_7)
 .glue_7        0x08004c86        0x0 linker stubs
 *(.glue_7t)
 .glue_7t       0x08004c86        0x0 linker stubs
 *(.eh_frame)
 *fill*         0x08004c86        0x2 
 .eh_frame      0x08004c88        0x0 C:/ST/STM32CubeIDE_2.1.1/STM32CubeIDE/plugins/com.st.stm32cube.ide.mcu.externaltools.gnu-tools-for-stm32.14.3.rel1.win32_1.0.100.202602081740/tools/bin/../lib/gcc/arm-none-eabi/14.3.1/thumb/v6-m/nofp/crtbegin.o
 *(.init)
 .init          0x08004c88        0x4 C:/ST/STM32CubeIDE_2.1.1/STM32CubeIDE/plugins/com.st.stm32cube.ide.mcu.externaltools.gnu-tools-for-stm32.14.3.rel1.win32_1.0.100.202602081740/tools/bin/../lib/gcc/arm-none-eabi/14.3.1/thumb/v6-m/nofp/crti.o
                0x08004c88                _init
 .init          0x08004c8c        0x8 C:/ST/STM32CubeIDE_2.1.1/STM32CubeIDE/plugins/com.st.stm32cube.ide.mcu.externaltools.gnu-tools-for-stm32.14.3.rel1.win32_1.0.100.202602081740/tools/bin/../lib/gcc/arm-none-eabi/14.3.1/thumb/v6-m/nofp/crtn.o
 *(.fini)
 .fini          0x08004c94        0x4 C:/ST/STM32CubeIDE_2.1.1/STM32CubeIDE/plugins/com.st.stm32cube.ide.mcu.externaltools.gnu-tools-for-stm32.14.3.rel1.win32_1.0.100.202602081740/tools/bin/../lib/gcc/arm-none-eabi/14.3.1/thumb/v6-m/nofp/crti.o
                0x08004c94                _fini
 .fini          0x08004c98        0x8 C:/ST/STM32CubeIDE_2.1.1/STM32CubeIDE/plugins/com.st.stm32cube.ide.mcu.externaltools.gnu-tools-for-stm32.14.3.rel1.win32_1.0.100.202602081740/tools/bin/../lib/gcc/arm-none-eabi/14.3.1/thumb/v6-m/nofp/crtn.o
 .fini.__stub   0x08004ca0       0x10 linker stubs
                0x08004cb0                        . = ALIGN (0x4)
                0x08004cb0                        _etext = .

.vfp11_veneer   0x08004cb0        0x0
 .vfp11_veneer  0x08004cb0        0x0 linker stubs

.v4_bx          0x08004cb0        0x0
 .v4_bx         0x08004cb0        0x0 linker stubs

.iplt           0x08004cb0        0x0
 .iplt          0x08004cb0        0x0 C:/ST/STM32CubeIDE_2.1.1/STM32CubeIDE/plugins/com.st.stm32cube.ide.mcu.externaltools.gnu-tools-for-stm32.14.3.rel1.win32_1.0.100.202602081740/tools/bin/../lib/gcc/arm-none-eabi/14.3.1/thumb/v6-m/nofp/crtbegin.o

.rodata         0x08004cb0      0x4d4
                0x08004cb0                        . = ALIGN (0x4)
 *(.rodata)
 .rodata        0x08004cb0       0x17 ./Core/Src/gsm_driver.o
 *fill*         0x08004cc7        0x1 
 .rodata        0x08004cc8       0x7c ./Core/Src/ota.o
 *(.rodata*)
 .rodata.crc32_table
                0x08004d44      0x400 ./Core/Src/blink_driver.o
 .rodata.AHBPrescTable
                0x08005144       0x40 ./Core/Src/system_stm32c0xx.o
                0x08005144                AHBPrescTable
                0x08005184                        . = ALIGN (0x4)

.ARM.extab      0x08005184        0x0
                0x08005184                        . = ALIGN (0x4)
 *(.ARM.extab* .gnu.linkonce.armextab.*)
                0x08005184                        . = ALIGN (0x4)

.ARM            0x08005184        0x0
                0x08005184                        . = ALIGN (0x4)
                0x08005184                        __exidx_start = .
 *(.ARM.exidx*)
                0x08005184                        __exidx_end = .
                0x08005184                        . = ALIGN (0x4)

.preinit_array  0x08005184        0x0
                0x08005184                        . = ALIGN (0x4)
                0x08005184                        PROVIDE (__preinit_array_start = .)
 *(.preinit_array*)
                0x08005184                        PROVIDE (__preinit_array_end = .)
                0x08005184                        . = ALIGN (0x4)

.init_array     0x08005184        0x4
                0x08005184                        . = ALIGN (0x4)
                0x08005184                        PROVIDE (__init_array_start = .)
 *(SORT_BY_NAME(.init_array.*))
 *(.init_array*)
 .init_array    0x08005184        0x4 C:/ST/STM32CubeIDE_2.1.1/STM32CubeIDE/plugins/com.st.stm32cube.ide.mcu.externaltools.gnu-tools-for-stm32.14.3.rel1.win32_1.0.100.202602081740/tools/bin/../lib/gcc/arm-none-eabi/14.3.1/thumb/v6-m/nofp/crtbegin.o
                0x08005188                        PROVIDE (__init_array_end = .)
                0x08005188                        . = ALIGN (0x4)

.fini_array     0x08005188        0x4
                0x08005188                        . = ALIGN (0x4)
                [!provide]                        PROVIDE (__fini_array_start = .)
 *(SORT_BY_NAME(.fini_array.*))
 *(.fini_array*)
 .fini_array    0x08005188        0x4 C:/ST/STM32CubeIDE_2.1.1/STM32CubeIDE/plugins/com.st.stm32cube.ide.mcu.externaltools.gnu-tools-for-stm32.14.3.rel1.win32_1.0.100.202602081740/tools/bin/../lib/gcc/arm-none-eabi/14.3.1/thumb/v6-m/nofp/crtbegin.o
                [!provide]                        PROVIDE (__fini_array_end = .)
                0x0800518c                        . = ALIGN (0x4)

.api_table      0x0800db00       0xec
 *(.api_table)
 .api_table     0x0800db00       0xec ./Core/Src/bootloader.o
                0x0800db00                g_hw_api
                0x0800518c                        _sidata = LOADADDR (.data)

.rel.dyn        0x0800dbec        0x0
 .rel.iplt      0x0800dbec        0x0 C:/ST/STM32CubeIDE_2.1.1/STM32CubeIDE/plugins/com.st.stm32cube.ide.mcu.externaltools.gnu-tools-for-stm32.14.3.rel1.win32_1.0.100.202602081740/tools/bin/../lib/gcc/arm-none-eabi/14.3.1/thumb/v6-m/nofp/crtbegin.o

.data           0x20000100       0x94 load address 0x0800518c
                0x20000100                        . = ALIGN (0x4)
                0x20000100                        _sdata = .
 *(.data)
 *(.data*)
 .data.SystemCoreClock
                0x20000100        0x4 ./Core/Src/system_stm32c0xx.o
                0x20000100                SystemCoreClock
 .data.uwTickPrio
                0x20000104        0x4 ./Drivers/STM32C0xx_HAL_Driver/Src/stm32c0xx_hal.o
                0x20000104                uwTickPrio
 .data.uwTickFreq
                0x20000108        0x1 ./Drivers/STM32C0xx_HAL_Driver/Src/stm32c0xx_hal.o
                0x20000108                uwTickFreq
 *(.RamFunc)
 *fill*         0x20000109        0x3 
 .RamFunc       0x2000010c       0x88 ./Drivers/STM32C0xx_HAL_Driver/Src/stm32c0xx_hal_flash.o
 *(.RamFunc*)
                0x20000194                        . = ALIGN (0x4)
                0x20000194                        _edata = .

.igot.plt       0x20000194        0x0 load address 0x08005220
 .igot.plt      0x20000194        0x0 C:/ST/STM32CubeIDE_2.1.1/STM32CubeIDE/plugins/com.st.stm32cube.ide.mcu.externaltools.gnu-tools-for-stm32.14.3.rel1.win32_1.0.100.202602081740/tools/bin/../lib/gcc/arm-none-eabi/14.3.1/thumb/v6-m/nofp/crtbegin.o
                0x20000194                        . = ALIGN (0x4)

.bss            0x20000194      0x924 load address 0x08005220
                0x20000194                        _sbss = .
                0x20000194                        __bss_start__ = _sbss
 *(.bss)
 .bss           0x20000194       0x1c C:/ST/STM32CubeIDE_2.1.1/STM32CubeIDE/plugins/com.st.stm32cube.ide.mcu.externaltools.gnu-tools-for-stm32.14.3.rel1.win32_1.0.100.202602081740/tools/bin/../lib/gcc/arm-none-eabi/14.3.1/thumb/v6-m/nofp/crtbegin.o
 *(.bss*)
 .bss.g_tick    0x200001b0        0x4 ./Core/Src/blink_driver.o
 .bss.g_gsm_rx  0x200001b4      0x404 ./Core/Src/gsm_driver.o
 .bss.g_led     0x200005b8       0x1e ./Core/Src/led_driver.o
 *fill*         0x200005d6        0x2 
 .bss.hfdcan1   0x200005d8       0x64 ./Core/Src/main.o
                0x200005d8                hfdcan1
 .bss.hi2s1     0x2000063c       0x3c ./Core/Src/main.o
                0x2000063c                hi2s1
 .bss.g_ota_state
                0x20000678        0x1 ./Core/Src/ota.o
 *fill*         0x20000679        0x3 
 .bss.g_ota_received
                0x2000067c        0x4 ./Core/Src/ota.o
 .bss.g_ota_total
                0x20000680        0x4 ./Core/Src/ota.o
 .bss.g_ota_crc32
                0x20000684        0x4 ./Core/Src/ota.o
 .bss.g_ota_version
                0x20000688        0x4 ./Core/Src/ota.o
 .bss.g_ota_source
                0x2000068c        0x1 ./Core/Src/ota.o
 .bss.g_ota_seq
                0x2000068d        0x1 ./Core/Src/ota.o
 *fill*         0x2000068e        0x2 
 .bss.g_ota_buf
                0x20000690      0x400 ./Core/Src/ota.o
 .bss.g_ota_buf_offset
                0x20000a90        0x4 ./Core/Src/ota.o
 .bss.g_position
                0x20000a94        0x4 ./Core/Src/stepper_driver.o
 .bss.g_current_pulse
                0x20000a98        0x2 ./Core/Src/stepper_driver.o
 .bss.g_target_steps
                0x20000a9a        0x2 ./Core/Src/stepper_driver.o
 .bss.uwTick    0x20000a9c        0x4 ./Drivers/STM32C0xx_HAL_Driver/Src/stm32c0xx_hal.o
                0x20000a9c                uwTick
 .bss.pFlash    0x20000aa0       0x18 ./Drivers/STM32C0xx_HAL_Driver/Src/stm32c0xx_hal_flash.o
                0x20000aa0                pFlash
 *(COMMON)
                0x20000ab8                        . = ALIGN (0x4)
                0x20000ab8                        _ebss = .
                0x20000ab8                        __bss_end__ = _ebss

._user_heap_stack
                0x20000ab8      0x600 load address 0x08005220
                0x20000ab8                        . = ALIGN (0x8)
                [!provide]                        PROVIDE (end = .)
                0x20000ab8                        PROVIDE (_end = .)
                0x20000cb8                        . = (. + _Min_Heap_Size)
 *fill*         0x20000ab8      0x200 
                0x200010b8                        . = (. + _Min_Stack_Size)
 *fill*         0x20000cb8      0x400 
                0x200010b8                        . = ALIGN (0x8)

/DISCARD/
 libc.a(*)
 libm.a(*)
 libgcc.a(*)

.ARM.attributes
                0x00000000       0x28
 *(.ARM.attributes)
 .ARM.attributes
                0x00000000       0x1e C:/ST/STM32CubeIDE_2.1.1/STM32CubeIDE/plugins/com.st.stm32cube.ide.mcu.externaltools.gnu-tools-for-stm32.14.3.rel1.win32_1.0.100.202602081740/tools/bin/../lib/gcc/arm-none-eabi/14.3.1/thumb/v6-m/nofp/crti.o
 .ARM.attributes
                0x0000001e       0x2c C:/ST/STM32CubeIDE_2.1.1/STM32CubeIDE/plugins/com.st.stm32cube.ide.mcu.externaltools.gnu-tools-for-stm32.14.3.rel1.win32_1.0.100.202602081740/tools/bin/../lib/gcc/arm-none-eabi/14.3.1/thumb/v6-m/nofp/crtbegin.o
 .ARM.attributes
                0x0000004a       0x2c ./Core/Src/blink_driver.o
 .ARM.attributes
                0x00000076       0x2c ./Core/Src/bootloader.o
 .ARM.attributes
                0x000000a2       0x2c ./Core/Src/can_driver.o
 .ARM.attributes
                0x000000ce       0x2c ./Core/Src/gsm_driver.o
 .ARM.attributes
                0x000000fa       0x2c ./Core/Src/i2c_driver.o
 .ARM.attributes
                0x00000126       0x2c ./Core/Src/i2s_audio_driver.o
 .ARM.attributes
                0x00000152       0x2c ./Core/Src/led_driver.o
 .ARM.attributes
                0x0000017e       0x2c ./Core/Src/main.o
 .ARM.attributes
                0x000001aa       0x2c ./Core/Src/ota.o
 .ARM.attributes
                0x000001d6       0x2c ./Core/Src/spi_radio_driver.o
 .ARM.attributes
                0x00000202       0x2c ./Core/Src/stepper_driver.o
 .ARM.attributes
                0x0000022e       0x2c ./Core/Src/stm32c0xx_hal_msp.o
 .ARM.attributes
                0x0000025a       0x2c ./Core/Src/stm32c0xx_it.o
 .ARM.attributes
                0x00000286       0x2c ./Core/Src/system_stm32c0xx.o
 .ARM.attributes
                0x000002b2       0x22 ./Core/Startup/startup_stm32c092kctx.o
 .ARM.attributes
                0x000002d4       0x2c ./Drivers/STM32C0xx_HAL_Driver/Src/stm32c0xx_hal.o
 .ARM.attributes
                0x00000300       0x2c ./Drivers/STM32C0xx_HAL_Driver/Src/stm32c0xx_hal_cortex.o
 .ARM.attributes
                0x0000032c       0x2c ./Drivers/STM32C0xx_HAL_Driver/Src/stm32c0xx_hal_fdcan.o
 .ARM.attributes
                0x00000358       0x2c ./Drivers/STM32C0xx_HAL_Driver/Src/stm32c0xx_hal_flash.o
 .ARM.attributes
                0x00000384       0x2c ./Drivers/STM32C0xx_HAL_Driver/Src/stm32c0xx_hal_flash_ex.o
 .ARM.attributes
                0x000003b0       0x2c ./Drivers/STM32C0xx_HAL_Driver/Src/stm32c0xx_hal_gpio.o
 .ARM.attributes
                0x000003dc       0x2c ./Drivers/STM32C0xx_HAL_Driver/Src/stm32c0xx_hal_i2s.o
 .ARM.attributes
                0x00000408       0x2c ./Drivers/STM32C0xx_HAL_Driver/Src/stm32c0xx_hal_rcc.o
 .ARM.attributes
                0x00000434       0x2c C:/ST/STM32CubeIDE_2.1.1/STM32CubeIDE/plugins/com.st.stm32cube.ide.mcu.externaltools.gnu-tools-for-stm32.14.3.rel1.win32_1.0.100.202602081740/tools/bin/../lib/gcc/arm-none-eabi/14.3.1/../../../../arm-none-eabi/lib/thumb/v6-m/nofp\libc_nano.a(libc_a-memset.o)
 .ARM.attributes
                0x00000460       0x2c C:/ST/STM32CubeIDE_2.1.1/STM32CubeIDE/plugins/com.st.stm32cube.ide.mcu.externaltools.gnu-tools-for-stm32.14.3.rel1.win32_1.0.100.202602081740/tools/bin/../lib/gcc/arm-none-eabi/14.3.1/../../../../arm-none-eabi/lib/thumb/v6-m/nofp\libc_nano.a(libc_a-init.o)
 .ARM.attributes
                0x0000048c       0x2c C:/ST/STM32CubeIDE_2.1.1/STM32CubeIDE/plugins/com.st.stm32cube.ide.mcu.externaltools.gnu-tools-for-stm32.14.3.rel1.win32_1.0.100.202602081740/tools/bin/../lib/gcc/arm-none-eabi/14.3.1/../../../../arm-none-eabi/lib/thumb/v6-m/nofp\libc_nano.a(libc_a-memcpy-stub.o)
 .ARM.attributes
                0x000004b8       0x1e C:/ST/STM32CubeIDE_2.1.1/STM32CubeIDE/plugins/com.st.stm32cube.ide.mcu.externaltools.gnu-tools-for-stm32.14.3.rel1.win32_1.0.100.202602081740/tools/bin/../lib/gcc/arm-none-eabi/14.3.1/thumb/v6-m/nofp\libgcc.a(_udivsi3.o)
 .ARM.attributes
                0x000004d6       0x1e C:/ST/STM32CubeIDE_2.1.1/STM32CubeIDE/plugins/com.st.stm32cube.ide.mcu.externaltools.gnu-tools-for-stm32.14.3.rel1.win32_1.0.100.202602081740/tools/bin/../lib/gcc/arm-none-eabi/14.3.1/thumb/v6-m/nofp\libgcc.a(_dvmd_tls.o)
 .ARM.attributes
                0x000004f4       0x1e C:/ST/STM32CubeIDE_2.1.1/STM32CubeIDE/plugins/com.st.stm32cube.ide.mcu.externaltools.gnu-tools-for-stm32.14.3.rel1.win32_1.0.100.202602081740/tools/bin/../lib/gcc/arm-none-eabi/14.3.1/thumb/v6-m/nofp/crtn.o
OUTPUT(eo.elf elf32-littlearm)
LOAD linker stubs
LOAD C:/ST/STM32CubeIDE_2.1.1/STM32CubeIDE/plugins/com.st.stm32cube.ide.mcu.externaltools.gnu-tools-for-stm32.14.3.rel1.win32_1.0.100.202602081740/tools/bin/../lib/gcc/arm-none-eabi/14.3.1/../../../../arm-none-eabi/lib/thumb/v6-m/nofp\libc.a
LOAD C:/ST/STM32CubeIDE_2.1.1/STM32CubeIDE/plugins/com.st.stm32cube.ide.mcu.externaltools.gnu-tools-for-stm32.14.3.rel1.win32_1.0.100.202602081740/tools/bin/../lib/gcc/arm-none-eabi/14.3.1/../../../../arm-none-eabi/lib/thumb/v6-m/nofp\libm.a
LOAD C:/ST/STM32CubeIDE_2.1.1/STM32CubeIDE/plugins/com.st.stm32cube.ide.mcu.externaltools.gnu-tools-for-stm32.14.3.rel1.win32_1.0.100.202602081740/tools/bin/../lib/gcc/arm-none-eabi/14.3.1/thumb/v6-m/nofp\libgcc.a

.debug_info     0x00000000     0xf4d2
 .debug_info    0x00000000      0xb51 ./Core/Src/blink_driver.o
 .debug_info    0x00000b51     0x1034 ./Core/Src/bootloader.o
 .debug_info    0x00001b85      0xa1a ./Core/Src/can_driver.o
 .debug_info    0x0000259f      0xa68 ./Core/Src/gsm_driver.o
 .debug_info    0x00003007      0x61a ./Core/Src/i2c_driver.o
 .debug_info    0x00003621      0x419 ./Core/Src/i2s_audio_driver.o
 .debug_info    0x00003a3a      0x4c0 ./Core/Src/led_driver.o
 .debug_info    0x00003efa     0x212b ./Core/Src/main.o
 .debug_info    0x00006025      0x84c ./Core/Src/ota.o
 .debug_info    0x00006871      0x560 ./Core/Src/spi_radio_driver.o
 .debug_info    0x00006dd1      0x539 ./Core/Src/stepper_driver.o
 .debug_info    0x0000730a     0x1f1a ./Core/Src/stm32c0xx_hal_msp.o
 .debug_info    0x00009224      0xaf8 ./Core/Src/stm32c0xx_it.o
 .debug_info    0x00009d1c      0x373 ./Core/Src/system_stm32c0xx.o
 .debug_info    0x0000a08f       0x30 ./Core/Startup/startup_stm32c092kctx.o
 .debug_info    0x0000a0bf      0x85c ./Drivers/STM32C0xx_HAL_Driver/Src/stm32c0xx_hal.o
 .debug_info    0x0000a91b      0x8a5 ./Drivers/STM32C0xx_HAL_Driver/Src/stm32c0xx_hal_cortex.o
 .debug_info    0x0000b1c0     0x185e ./Drivers/STM32C0xx_HAL_Driver/Src/stm32c0xx_hal_fdcan.o
 .debug_info    0x0000ca1e      0x61f ./Drivers/STM32C0xx_HAL_Driver/Src/stm32c0xx_hal_flash.o
 .debug_info    0x0000d03d      0x84f ./Drivers/STM32C0xx_HAL_Driver/Src/stm32c0xx_hal_flash_ex.o
 .debug_info    0x0000d88c      0x59f ./Drivers/STM32C0xx_HAL_Driver/Src/stm32c0xx_hal_gpio.o
 .debug_info    0x0000de2b      0xd90 ./Drivers/STM32C0xx_HAL_Driver/Src/stm32c0xx_hal_i2s.o
 .debug_info    0x0000ebbb      0x917 ./Drivers/STM32C0xx_HAL_Driver/Src/stm32c0xx_hal_rcc.o

.debug_abbrev   0x00000000     0x312c
 .debug_abbrev  0x00000000      0x3f4 ./Core/Src/blink_driver.o
 .debug_abbrev  0x000003f4      0x30f ./Core/Src/bootloader.o
 .debug_abbrev  0x00000703      0x28b ./Core/Src/can_driver.o
 .debug_abbrev  0x0000098e      0x2fa ./Core/Src/gsm_driver.o
 .debug_abbrev  0x00000c88      0x176 ./Core/Src/i2c_driver.o
 .debug_abbrev  0x00000dfe      0x123 ./Core/Src/i2s_audio_driver.o
 .debug_abbrev  0x00000f21      0x176 ./Core/Src/led_driver.o
 .debug_abbrev  0x00001097      0x2d4 ./Core/Src/main.o
 .debug_abbrev  0x0000136b      0x225 ./Core/Src/ota.o
 .debug_abbrev  0x00001590      0x1b8 ./Core/Src/spi_radio_driver.o
 .debug_abbrev  0x00001748      0x125 ./Core/Src/stepper_driver.o
 .debug_abbrev  0x0000186d      0x26f ./Core/Src/stm32c0xx_hal_msp.o
 .debug_abbrev  0x00001adc      0x18d ./Core/Src/stm32c0xx_it.o
 .debug_abbrev  0x00001c69      0x119 ./Core/Src/system_stm32c0xx.o
 .debug_abbrev  0x00001d82       0x24 ./Core/Startup/startup_stm32c092kctx.o
 .debug_abbrev  0x00001da6      0x2cb ./Drivers/STM32C0xx_HAL_Driver/Src/stm32c0xx_hal.o
 .debug_abbrev  0x00002071      0x2b7 ./Drivers/STM32C0xx_HAL_Driver/Src/stm32c0xx_hal_cortex.o
 .debug_abbrev  0x00002328      0x1ea ./Drivers/STM32C0xx_HAL_Driver/Src/stm32c0xx_hal_fdcan.o
 .debug_abbrev  0x00002512      0x2f3 ./Drivers/STM32C0xx_HAL_Driver/Src/stm32c0xx_hal_flash.o
 .debug_abbrev  0x00002805      0x271 ./Drivers/STM32C0xx_HAL_Driver/Src/stm32c0xx_hal_flash_ex.o
 .debug_abbrev  0x00002a76      0x1db ./Drivers/STM32C0xx_HAL_Driver/Src/stm32c0xx_hal_gpio.o
 .debug_abbrev  0x00002c51      0x24f ./Drivers/STM32C0xx_HAL_Driver/Src/stm32c0xx_hal_i2s.o
 .debug_abbrev  0x00002ea0      0x28c ./Drivers/STM32C0xx_HAL_Driver/Src/stm32c0xx_hal_rcc.o

.debug_aranges  0x00000000      0xd30
 .debug_aranges
                0x00000000       0xb8 ./Core/Src/blink_driver.o
 .debug_aranges
                0x000000b8       0x50 ./Core/Src/bootloader.o
 .debug_aranges
                0x00000108       0x60 ./Core/Src/can_driver.o
 .debug_aranges
                0x00000168       0x90 ./Core/Src/gsm_driver.o
 .debug_aranges
                0x000001f8       0x50 ./Core/Src/i2c_driver.o
 .debug_aranges
                0x00000248       0x58 ./Core/Src/i2s_audio_driver.o
 .debug_aranges
                0x000002a0       0x60 ./Core/Src/led_driver.o
 .debug_aranges
                0x00000300       0x68 ./Core/Src/main.o
 .debug_aranges
                0x00000368       0x78 ./Core/Src/ota.o
 .debug_aranges
                0x000003e0       0x78 ./Core/Src/spi_radio_driver.o
 .debug_aranges
                0x00000458       0x58 ./Core/Src/stepper_driver.o
 .debug_aranges
                0x000004b0       0x88 ./Core/Src/stm32c0xx_hal_msp.o
 .debug_aranges
                0x00000538       0x58 ./Core/Src/stm32c0xx_it.o
 .debug_aranges
                0x00000590       0x28 ./Core/Src/system_stm32c0xx.o
 .debug_aranges
                0x000005b8       0x28 ./Core/Startup/startup_stm32c092kctx.o
 .debug_aranges
                0x000005e0      0x100 ./Drivers/STM32C0xx_HAL_Driver/Src/stm32c0xx_hal.o
 .debug_aranges
                0x000006e0       0xe8 ./Drivers/STM32C0xx_HAL_Driver/Src/stm32c0xx_hal_cortex.o
 .debug_aranges
                0x000007c8      0x208 ./Drivers/STM32C0xx_HAL_Driver/Src/stm32c0xx_hal_fdcan.o
 .debug_aranges
                0x000009d0       0x88 ./Drivers/STM32C0xx_HAL_Driver/Src/stm32c0xx_hal_flash.o
 .debug_aranges
                0x00000a58       0xd0 ./Drivers/STM32C0xx_HAL_Driver/Src/stm32c0xx_hal_flash_ex.o
 .debug_aranges
                0x00000b28       0x68 ./Drivers/STM32C0xx_HAL_Driver/Src/stm32c0xx_hal_gpio.o
 .debug_aranges
                0x00000b90      0x100 ./Drivers/STM32C0xx_HAL_Driver/Src/stm32c0xx_hal_i2s.o
 .debug_aranges
                0x00000c90       0xa0 ./Drivers/STM32C0xx_HAL_Driver/Src/stm32c0xx_hal_rcc.o

.debug_rnglists
                0x00000000      0x9cd
 .debug_rnglists
                0x00000000       0x89 ./Core/Src/blink_driver.o
 .debug_rnglists
                0x00000089       0x3b ./Core/Src/bootloader.o
 .debug_rnglists
                0x000000c4       0x47 ./Core/Src/can_driver.o
 .debug_rnglists
                0x0000010b       0x6c ./Core/Src/gsm_driver.o
 .debug_rnglists
                0x00000177       0x3d ./Core/Src/i2c_driver.o
 .debug_rnglists
                0x000001b4       0x3e ./Core/Src/i2s_audio_driver.o
 .debug_rnglists
                0x000001f2       0x48 ./Core/Src/led_driver.o
 .debug_rnglists
                0x0000023a       0x4f ./Core/Src/main.o
 .debug_rnglists
                0x00000289       0x5c ./Core/Src/ota.o
 .debug_rnglists
                0x000002e5       0x57 ./Core/Src/spi_radio_driver.o
 .debug_rnglists
                0x0000033c       0x3f ./Core/Src/stepper_driver.o
 .debug_rnglists
                0x0000037b       0x66 ./Core/Src/stm32c0xx_hal_msp.o
 .debug_rnglists
                0x000003e1       0x3d ./Core/Src/stm32c0xx_it.o
 .debug_rnglists
                0x0000041e       0x1a ./Core/Src/system_stm32c0xx.o
 .debug_rnglists
                0x00000438       0x19 ./Core/Startup/startup_stm32c092kctx.o
 .debug_rnglists
                0x00000451       0xbc ./Drivers/STM32C0xx_HAL_Driver/Src/stm32c0xx_hal.o
 .debug_rnglists
                0x0000050d       0xaa ./Drivers/STM32C0xx_HAL_Driver/Src/stm32c0xx_hal_cortex.o
 .debug_rnglists
                0x000005b7      0x18d ./Drivers/STM32C0xx_HAL_Driver/Src/stm32c0xx_hal_fdcan.o
 .debug_rnglists
                0x00000744       0x66 ./Drivers/STM32C0xx_HAL_Driver/Src/stm32c0xx_hal_flash.o
 .debug_rnglists
                0x000007aa       0x9b ./Drivers/STM32C0xx_HAL_Driver/Src/stm32c0xx_hal_flash_ex.o
 .debug_rnglists
                0x00000845       0x4b ./Drivers/STM32C0xx_HAL_Driver/Src/stm32c0xx_hal_gpio.o
 .debug_rnglists
                0x00000890       0xc5 ./Drivers/STM32C0xx_HAL_Driver/Src/stm32c0xx_hal_i2s.o
 .debug_rnglists
                0x00000955       0x78 ./Drivers/STM32C0xx_HAL_Driver/Src/stm32c0xx_hal_rcc.o

.debug_macro    0x00000000    0x1867f
 .debug_macro   0x00000000      0x2fd ./Core/Src/blink_driver.o
 .debug_macro   0x000002fd      0xaae ./Core/Src/blink_driver.o
 .debug_macro   0x00000dab       0x22 ./Core/Src/blink_driver.o
 .debug_macro   0x00000dcd       0x8e ./Core/Src/blink_driver.o
 .debug_macro   0x00000e5b       0x51 ./Core/Src/blink_driver.o
 .debug_macro   0x00000eac      0x103 ./Core/Src/blink_driver.o
 .debug_macro   0x00000faf       0x6a ./Core/Src/blink_driver.o
 .debug_macro   0x00001019      0x1df ./Core/Src/blink_driver.o
 .debug_macro   0x000011f8       0xde ./Core/Src/blink_driver.o
 .debug_macro   0x000012d6       0x2e ./Core/Src/blink_driver.o
 .debug_macro   0x00001304       0x28 ./Core/Src/blink_driver.o
 .debug_macro   0x0000132c       0x1c ./Core/Src/blink_driver.o
 .debug_macro   0x00001348       0x22 ./Core/Src/blink_driver.o
 .debug_macro   0x0000136a       0xd1 ./Core/Src/blink_driver.o
 .debug_macro   0x0000143b      0x4da ./Core/Src/blink_driver.o
 .debug_macro   0x00001915      0x11f ./Core/Src/blink_driver.o
 .debug_macro   0x00001a34     0xab92 ./Core/Src/blink_driver.o
 .debug_macro   0x0000c5c6       0x6d ./Core/Src/blink_driver.o
 .debug_macro   0x0000c633      0x1c8 ./Core/Src/blink_driver.o
 .debug_macro   0x0000c7fb      0x101 ./Core/Src/blink_driver.o
 .debug_macro   0x0000c8fc     0x3440 ./Core/Src/blink_driver.o
 .debug_macro   0x0000fd3c      0x190 ./Core/Src/blink_driver.o
 .debug_macro   0x0000fecc       0x5b ./Core/Src/blink_driver.o
 .debug_macro   0x0000ff27      0x3f9 ./Core/Src/blink_driver.o
 .debug_macro   0x00010320      0xd8c ./Core/Src/blink_driver.o
 .debug_macro   0x000110ac      0x176 ./Core/Src/blink_driver.o
 .debug_macro   0x00011222      0x15f ./Core/Src/blink_driver.o
 .debug_macro   0x00011381      0x253 ./Core/Src/blink_driver.o
 .debug_macro   0x000115d4      0x352 ./Core/Src/blink_driver.o
 .debug_macro   0x00011926      0x18b ./Core/Src/blink_driver.o
 .debug_macro   0x00011ab1       0x43 ./Core/Src/blink_driver.o
 .debug_macro   0x00011af4      0x1f1 ./Core/Src/blink_driver.o
 .debug_macro   0x00011ce5      0x1b1 ./Core/Src/blink_driver.o
 .debug_macro   0x00011e96      0x37c ./Core/Src/blink_driver.o
 .debug_macro   0x00012212       0x28 ./Core/Src/blink_driver.o
 .debug_macro   0x0001223a       0xb3 ./Core/Src/blink_driver.o
 .debug_macro   0x000122ed      0x22c ./Core/Src/blink_driver.o
 .debug_macro   0x00012519       0x67 ./Core/Src/blink_driver.o
 .debug_macro   0x00012580       0xa5 ./Core/Src/blink_driver.o
 .debug_macro   0x00012625      0x1c3 ./Core/Src/blink_driver.o
 .debug_macro   0x000127e8      0x11d ./Core/Src/blink_driver.o
 .debug_macro   0x00012905       0xf6 ./Core/Src/blink_driver.o
 .debug_macro   0x000129fb      0x305 ./Core/Src/blink_driver.o
 .debug_macro   0x00012d00      0xaa6 ./Core/Src/blink_driver.o
 .debug_macro   0x000137a6      0x11b ./Core/Src/blink_driver.o
 .debug_macro   0x000138c1      0x67e ./Core/Src/blink_driver.o
 .debug_macro   0x00013f3f       0xa6 ./Core/Src/blink_driver.o
 .debug_macro   0x00013fe5      0x6bd ./Core/Src/blink_driver.o
 .debug_macro   0x000146a2      0x464 ./Core/Src/blink_driver.o
 .debug_macro   0x00014b06       0x61 ./Core/Src/blink_driver.o
 .debug_macro   0x00014b67       0x24 ./Core/Src/blink_driver.o
 .debug_macro   0x00014b8b       0x43 ./Core/Src/blink_driver.o
 .debug_macro   0x00014bce       0x34 ./Core/Src/blink_driver.o
 .debug_macro   0x00014c02      0x364 ./Core/Src/blink_driver.o
 .debug_macro   0x00014f66       0x16 ./Core/Src/blink_driver.o
 .debug_macro   0x00014f7c       0x4a ./Core/Src/blink_driver.o
 .debug_macro   0x00014fc6       0x34 ./Core/Src/blink_driver.o
 .debug_macro   0x00014ffa       0x10 ./Core/Src/blink_driver.o
 .debug_macro   0x0001500a       0x58 ./Core/Src/blink_driver.o
 .debug_macro   0x00015062       0x8e ./Core/Src/blink_driver.o
 .debug_macro   0x000150f0       0x1c ./Core/Src/blink_driver.o
 .debug_macro   0x0001510c      0x17e ./Core/Src/blink_driver.o
 .debug_macro   0x0001528a       0x10 ./Core/Src/blink_driver.o
 .debug_macro   0x0001529a       0x3c ./Core/Src/blink_driver.o
 .debug_macro   0x000152d6       0x20 ./Core/Src/blink_driver.o
 .debug_macro   0x000152f6      0x273 ./Core/Src/bootloader.o
 .debug_macro   0x00015569       0x46 ./Core/Src/bootloader.o
 .debug_macro   0x000155af       0x8e ./Core/Src/bootloader.o
 .debug_macro   0x0001563d       0x52 ./Core/Src/bootloader.o
 .debug_macro   0x0001568f       0x4c ./Core/Src/bootloader.o
 .debug_macro   0x000156db      0x17e ./Core/Src/bootloader.o
 .debug_macro   0x00015859       0x28 ./Core/Src/bootloader.o
 .debug_macro   0x00015881       0x16 ./Core/Src/bootloader.o
 .debug_macro   0x00015897       0x1c ./Core/Src/bootloader.o
 .debug_macro   0x000158b3      0x25f ./Core/Src/can_driver.o
 .debug_macro   0x00015b12       0x7c ./Core/Src/can_driver.o
 .debug_macro   0x00015b8e      0x247 ./Core/Src/gsm_driver.o
 .debug_macro   0x00015dd5      0x253 ./Core/Src/i2c_driver.o
 .debug_macro   0x00016028      0x23d ./Core/Src/i2s_audio_driver.o
 .debug_macro   0x00016265      0x247 ./Core/Src/led_driver.o
 .debug_macro   0x000164ac      0x22a ./Core/Src/main.o
 .debug_macro   0x000166d6      0x100 ./Core/Src/main.o
 .debug_macro   0x000167d6       0xe4 ./Core/Src/main.o
 .debug_macro   0x000168ba       0xa6 ./Core/Src/ota.o
 .debug_macro   0x00016960      0x247 ./Core/Src/spi_radio_driver.o
 .debug_macro   0x00016ba7      0x247 ./Core/Src/stepper_driver.o
 .debug_macro   0x00016dee      0x221 ./Core/Src/stm32c0xx_hal_msp.o
 .debug_macro   0x0001700f      0x22b ./Core/Src/stm32c0xx_it.o
 .debug_macro   0x0001723a      0x218 ./Core/Src/system_stm32c0xx.o
 .debug_macro   0x00017452      0x230 ./Drivers/STM32C0xx_HAL_Driver/Src/stm32c0xx_hal.o
 .debug_macro   0x00017682      0x212 ./Drivers/STM32C0xx_HAL_Driver/Src/stm32c0xx_hal_cortex.o
 .debug_macro   0x00017894      0x324 ./Drivers/STM32C0xx_HAL_Driver/Src/stm32c0xx_hal_fdcan.o
 .debug_macro   0x00017bb8      0x212 ./Drivers/STM32C0xx_HAL_Driver/Src/stm32c0xx_hal_flash.o
 .debug_macro   0x00017dca      0x212 ./Drivers/STM32C0xx_HAL_Driver/Src/stm32c0xx_hal_flash_ex.o
 .debug_macro   0x00017fdc      0x247 ./Drivers/STM32C0xx_HAL_Driver/Src/stm32c0xx_hal_gpio.o
 .debug_macro   0x00018223      0x21a ./Drivers/STM32C0xx_HAL_Driver/Src/stm32c0xx_hal_i2s.o
 .debug_macro   0x0001843d      0x242 ./Drivers/STM32C0xx_HAL_Driver/Src/stm32c0xx_hal_rcc.o

.debug_line     0x00000000    0x10ce9
 .debug_line    0x00000000      0xe46 ./Core/Src/blink_driver.o
 .debug_line    0x00000e46      0xb27 ./Core/Src/bootloader.o
 .debug_line    0x0000196d      0xbe4 ./Core/Src/can_driver.o
 .debug_line    0x00002551      0xc51 ./Core/Src/gsm_driver.o
 .debug_line    0x000031a2      0xcc5 ./Core/Src/i2c_driver.o
 .debug_line    0x00003e67      0x93a ./Core/Src/i2s_audio_driver.o
 .debug_line    0x000047a1      0xba6 ./Core/Src/led_driver.o
 .debug_line    0x00005347      0xb20 ./Core/Src/main.o
 .debug_line    0x00005e67      0x89a ./Core/Src/ota.o
 .debug_line    0x00006701      0xade ./Core/Src/spi_radio_driver.o
 .debug_line    0x000071df      0x995 ./Core/Src/stepper_driver.o
 .debug_line    0x00007b74      0xa7a ./Core/Src/stm32c0xx_hal_msp.o
 .debug_line    0x000085ee      0x8ae ./Core/Src/stm32c0xx_it.o
 .debug_line    0x00008e9c      0x866 ./Core/Src/system_stm32c0xx.o
 .debug_line    0x00009702       0x7d ./Core/Startup/startup_stm32c092kctx.o
 .debug_line    0x0000977f      0xb43 ./Drivers/STM32C0xx_HAL_Driver/Src/stm32c0xx_hal.o
 .debug_line    0x0000a2c2      0xc5b ./Drivers/STM32C0xx_HAL_Driver/Src/stm32c0xx_hal_cortex.o
 .debug_line    0x0000af1d     0x197b ./Drivers/STM32C0xx_HAL_Driver/Src/stm32c0xx_hal_fdcan.o
 .debug_line    0x0000c898      0xb64 ./Drivers/STM32C0xx_HAL_Driver/Src/stm32c0xx_hal_flash.o
 .debug_line    0x0000d3fc      0xcd9 ./Drivers/STM32C0xx_HAL_Driver/Src/stm32c0xx_hal_flash_ex.o
 .debug_line    0x0000e0d5      0xc58 ./Drivers/STM32C0xx_HAL_Driver/Src/stm32c0xx_hal_gpio.o
 .debug_line    0x0000ed2d     0x1146 ./Drivers/STM32C0xx_HAL_Driver/Src/stm32c0xx_hal_i2s.o
 .debug_line    0x0000fe73      0xe76 ./Drivers/STM32C0xx_HAL_Driver/Src/stm32c0xx_hal_rcc.o

.debug_str      0x00000000    0x963bd
 .debug_str     0x00000000    0x963bd ./Core/Src/blink_driver.o
                              0x90ebc (size before relaxing)
 .debug_str     0x000963bd    0x8e7f1 ./Core/Src/bootloader.o
 .debug_str     0x000963bd    0x8e117 ./Core/Src/can_driver.o
 .debug_str     0x000963bd    0x8e0f2 ./Core/Src/gsm_driver.o
 .debug_str     0x000963bd    0x8dd30 ./Core/Src/i2c_driver.o
 .debug_str     0x000963bd    0x8dcfb ./Core/Src/i2s_audio_driver.o
 .debug_str     0x000963bd    0x8dd49 ./Core/Src/led_driver.o
 .debug_str     0x000963bd    0x8f2da ./Core/Src/main.o
 .debug_str     0x000963bd     0x4950 ./Core/Src/ota.o
 .debug_str     0x000963bd    0x8e17f ./Core/Src/spi_radio_driver.o
 .debug_str     0x000963bd    0x8dd78 ./Core/Src/stepper_driver.o
 .debug_str     0x000963bd    0x8ed2f ./Core/Src/stm32c0xx_hal_msp.o
 .debug_str     0x000963bd    0x8df4a ./Core/Src/stm32c0xx_it.o
 .debug_str     0x000963bd    0x8d4c0 ./Core/Src/system_stm32c0xx.o
 .debug_str     0x000963bd       0x7d ./Core/Startup/startup_stm32c092kctx.o
 .debug_str     0x000963bd    0x8db1c ./Drivers/STM32C0xx_HAL_Driver/Src/stm32c0xx_hal.o
 .debug_str     0x000963bd    0x8d93f ./Drivers/STM32C0xx_HAL_Driver/Src/stm32c0xx_hal_cortex.o
 .debug_str     0x000963bd    0x8eb40 ./Drivers/STM32C0xx_HAL_Driver/Src/stm32c0xx_hal_fdcan.o
 .debug_str     0x000963bd    0x8d6d3 ./Drivers/STM32C0xx_HAL_Driver/Src/stm32c0xx_hal_flash.o
 .debug_str     0x000963bd    0x8d863 ./Drivers/STM32C0xx_HAL_Driver/Src/stm32c0xx_hal_flash_ex.o
 .debug_str     0x000963bd    0x8d6b8 ./Drivers/STM32C0xx_HAL_Driver/Src/stm32c0xx_hal_gpio.o
 .debug_str     0x000963bd    0x8db18 ./Drivers/STM32C0xx_HAL_Driver/Src/stm32c0xx_hal_i2s.o
 .debug_str     0x000963bd    0x8dab7 ./Drivers/STM32C0xx_HAL_Driver/Src/stm32c0xx_hal_rcc.o

.comment        0x00000000       0x43
 .comment       0x00000000       0x43 ./Core/Src/blink_driver.o
                                 0x44 (size before relaxing)
 .comment       0x00000043       0x44 ./Core/Src/bootloader.o
 .comment       0x00000043       0x44 ./Core/Src/can_driver.o
 .comment       0x00000043       0x44 ./Core/Src/gsm_driver.o
 .comment       0x00000043       0x44 ./Core/Src/i2c_driver.o
 .comment       0x00000043       0x44 ./Core/Src/i2s_audio_driver.o
 .comment       0x00000043       0x44 ./Core/Src/led_driver.o
 .comment       0x00000043       0x44 ./Core/Src/main.o
 .comment       0x00000043       0x44 ./Core/Src/ota.o
 .comment       0x00000043       0x44 ./Core/Src/spi_radio_driver.o
 .comment       0x00000043       0x44 ./Core/Src/stepper_driver.o
 .comment       0x00000043       0x44 ./Core/Src/stm32c0xx_hal_msp.o
 .comment       0x00000043       0x44 ./Core/Src/stm32c0xx_it.o
 .comment       0x00000043       0x44 ./Core/Src/system_stm32c0xx.o
 .comment       0x00000043       0x44 ./Drivers/STM32C0xx_HAL_Driver/Src/stm32c0xx_hal.o
 .comment       0x00000043       0x44 ./Drivers/STM32C0xx_HAL_Driver/Src/stm32c0xx_hal_cortex.o
 .comment       0x00000043       0x44 ./Drivers/STM32C0xx_HAL_Driver/Src/stm32c0xx_hal_fdcan.o
 .comment       0x00000043       0x44 ./Drivers/STM32C0xx_HAL_Driver/Src/stm32c0xx_hal_flash.o
 .comment       0x00000043       0x44 ./Drivers/STM32C0xx_HAL_Driver/Src/stm32c0xx_hal_flash_ex.o
 .comment       0x00000043       0x44 ./Drivers/STM32C0xx_HAL_Driver/Src/stm32c0xx_hal_gpio.o
 .comment       0x00000043       0x44 ./Drivers/STM32C0xx_HAL_Driver/Src/stm32c0xx_hal_i2s.o
 .comment       0x00000043       0x44 ./Drivers/STM32C0xx_HAL_Driver/Src/stm32c0xx_hal_rcc.o

.debug_frame    0x00000000     0x2cbc
 .debug_frame   0x00000000      0x278 ./Core/Src/blink_driver.o
 .debug_frame   0x00000278       0xec ./Core/Src/bootloader.o
 .debug_frame   0x00000364      0x124 ./Core/Src/can_driver.o
 .debug_frame   0x00000488      0x1dc ./Core/Src/gsm_driver.o
 .debug_frame   0x00000664       0xf8 ./Core/Src/i2c_driver.o
 .debug_frame   0x0000075c      0x104 ./Core/Src/i2s_audio_driver.o
 .debug_frame   0x00000860      0x12c ./Core/Src/led_driver.o
 .debug_frame   0x0000098c      0x134 ./Core/Src/main.o
 .debug_frame   0x00000ac0      0x18c ./Core/Src/ota.o
 .debug_frame   0x00000c4c      0x188 ./Core/Src/spi_radio_driver.o
 .debug_frame   0x00000dd4      0x104 ./Core/Src/stepper_driver.o
 .debug_frame   0x00000ed8      0x1d0 ./Core/Src/stm32c0xx_hal_msp.o
 .debug_frame   0x000010a8       0xf0 ./Core/Src/stm32c0xx_it.o
 .debug_frame   0x00001198       0x4c ./Core/Src/system_stm32c0xx.o
 .debug_frame   0x000011e4      0x368 ./Drivers/STM32C0xx_HAL_Driver/Src/stm32c0xx_hal.o
 .debug_frame   0x0000154c      0x33c ./Drivers/STM32C0xx_HAL_Driver/Src/stm32c0xx_hal_cortex.o
 .debug_frame   0x00001888      0x7d0 ./Drivers/STM32C0xx_HAL_Driver/Src/stm32c0xx_hal_fdcan.o
 .debug_frame   0x00002058      0x1d4 ./Drivers/STM32C0xx_HAL_Driver/Src/stm32c0xx_hal_flash.o
 .debug_frame   0x0000222c      0x2e8 ./Drivers/STM32C0xx_HAL_Driver/Src/stm32c0xx_hal_flash_ex.o
 .debug_frame   0x00002514      0x150 ./Drivers/STM32C0xx_HAL_Driver/Src/stm32c0xx_hal_gpio.o
 .debug_frame   0x00002664      0x3b0 ./Drivers/STM32C0xx_HAL_Driver/Src/stm32c0xx_hal_i2s.o
 .debug_frame   0x00002a14      0x214 ./Drivers/STM32C0xx_HAL_Driver/Src/stm32c0xx_hal_rcc.o
 .debug_frame   0x00002c28       0x20 C:/ST/STM32CubeIDE_2.1.1/STM32CubeIDE/plugins/com.st.stm32cube.ide.mcu.externaltools.gnu-tools-for-stm32.14.3.rel1.win32_1.0.100.202602081740/tools/bin/../lib/gcc/arm-none-eabi/14.3.1/../../../../arm-none-eabi/lib/thumb/v6-m/nofp\libc_nano.a(libc_a-memset.o)
 .debug_frame   0x00002c48       0x2c C:/ST/STM32CubeIDE_2.1.1/STM32CubeIDE/plugins/com.st.stm32cube.ide.mcu.externaltools.gnu-tools-for-stm32.14.3.rel1.win32_1.0.100.202602081740/tools/bin/../lib/gcc/arm-none-eabi/14.3.1/../../../../arm-none-eabi/lib/thumb/v6-m/nofp\libc_nano.a(libc_a-init.o)
 .debug_frame   0x00002c74       0x28 C:/ST/STM32CubeIDE_2.1.1/STM32CubeIDE/plugins/com.st.stm32cube.ide.mcu.externaltools.gnu-tools-for-stm32.14.3.rel1.win32_1.0.100.202602081740/tools/bin/../lib/gcc/arm-none-eabi/14.3.1/../../../../arm-none-eabi/lib/thumb/v6-m/nofp\libc_nano.a(libc_a-memcpy-stub.o)
 .debug_frame   0x00002c9c       0x20 C:/ST/STM32CubeIDE_2.1.1/STM32CubeIDE/plugins/com.st.stm32cube.ide.mcu.externaltools.gnu-tools-for-stm32.14.3.rel1.win32_1.0.100.202602081740/tools/bin/../lib/gcc/arm-none-eabi/14.3.1/thumb/v6-m/nofp\libgcc.a(_udivsi3.o)

.debug_line_str
                0x00000000       0x61
 .debug_line_str
                0x00000000       0x61 ./Core/Startup/startup_stm32c092kctx.o
