../Drivers/CMSIS/Include/core_cm0plus.h:850:22:__NVIC_SetPriority	24	static
../Drivers/CMSIS/Include/core_cm0plus.h:987:34:__NVIC_SystemReset	8	static,ignoring_inline_asm
../Drivers/CMSIS/Include/core_cm0plus.h:1058:26:SysTick_Config	16	static
../Core/Src/blink_driver.c:67:6:Tick_Init	8	static
../Core/Src/blink_driver.c:77:6:Tick_Increment	8	static
../Core/Src/blink_driver.c:86:10:GetTick	16	static,ignoring_inline_asm
../Core/Src/blink_driver.c:101:6:Delay_ms	24	static
../Core/Src/blink_driver.c:111:6:Watchdog_Init	24	static
../Core/Src/blink_driver.c:130:6:Watchdog_Refresh	8	static
../Core/Src/blink_driver.c:141:10:CRC32_Calculate	24	static
../Core/Src/blink_driver.c:159:10:CRC32_CalculateFlash	32	static
../Core/Src/blink_driver.c:176:5:Flash_Unlock	8	static
../Core/Src/blink_driver.c:190:5:Flash_Lock	8	static
../Core/Src/blink_driver.c:201:5:Flash_ErasePage	48	static
../Core/Src/blink_driver.c:229:5:Flash_Write	48	static
../Core/Src/blink_driver.c:267:5:Flash_Read	32	static
../Core/Src/blink_driver.c:284:5:NVM_WriteConfig	24	static
../Core/Src/blink_driver.c:307:5:NVM_ReadConfig	24	static
../Core/Src/blink_driver.c:321:6:JumpToApplication	16	static
../Core/Src/blink_driver.c:329:6:System_Reset	8	static,ignoring_inline_asm
