../Drivers/CMSIS/Include/core_cm0plus.h:741:22:__NVIC_EnableIRQ	16	static,ignoring_inline_asm
../Drivers/CMSIS/Include/core_cm0plus.h:779:22:__NVIC_DisableIRQ	16	static,ignoring_inline_asm
../Drivers/CMSIS/Include/core_cm0plus.h:850:22:__NVIC_SetPriority	24	static
../Core/Src/gsm_driver.c:27:6:GSM_Init	24	static
../Core/Src/gsm_driver.c:74:6:USART1_IRQHandler	16	static
../Core/Src/gsm_driver.c:94:5:GSM_IsDataAvailable	8	static
../Core/Src/gsm_driver.c:103:10:GSM_GetRxCount	8	static
../Core/Src/gsm_driver.c:114:6:GSM_ClearRxBuffer	8	static
../Core/Src/gsm_driver.c:125:6:GSM_SendData	24	static
../Core/Src/gsm_driver.c:141:5:GSM_ReceiveData	40	static
../Core/Src/gsm_driver.c:167:5:GSM_SendAT	16	static
../Core/Src/gsm_driver.c:194:5:GSM_WaitResponse	32	static
../Core/Src/gsm_driver.c:226:5:GSM_CheckNetwork	8	static
../Core/Src/gsm_driver.c:238:5:GSM_SendPayload	72	static
../Core/Src/gsm_driver.c:260:6:GSM_PowerOff	8	static
