Archive member included to satisfy reference by file (symbol)

C:/ST/STM32CubeIDE_2.1.1/STM32CubeIDE/plugins/com.st.stm32cube.ide.mcu.externaltools.gnu-tools-for-stm32.14.3.rel1.win32_1.0.100.202602081740/tools/bin/../lib/gcc/arm-none-eabi/14.3.1/../../../../arm-none-eabi/lib/thumb/v6-m/nofp\libc_nano.a(libc_a-atof.o)
                              ./Application/User/Core/gps_compass.o (atof)
C:/ST/STM32CubeIDE_2.1.1/STM32CubeIDE/plugins/com.st.stm32cube.ide.mcu.externaltools.gnu-tools-for-stm32.14.3.rel1.win32_1.0.100.202602081740/tools/bin/../lib/gcc/arm-none-eabi/14.3.1/../../../../arm-none-eabi/lib/thumb/v6-m/nofp\libc_nano.a(libc_a-atoi.o)
                              ./Application/User/Core/gps_compass.o (atoi)
C:/ST/STM32CubeIDE_2.1.1/STM32CubeIDE/plugins/com.st.stm32cube.ide.mcu.externaltools.gnu-tools-for-stm32.14.3.rel1.win32_1.0.100.202602081740/tools/bin/../lib/gcc/arm-none-eabi/14.3.1/../../../../arm-none-eabi/lib/thumb/v6-m/nofp\libc_nano.a(libc_a-exit.o)
                              C:/ST/STM32CubeIDE_2.1.1/STM32CubeIDE/plugins/com.st.stm32cube.ide.mcu.externaltools.gnu-tools-for-stm32.14.3.rel1.win32_1.0.100.202602081740/tools/bin/../lib/gcc/arm-none-eabi/14.3.1/../../../../arm-none-eabi/lib/thumb/v6-m/nofp/crt0.o (exit)
C:/ST/STM32CubeIDE_2.1.1/STM32CubeIDE/plugins/com.st.stm32cube.ide.mcu.externaltools.gnu-tools-for-stm32.14.3.rel1.win32_1.0.100.202602081740/tools/bin/../lib/gcc/arm-none-eabi/14.3.1/../../../../arm-none-eabi/lib/thumb/v6-m/nofp\libc_nano.a(libc_a-strtod.o)
                              C:/ST/STM32CubeIDE_2.1.1/STM32CubeIDE/plugins/com.st.stm32cube.ide.mcu.externaltools.gnu-tools-for-stm32.14.3.rel1.win32_1.0.100.202602081740/tools/bin/../lib/gcc/arm-none-eabi/14.3.1/../../../../arm-none-eabi/lib/thumb/v6-m/nofp\libc_nano.a(libc_a-atof.o) (strtod)
C:/ST/STM32CubeIDE_2.1.1/STM32CubeIDE/plugins/com.st.stm32cube.ide.mcu.externaltools.gnu-tools-for-stm32.14.3.rel1.win32_1.0.100.202602081740/tools/bin/../lib/gcc/arm-none-eabi/14.3.1/../../../../arm-none-eabi/lib/thumb/v6-m/nofp\libc_nano.a(libc_a-strtol.o)
                              C:/ST/STM32CubeIDE_2.1.1/STM32CubeIDE/plugins/com.st.stm32cube.ide.mcu.externaltools.gnu-tools-for-stm32.14.3.rel1.win32_1.0.100.202602081740/tools/bin/../lib/gcc/arm-none-eabi/14.3.1/../../../../arm-none-eabi/lib/thumb/v6-m/nofp\libc_nano.a(libc_a-atoi.o) (_strtol_r)
C:/ST/STM32CubeIDE_2.1.1/STM32CubeIDE/plugins/com.st.stm32cube.ide.mcu.externaltools.gnu-tools-for-stm32.14.3.rel1.win32_1.0.100.202602081740/tools/bin/../lib/gcc/arm-none-eabi/14.3.1/../../../../arm-none-eabi/lib/thumb/v6-m/nofp\libc_nano.a(libc_a-ctype_.o)
                              C:/ST/STM32CubeIDE_2.1.1/STM32CubeIDE/plugins/com.st.stm32cube.ide.mcu.externaltools.gnu-tools-for-stm32.14.3.rel1.win32_1.0.100.202602081740/tools/bin/../lib/gcc/arm-none-eabi/14.3.1/../../../../arm-none-eabi/lib/thumb/v6-m/nofp\libc_nano.a(libc_a-strtol.o) (_ctype_)
C:/ST/STM32CubeIDE_2.1.1/STM32CubeIDE/plugins/com.st.stm32cube.ide.mcu.externaltools.gnu-tools-for-stm32.14.3.rel1.win32_1.0.100.202602081740/tools/bin/../lib/gcc/arm-none-eabi/14.3.1/../../../../arm-none-eabi/lib/thumb/v6-m/nofp\libc_nano.a(libc_a-findfp.o)
                              C:/ST/STM32CubeIDE_2.1.1/STM32CubeIDE/plugins/com.st.stm32cube.ide.mcu.externaltools.gnu-tools-for-stm32.14.3.rel1.win32_1.0.100.202602081740/tools/bin/../lib/gcc/arm-none-eabi/14.3.1/../../../../arm-none-eabi/lib/thumb/v6-m/nofp\libc_nano.a(libc_a-exit.o) (__stdio_exit_handler)
C:/ST/STM32CubeIDE_2.1.1/STM32CubeIDE/plugins/com.st.stm32cube.ide.mcu.externaltools.gnu-tools-for-stm32.14.3.rel1.win32_1.0.100.202602081740/tools/bin/../lib/gcc/arm-none-eabi/14.3.1/../../../../arm-none-eabi/lib/thumb/v6-m/nofp\libc_nano.a(libc_a-fwalk.o)
                              C:/ST/STM32CubeIDE_2.1.1/STM32CubeIDE/plugins/com.st.stm32cube.ide.mcu.externaltools.gnu-tools-for-stm32.14.3.rel1.win32_1.0.100.202602081740/tools/bin/../lib/gcc/arm-none-eabi/14.3.1/../../../../arm-none-eabi/lib/thumb/v6-m/nofp\libc_nano.a(libc_a-findfp.o) (_fwalk_sglue)
C:/ST/STM32CubeIDE_2.1.1/STM32CubeIDE/plugins/com.st.stm32cube.ide.mcu.externaltools.gnu-tools-for-stm32.14.3.rel1.win32_1.0.100.202602081740/tools/bin/../lib/gcc/arm-none-eabi/14.3.1/../../../../arm-none-eabi/lib/thumb/v6-m/nofp\libc_nano.a(libc_a-stdio.o)
                              C:/ST/STM32CubeIDE_2.1.1/STM32CubeIDE/plugins/com.st.stm32cube.ide.mcu.externaltools.gnu-tools-for-stm32.14.3.rel1.win32_1.0.100.202602081740/tools/bin/../lib/gcc/arm-none-eabi/14.3.1/../../../../arm-none-eabi/lib/thumb/v6-m/nofp\libc_nano.a(libc_a-findfp.o) (__sread)
C:/ST/STM32CubeIDE_2.1.1/STM32CubeIDE/plugins/com.st.stm32cube.ide.mcu.externaltools.gnu-tools-for-stm32.14.3.rel1.win32_1.0.100.202602081740/tools/bin/../lib/gcc/arm-none-eabi/14.3.1/../../../../arm-none-eabi/lib/thumb/v6-m/nofp\libc_nano.a(libc_a-memcmp.o)
                              ./Application/User/Core/client_node.o (memcmp)
[...]
Memory Configuration

Name             Origin             Length             Attributes
RAM              0x20000000         0x00007800         xrw
FLASH            0x08000000         0x0003fc00         xr
Data             0x08004000         0x00000338         xrw
*default*        0x00000000         0xffffffff

Linker script and memory map

LOAD C:/ST/STM32CubeIDE_2.1.1/STM32CubeIDE/plugins/com.st.stm32cube.ide.mcu.externaltools.gnu-tools-for-stm32.14.3.rel1.win32_1.0.100.202602081740/tools/bin/../lib/gcc/arm-none-eabi/14.3.1/thumb/v6-m/nofp/crti.o
LOAD C:/ST/STM32CubeIDE_2.1.1/STM32CubeIDE/plugins/com.st.stm32cube.ide.mcu.externaltools.gnu-tools-for-stm32.14.3.rel1.win32_1.0.100.202602081740/tools/bin/../lib/gcc/arm-none-eabi/14.3.1/thumb/v6-m/nofp/crtbegin.o
LOAD C:/ST/STM32CubeIDE_2.1.1/STM32CubeIDE/plugins/com.st.stm32cube.ide.mcu.externaltools.gnu-tools-for-stm32.14.3.rel1.win32_1.0.100.202602081740/tools/bin/../lib/gcc/arm-none-eabi/14.3.1/../../../../arm-none-eabi/lib/thumb/v6-m/nofp/crt0.o
LOAD ./Application/User/Core/cc1101.o
LOAD ./Application/User/Core/client_node.o
LOAD ./Application/User/Core/fdcan.o
LOAD ./Application/User/Core/gpio.o
LOAD ./Application/User/Core/gps_compass.o
LOAD ./Application/User/Core/i2c.o
LOAD ./Application/User/Core/i2s.o
LOAD ./Application/User/Core/i2s_mic.o
LOAD ./Application/User/Core/main.o
LOAD ./Application/User/Core/spi.o
LOAD ./Application/User/Core/stm32c0xx_hal_msp.o
LOAD ./Application/User/Core/stm32c0xx_it.o
LOAD ./Application/User/Core/syscalls.o
LOAD ./Application/User/Core/sysmem.o
LOAD ./Application/User/Core/tim.o
LOAD ./Application/User/Core/usart.o
LOAD ./Application/User/Startup/startup_stm32c092kctx.o
LOAD ./Drivers/CMSIS/system_stm32c0xx.o
LOAD ./Drivers/STM32C0xx_HAL_Driver/stm32c0xx_hal.o
LOAD ./Drivers/STM32C0xx_HAL_Driver/stm32c0xx_hal_cortex.o
LOAD ./Drivers/STM32C0xx_HAL_Driver/stm32c0xx_hal_dma.o
LOAD ./Drivers/STM32C0xx_HAL_Driver/stm32c0xx_hal_dma_ex.o
LOAD ./Drivers/STM32C0xx_HAL_Driver/stm32c0xx_hal_exti.o
LOAD ./Drivers/STM32C0xx_HAL_Driver/stm32c0xx_hal_fdcan.o
LOAD ./Drivers/STM32C0xx_HAL_Driver/stm32c0xx_hal_flash.o
LOAD ./Drivers/STM32C0xx_HAL_Driver/stm32c0xx_hal_flash_ex.o
LOAD ./Drivers/STM32C0xx_HAL_Driver/stm32c0xx_hal_gpio.o
LOAD ./Drivers/STM32C0xx_HAL_Driver/stm32c0xx_hal_i2c.o
LOAD ./Drivers/STM32C0xx_HAL_Driver/stm32c0xx_hal_i2c_ex.o
LOAD ./Drivers/STM32C0xx_HAL_Driver/stm32c0xx_hal_i2s.o
LOAD ./Drivers/STM32C0xx_HAL_Driver/stm32c0xx_hal_pwr.o
LOAD ./Drivers/STM32C0xx_HAL_Driver/stm32c0xx_hal_pwr_ex.o
LOAD ./Drivers/STM32C0xx_HAL_Driver/stm32c0xx_hal_rcc.o
LOAD ./Drivers/STM32C0xx_HAL_Driver/stm32c0xx_hal_rcc_ex.o
LOAD ./Drivers/STM32C0xx_HAL_Driver/stm32c0xx_hal_spi.o
LOAD ./Drivers/STM32C0xx_HAL_Driver/stm32c0xx_hal_spi_ex.o
LOAD ./Drivers/STM32C0xx_HAL_Driver/stm32c0xx_hal_tim.o
LOAD ./Drivers/STM32C0xx_HAL_Driver/stm32c0xx_hal_tim_ex.o
LOAD ./Drivers/STM32C0xx_HAL_Driver/stm32c0xx_hal_uart.o
LOAD ./Drivers/STM32C0xx_HAL_Driver/stm32c0xx_hal_uart_ex.o
START GROUP
LOAD C:/ST/STM32CubeIDE_2.1.1/STM32CubeIDE/plugins/com.st.stm32cube.ide.mcu.externaltools.gnu-tools-for-stm32.14.3.rel1.win32_1.0.100.202602081740/tools/bin/../lib/gcc/arm-none-eabi/14.3.1/../../../../arm-none-eabi/lib/thumb/v6-m/nofp\libc_nano.a
LOAD C:/ST/STM32CubeIDE_2.1.1/STM32CubeIDE/plugins/com.st.stm32cube.ide.mcu.externaltools.gnu-tools-for-stm32.14.3.rel1.win32_1.0.100.202602081740/tools/bin/../lib/gcc/arm-none-eabi/14.3.1/../../../../arm-none-eabi/lib/thumb/v6-m/nofp\libm.a
END GROUP
START GROUP
LOAD C:/ST/STM32CubeIDE_2.1.1/STM32CubeIDE/plugins/com.st.stm32cube.ide.mcu.externaltools.gnu-tools-for-stm32.14.3.rel1.win32_1.0.100.202602081740/tools/bin/../lib/gcc/arm-none-eabi/14.3.1/thumb/v6-m/nofp\libgcc.a
LOAD C:/ST/STM32CubeIDE_2.1.1/STM32CubeIDE/plugins/com.st.stm32cube.ide.mcu.externaltools.gnu-tools-for-stm32.14.3.rel1.win32_1.0.100.202602081740/tools/bin/../lib/gcc/arm-none-eabi/14.3.1/../../../../arm-none-eabi/lib/thumb/v6-m/nofp\libc_nano.a
END GROUP
START GROUP
LOAD C:/ST/STM32CubeIDE_2.1.1/STM32CubeIDE/plugins/com.st.stm32cube.ide.mcu.externaltools.gnu-tools-for-stm32.14.3.rel1.win32_1.0.100.202602081740/tools/bin/../lib/gcc/arm-none-eabi/14.3.1/thumb/v6-m/nofp\libgcc.a
LOAD C:/ST/STM32CubeIDE_2.1.1/STM32CubeIDE/plugins/com.st.stm32cube.ide.mcu.externaltools.gnu-tools-for-stm32.14.3.rel1.win32_1.0.100.202602081740/tools/bin/../lib/gcc/arm-none-eabi/14.3.1/../../../../arm-none-eabi/lib/thumb/v6-m/nofp\libc_nano.a
LOAD C:/ST/STM32CubeIDE_2.1.1/STM32CubeIDE/plugins/com.st.stm32cube.ide.mcu.externaltools.gnu-tools-for-stm32.14.3.rel1.win32_1.0.100.202602081740/tools/bin/../lib/gcc/arm-none-eabi/14.3.1/../../../../arm-none-eabi/lib/thumb/v6-m/nofp\libnosys.a
END GROUP
START GROUP
LOAD C:/ST/STM32CubeIDE_2.1.1/STM32CubeIDE/plugins/com.st.stm32cube.ide.mcu.externaltools.gnu-tools-for-stm32.14.3.rel1.win32_1.0.100.202602081740/tools/bin/../lib/gcc/arm-none-eabi/14.3.1/thumb/v6-m/nofp\libgcc.a
LOAD C:/ST/STM32CubeIDE_2.1.1/STM32CubeIDE/plugins/com.st.stm32cube.ide.mcu.externaltools.gnu-tools-for-stm32.14.3.rel1.win32_1.0.100.202602081740/tools/bin/../lib/gcc/arm-none-eabi/14.3.1/../../../../arm-none-eabi/lib/thumb/v6-m/nofp\libc_nano.a
LOAD C:/ST/STM32CubeIDE_2.1.1/STM32CubeIDE/plugins/com.st.stm32cube.ide.mcu.externaltools.gnu-tools-for-stm32.14.3.rel1.win32_1.0.100.202602081740/tools/bin/../lib/gcc/arm-none-eabi/14.3.1/../../../../arm-none-eabi/lib/thumb/v6-m/nofp\libnosys.a
END GROUP
LOAD C:/ST/STM32CubeIDE_2.1.1/STM32CubeIDE/plugins/com.st.stm32cube.ide.mcu.externaltools.gnu-tools-for-stm32.14.3.rel1.win32_1.0.100.202602081740/tools/bin/../lib/gcc/arm-none-eabi/14.3.1/thumb/v6-m/nofp/crtend.o
LOAD C:/ST/STM32CubeIDE_2.1.1/STM32CubeIDE/plugins/com.st.stm32cube.ide.mcu.externaltools.gnu-tools-for-stm32.14.3.rel1.win32_1.0.100.202602081740/tools/bin/../lib/gcc/arm-none-eabi/14.3.1/thumb/v6-m/nofp/crtn.o
                0x20007800                        _estack = (ORIGIN (RAM) + LENGTH (RAM))
                0x00000200                        _Min_Heap_Size = 0x200
                0x00000400                        _Min_Stack_Size = 0x400

.isr_vector     0x08000000       0xc0
                0x08000000                        . = ALIGN (0x4)
 *(.isr_vector)
 .isr_vector    0x08000000       0xc0 ./Application/User/Startup/startup_stm32c092kctx.o
                0x08000000                g_pfnVectors
                0x080000c0                        . = ALIGN (0x4)

.text           0x080000c0    0x10138
                0x080000c0                        . = ALIGN (0x4)
 *(.text)
 .text          0x080000c0       0x48 C:/ST/STM32CubeIDE_2.1.1/STM32CubeIDE/plugins/com.st.stm32cube.ide.mcu.externaltools.gnu-tools-for-stm32.14.3.rel1.win32_1.0.100.202602081740/tools/bin/../lib/gcc/arm-none-eabi/14.3.1/thumb/v6-m/nofp/crtbegin.o
 .text          0x08000108        0xe C:/ST/STM32CubeIDE_2.1.1/STM32CubeIDE/plugins/com.st.stm32cube.ide.mcu.externaltools.gnu-tools-for-stm32.14.3.rel1.win32_1.0.100.202602081740/tools/bin/../lib/gcc/arm-none-eabi/14.3.1/../../../../arm-none-eabi/lib/thumb/v6-m/nofp\libc_nano.a(libc_a-strlen.o)
                0x08000108                strlen
 *fill*         0x08000116        0x2 
 .text          0x08000118       0x14 C:/ST/STM32CubeIDE_2.1.1/STM32CubeIDE/plugins/com.st.stm32cube.ide.mcu.externaltools.gnu-tools-for-stm32.14.3.rel1.win32_1.0.100.202602081740/tools/bin/../lib/gcc/arm-none-eabi/14.3.1/thumb/v6-m/nofp\libgcc.a(_thumb1_case_uqi.o)
                0x08000118                __gnu_thumb1_case_uqi
 .text          0x0800012c       0x14 C:/ST/STM32CubeIDE_2.1.1/STM32CubeIDE/plugins/com.st.stm32cube.ide.mcu.externaltools.gnu-tools-for-stm32.14.3.rel1.win32_1.0.100.202602081740/tools/bin/../lib/gcc/arm-none-eabi/14.3.1/thumb/v6-m/nofp\libgcc.a(_thumb1_case_shi.o)
                0x0800012c                __gnu_thumb1_case_shi
 .text          0x08000140      0x114 C:/ST/STM32CubeIDE_2.1.1/STM32CubeIDE/plugins/com.st.stm32cube.ide.mcu.externaltools.gnu-tools-for-stm32.14.3.rel1.win32_1.0.100.202602081740/tools/bin/../lib/gcc/arm-none-eabi/14.3.1/thumb/v6-m/nofp\libgcc.a(_udivsi3.o)
                0x08000140                __aeabi_uidiv
                0x08000140                __udivsi3
                0x0800024c                __aeabi_uidivmod
 .text          0x08000254      0x1d4 C:/ST/STM32CubeIDE_2.1.1/STM32CubeIDE/plugins/com.st.stm32cube.ide.mcu.externaltools.gnu-tools-for-stm32.14.3.rel1.win32_1.0.100.202602081740/tools/bin/../lib/gcc/arm-none-eabi/14.3.1/thumb/v6-m/nofp\libgcc.a(_divsi3.o)
                0x08000254                __divsi3
                0x08000254                __aeabi_idiv
                0x08000420                __aeabi_idivmod
 .text          0x08000428        0x4 C:/ST/STM32CubeIDE_2.1.1/STM32CubeIDE/plugins/com.st.stm32cube.ide.mcu.externaltools.gnu-tools-for-stm32.14.3.rel1.win32_1.0.100.202602081740/tools/bin/../lib/gcc/arm-none-eabi/14.3.1/thumb/v6-m/nofp\libgcc.a(_dvmd_tls.o)
                0x08000428                __aeabi_idiv0
                0x08000428                __aeabi_ldiv0
 .text          0x0800042c       0x7c C:/ST/STM32CubeIDE_2.1.1/STM32CubeIDE/plugins/com.st.stm32cube.ide.mcu.externaltools.gnu-tools-for-stm32.14.3.rel1.win32_1.0.100.202602081740/tools/bin/../lib/gcc/arm-none-eabi/14.3.1/thumb/v6-m/nofp\libgcc.a(_arm_cmpdf2.o)
                0x0800042c                __aeabi_cdrcmple
                0x0800043c                __aeabi_cdcmple
                0x0800043c                __aeabi_cdcmpeq
                0x0800044c                __aeabi_dcmpeq
                0x08000458                __aeabi_dcmplt
                0x0800046c                __aeabi_dcmple
                0x08000480                __aeabi_dcmpgt
                0x08000494                __aeabi_dcmpge
 .text          0x080004a8       0x74 C:/ST/STM32CubeIDE_2.1.1/STM32CubeIDE/plugins/com.st.stm32cube.ide.mcu.externaltools.gnu-tools-for-stm32.14.3.rel1.win32_1.0.100.202602081740/tools/bin/../lib/gcc/arm-none-eabi/14.3.1/thumb/v6-m/nofp\libgcc.a(_arm_cmpsf2.o)
                0x080004a8                __aeabi_cfrcmple
                0x080004b0                __aeabi_cfcmpeq
                0x080004b0                __aeabi_cfcmple
                0x080004c0                __aeabi_fcmpeq
                0x080004cc                __aeabi_fcmplt
                0x080004e0                __aeabi_fcmple
                0x080004f4                __aeabi_fcmpgt
                0x08000508                __aeabi_fcmpge
 .text          0x0800051c       0x3c C:/ST/STM32CubeIDE_2.1.1/STM32CubeIDE/plugins/com.st.stm32cube.ide.mcu.externaltools.gnu-tools-for-stm32.14.3.rel1.win32_1.0.100.202602081740/tools/bin/../lib/gcc/arm-none-eabi/14.3.1/thumb/v6-m/nofp\libgcc.a(_fixunsdfsi.o)
                0x0800051c                __aeabi_d2uiz
                0x0800051c                __fixunsdfsi
 .text          0x08000558       0x38 C:/ST/STM32CubeIDE_2.1.1/STM32CubeIDE/plugins/com.st.stm32cube.ide.mcu.externaltools.gnu-tools-for-stm32.14.3.rel1.win32_1.0.100.202602081740/tools/bin/../lib/gcc/arm-none-eabi/14.3.1/thumb/v6-m/nofp\libgcc.a(_fixdfdi.o)
                0x08000558                __fixdfdi
                0x08000558                __aeabi_d2lz
 .text          0x08000590       0x3c C:/ST/STM32CubeIDE_2.1.1/STM32CubeIDE/plugins/com.st.stm32cube.ide.mcu.externaltools.gnu-tools-for-stm32.14.3.rel1.win32_1.0.100.202602081740/tools/bin/../lib/gcc/arm-none-eabi/14.3.1/thumb/v6-m/nofp\libgcc.a(_fixunsdfdi.o)
                0x08000590                __fixunsdfdi
                0x08000590                __aeabi_d2ulz
 .text          0x080005cc       0x2c C:/ST/STM32CubeIDE_2.1.1/STM32CubeIDE/plugins/com.st.stm32cube.ide.mcu.externaltools.gnu-tools-for-stm32.14.3.rel1.win32_1.0.100.202602081740/tools/bin/../lib/gcc/arm-none-eabi/14.3.1/thumb/v6-m/nofp\libgcc.a(_floatdidf.o)
                0x080005cc                __aeabi_l2d
                0x080005cc                __floatdidf
 .text          0x080005f8      0x41c C:/ST/STM32CubeIDE_2.1.1/STM32CubeIDE/plugins/com.st.stm32cube.ide.mcu.externaltools.gnu-tools-for-stm32.14.3.rel1.win32_1.0.100.202602081740/tools/bin/../lib/gcc/arm-none-eabi/14.3.1/thumb/v6-m/nofp\libgcc.a(addsf3.o)
                0x080005f8                __aeabi_fadd
 .text          0x08000a14      0x22c C:/ST/STM32CubeIDE_2.1.1/STM32CubeIDE/plugins/com.st.stm32cube.ide.mcu.externaltools.gnu-tools-for-stm32.14.3.rel1.win32_1.0.100.202602081740/tools/bin/../lib/gcc/arm-none-eabi/14.3.1/thumb/v6-m/nofp\libgcc.a(divsf3.o)
                0x08000a14                __aeabi_fdiv
 .text          0x08000c40       0x50 C:/ST/STM32CubeIDE_2.1.1/STM32CubeIDE/plugins/com.st.stm32cube.ide.mcu.externaltools.gnu-tools-for-stm32.14.3.rel1.win32_1.0.100.202602081740/tools/bin/../lib/gcc/arm-none-eabi/14.3.1/thumb/v6-m/nofp\libgcc.a(eqsf2.o)
                0x08000c40                __eqsf2
                0x08000c40                __nesf2
 .text          0x08000c90       0x90 C:/ST/STM32CubeIDE_2.1.1/STM32CubeIDE/plugins/com.st.stm32cube.ide.mcu.externaltools.gnu-tools-for-stm32.14.3.rel1.win32_1.0.100.202602081740/tools/bin/../lib/gcc/arm-none-eabi/14.3.1/thumb/v6-m/nofp\libgcc.a(gesf2.o)
                0x08000c90                __gesf2
                0x08000c90                __gtsf2
 .text          0x08000d20       0x90 C:/ST/STM32CubeIDE_2.1.1/STM32CubeIDE/plugins/com.st.stm32cube.ide.mcu.externaltools.gnu-tools-for-stm32.14.3.rel1.win32_1.0.100.202602081740/tools/bin/../lib/gcc/arm-none-eabi/14.3.1/thumb/v6-m/nofp\libgcc.a(lesf2.o)
                0x08000d20                __ltsf2
                0x08000d20                __lesf2
 .text          0x08000db0      0x2a4 C:/ST/STM32CubeIDE_2.1.1/STM32CubeIDE/plugins/com.st.stm32cube.ide.mcu.externaltools.gnu-tools-for-stm32.14.3.rel1.win32_1.0.100.202602081740/tools/bin/../lib/gcc/arm-none-eabi/14.3.1/thumb/v6-m/nofp\libgcc.a(mulsf3.o)
                0x08000db0                __aeabi_fmul
 .text          0x08001054      0x484 C:/ST/STM32CubeIDE_2.1.1/STM32CubeIDE/plugins/com.st.stm32cube.ide.mcu.externaltools.gnu-tools-for-stm32.14.3.rel1.win32_1.0.100.202602081740/tools/bin/../lib/gcc/arm-none-eabi/14.3.1/thumb/v6-m/nofp\libgcc.a(subsf3.o)
                0x08001054                __aeabi_fsub
 .text          0x080014d8       0x40 C:/ST/STM32CubeIDE_2.1.1/STM32CubeIDE/plugins/com.st.stm32cube.ide.mcu.externaltools.gnu-tools-for-stm32.14.3.rel1.win32_1.0.100.202602081740/tools/bin/../lib/gcc/arm-none-eabi/14.3.1/thumb/v6-m/nofp\libgcc.a(fixsfsi.o)
                0x080014d8                __aeabi_f2iz
 .text          0x08001518       0xa0 C:/ST/STM32CubeIDE_2.1.1/STM32CubeIDE/plugins/com.st.stm32cube.ide.mcu.externaltools.gnu-tools-for-stm32.14.3.rel1.win32_1.0.100.202602081740/tools/bin/../lib/gcc/arm-none-eabi/14.3.1/thumb/v6-m/nofp\libgcc.a(floatsisf.o)
                0x08001518                __aeabi_i2f
 .text          0x080015b8      0x834 C:/ST/STM32CubeIDE_2.1.1/STM32CubeIDE/plugins/com.st.stm32cube.ide.mcu.externaltools.gnu-tools-for-stm32.14.3.rel1.win32_1.0.100.202602081740/tools/bin/../lib/gcc/arm-none-eabi/14.3.1/thumb/v6-m/nofp\libgcc.a(adddf3.o)
                0x080015b8                __aeabi_dadd
 .text          0x08001dec      0x63c C:/ST/STM32CubeIDE_2.1.1/STM32CubeIDE/plugins/com.st.stm32cube.ide.mcu.externaltools.gnu-tools-for-stm32.14.3.rel1.win32_1.0.100.202602081740/tools/bin/../lib/gcc/arm-none-eabi/14.3.1/thumb/v6-m/nofp\libgcc.a(divdf3.o)
                0x08001dec                __aeabi_ddiv
 .text          0x08002428       0x8c C:/ST/STM32CubeIDE_2.1.1/STM32CubeIDE/plugins/com.st.stm32cube.ide.mcu.externaltools.gnu-tools-for-stm32.14.3.rel1.win32_1.0.100.202602081740/tools/bin/../lib/gcc/arm-none-eabi/14.3.1/thumb/v6-m/nofp\libgcc.a(eqdf2.o)
                0x08002428                __nedf2
                0x08002428                __eqdf2
 .text          0x080024b4       0xe0 C:/ST/STM32CubeIDE_2.1.1/STM32CubeIDE/plugins/com.st.stm32cube.ide.mcu.externaltools.gnu-tools-for-stm32.14.3.rel1.win32_1.0.100.202602081740/tools/bin/../lib/gcc/arm-none-eabi/14.3.1/thumb/v6-m/nofp\libgcc.a(gedf2.o)
                0x080024b4                __gedf2
                0x080024b4                __gtdf2
 .text          0x08002594       0xdc C:/ST/STM32CubeIDE_2.1.1/STM32CubeIDE/plugins/com.st.stm32cube.ide.mcu.externaltools.gnu-tools-for-stm32.14.3.rel1.win32_1.0.100.202602081740/tools/bin/../lib/gcc/arm-none-eabi/14.3.1/thumb/v6-m/nofp\libgcc.a(ledf2.o)
                0x08002594                __ledf2
                0x08002594                __ltdf2
 .text          0x08002670      0x590 C:/ST/STM32CubeIDE_2.1.1/STM32CubeIDE/plugins/com.st.stm32cube.ide.mcu.externaltools.gnu-tools-for-stm32.14.3.rel1.win32_1.0.100.202602081740/tools/bin/../lib/gcc/arm-none-eabi/14.3.1/thumb/v6-m/nofp\libgcc.a(muldf3.o)
                0x08002670                __aeabi_dmul
 .text          0x08002c00      0x870 C:/ST/STM32CubeIDE_2.1.1/STM32CubeIDE/plugins/com.st.stm32cube.ide.mcu.externaltools.gnu-tools-for-stm32.14.3.rel1.win32_1.0.100.202602081740/tools/bin/../lib/gcc/arm-none-eabi/14.3.1/thumb/v6-m/nofp\libgcc.a(subdf3.o)
                0x08002c00                __aeabi_dsub
 .text          0x08003470       0x78 C:/ST/STM32CubeIDE_2.1.1/STM32CubeIDE/plugins/com.st.stm32cube.ide.mcu.externaltools.gnu-tools-for-stm32.14.3.rel1.win32_1.0.100.202602081740/tools/bin/../lib/gcc/arm-none-eabi/14.3.1/thumb/v6-m/nofp\libgcc.a(fixdfsi.o)
                0x08003470                __aeabi_d2iz
 .text          0x080034e8       0x5c C:/ST/STM32CubeIDE_2.1.1/STM32CubeIDE/plugins/com.st.stm32cube.ide.mcu.externaltools.gnu-tools-for-stm32.14.3.rel1.win32_1.0.100.202602081740/tools/bin/../lib/gcc/arm-none-eabi/14.3.1/thumb/v6-m/nofp\libgcc.a(floatsidf.o)
                0x080034e8                __aeabi_i2d
 .text          0x08003544       0x48 C:/ST/STM32CubeIDE_2.1.1/STM32CubeIDE/plugins/com.st.stm32cube.ide.mcu.externaltools.gnu-tools-for-stm32.14.3.rel1.win32_1.0.100.202602081740/tools/bin/../lib/gcc/arm-none-eabi/14.3.1/thumb/v6-m/nofp\libgcc.a(floatunsidf.o)
                0x08003544                __aeabi_ui2d
 .text          0x0800358c      0x110 C:/ST/STM32CubeIDE_2.1.1/STM32CubeIDE/plugins/com.st.stm32cube.ide.mcu.externaltools.gnu-tools-for-stm32.14.3.rel1.win32_1.0.100.202602081740/tools/bin/../lib/gcc/arm-none-eabi/14.3.1/thumb/v6-m/nofp\libgcc.a(truncdfsf2.o)
                0x0800358c                __aeabi_d2f
 .text          0x0800369c       0x3c C:/ST/STM32CubeIDE_2.1.1/STM32CubeIDE/plugins/com.st.stm32cube.ide.mcu.externaltools.gnu-tools-for-stm32.14.3.rel1.win32_1.0.100.202602081740/tools/bin/../lib/gcc/arm-none-eabi/14.3.1/thumb/v6-m/nofp\libgcc.a(_clzsi2.o)
                0x0800369c                __clzsi2
 *(.text*)
 .text.CC1101_Select
                0x080036d8       0x18 ./Application/User/Core/cc1101.o
 .text.CC1101_Deselect
                0x080036f0       0x18 ./Application/User/Core/cc1101.o
 .text.CC1101_ReadReg
                0x08003708       0x64 ./Application/User/Core/cc1101.o
                0x08003708                CC1101_ReadReg
 .text.CC1101_WriteReg
                0x0800376c       0x4c ./Application/User/Core/cc1101.o
                0x0800376c                CC1101_WriteReg
 .text.CC1101_ReadBurst
                0x080037b8       0x5c ./Application/User/Core/cc1101.o
                0x080037b8                CC1101_ReadBurst
 .text.CC1101_WriteBurst
                0x08003814       0x5c ./Application/User/Core/cc1101.o
                0x08003814                CC1101_WriteBurst
 .text.CC1101_Strobe
                0x08003870       0x30 ./Application/User/Core/cc1101.o
                0x08003870                CC1101_Strobe
 .text.CC1101_SetAddress
                0x080038a0       0x20 ./Application/User/Core/cc1101.o
                0x080038a0                CC1101_SetAddress
 .text.CC1101_FlushRxFifo
                0x080038c0       0x16 ./Application/User/Core/cc1101.o
                0x080038c0                CC1101_FlushRxFifo
 .text.CC1101_FlushTxFifo
                0x080038d6       0x16 ./Application/User/Core/cc1101.o
                0x080038d6                CC1101_FlushTxFifo
 .text.CC1101_EnterRx
                0x080038ec       0x10 ./Application/User/Core/cc1101.o
                0x080038ec                CC1101_EnterRx
 .text.CC1101_EnterTx
                0x080038fc       0x10 ./Application/User/Core/cc1101.o
                0x080038fc                CC1101_EnterTx
 .text.CC1101_ReadRxFifo
                0x0800390c       0x68 ./Application/User/Core/cc1101.o
                0x0800390c                CC1101_ReadRxFifo
 .text.CC1101_WriteTxFifo
                0x08003974       0x24 ./Application/User/Core/cc1101.o
                0x08003974                CC1101_WriteTxFifo
 .text.CC1101_GetRxBytes
                0x08003998       0x1a ./Application/User/Core/cc1101.o
                0x08003998                CC1101_GetRxBytes
 .text.CC1101_EnableGdo0Interrupt
                0x080039b2       0x1a ./Application/User/Core/cc1101.o
                0x080039b2                CC1101_EnableGdo0Interrupt
 .text.Client_ParseFlashConfig
                0x080039cc       0xec ./Application/User/Core/client_node.o
                0x080039cc                Client_ParseFlashConfig
 .text.Client_Provision
                0x08003ab8      0x174 ./Application/User/Core/client_node.o
                0x08003ab8                Client_Provision
 .text.Client_ProcessPacket
                0x08003c2c      0x324 ./Application/User/Core/client_node.o
                0x08003c2c                Client_ProcessPacket
 .text.Client_SendResponse
                0x08003f50       0xb4 ./Application/User/Core/client_node.o
                0x08003f50                Client_SendResponse
 .text.Client_EnterRxMode
                0x08004004       0x16 ./Application/User/Core/client_node.o
                0x08004004                Client_EnterRxMode
 *fill*         0x0800401a        0x2 
 .text.Client_Gdo0Handler
                0x0800401c       0x24 ./Application/User/Core/client_node.o
                0x0800401c                Client_Gdo0Handler
 .text.MX_FDCAN1_Init
                0x08004040       0x90 ./Application/User/Core/fdcan.o
                0x08004040                MX_FDCAN1_Init
 .text.HAL_FDCAN_MspInit
                0x080040d0       0xe4 ./Application/User/Core/fdcan.o
                0x080040d0                HAL_FDCAN_MspInit
 .text.MX_GPIO_Init
                0x080041b4      0x120 ./Application/User/Core/gpio.o
                0x080041b4                MX_GPIO_Init
 .text.GPS_ParseCoord
                0x080042d4       0xf0 ./Application/User/Core/gps_compass.o
 .text.GPS_ParseGGA
                0x080043c4      0x218 ./Application/User/Core/gps_compass.o
 .text.GPS_ParseRMC
                0x080045dc      0x1e4 ./Application/User/Core/gps_compass.o
 .text.GPS_Init
                0x080047c0       0x48 ./Application/User/Core/gps_compass.o
                0x080047c0                GPS_Init
 .text.GPS_FeedByte
                0x08004808       0xb4 ./Application/User/Core/gps_compass.o
                0x08004808                GPS_FeedByte
 .text.GPS_Process
                0x080048bc       0x78 ./Application/User/Core/gps_compass.o
                0x080048bc                GPS_Process
 .text.GPS_GetData
                0x08004934       0x34 ./Application/User/Core/gps_compass.o
                0x08004934                GPS_GetData
 .text.Compass_WriteReg
                0x08004968       0x3c ./Application/User/Core/gps_compass.o
 .text.Compass_ReadReg
                0x080049a4       0x38 ./Application/User/Core/gps_compass.o
 .text.Compass_ReadRegs
                0x080049dc       0x44 ./Application/User/Core/gps_compass.o
 .text.Compass_Init
                0x08004a20       0x3e ./Application/User/Core/gps_compass.o
                0x08004a20                Compass_Init
 .text.Compass_Read
                0x08004a5e       0xb4 ./Application/User/Core/gps_compass.o
                0x08004a5e                Compass_Read
 *fill*         0x08004b12        0x2 
 .text.Compass_ComputeHeading
                0x08004b14       0xc0 ./Application/User/Core/gps_compass.o
                0x08004b14                Compass_ComputeHeading
 .text.Sensors_Init
                0x08004bd4       0x2c ./Application/User/Core/gps_compass.o
                0x08004bd4                Sensors_Init
 .text.Sensors_Update
                0x08004c00       0x2e ./Application/User/Core/gps_compass.o
                0x08004c00                Sensors_Update
 *fill*         0x08004c2e        0x2 
 .text.MX_I2C1_Init
                0x08004c30       0x80 ./Application/User/Core/i2c.o
                0x08004c30                MX_I2C1_Init
 .text.HAL_I2C_MspInit
                0x08004cb0       0xc4 ./Application/User/Core/i2c.o
                0x08004cb0                HAL_I2C_MspInit
 .text.MX_I2S1_Init
                0x08004d74       0xac ./Application/User/Core/i2s.o
                0x08004d74                MX_I2S1_Init
 .text.HAL_I2S_MspInit
                0x08004e20      0x134 ./Application/User/Core/i2s.o
                0x08004e20                HAL_I2S_MspInit
 .text.I2S_Mic_ISqrt
                0x08004f54       0x64 ./Application/User/Core/i2s_mic.o
 .text.I2S_Mic_ComputeRms
                0x08004fb8       0xb8 ./Application/User/Core/i2s_mic.o
                0x08004fb8                I2S_Mic_ComputeRms
 .text.I2S_Mic_ProcessBlock
                0x08005070      0x140 ./Application/User/Core/i2s_mic.o
                0x08005070                I2S_Mic_ProcessBlock
 .text.I2S_Mic_DmaHandler
                0x080051b0       0x90 ./Application/User/Core/i2s_mic.o
                0x080051b0                I2S_Mic_DmaHandler
 .text.I2S_Mic_Init
                0x08005240       0xd0 ./Application/User/Core/i2s_mic.o
                0x08005240                I2S_Mic_Init
 .text.I2S_Mic_Start
                0x08005310       0x20 ./Application/User/Core/i2s_mic.o
                0x08005310                I2S_Mic_Start
 .text.delay_us
                0x08005330       0x2c ./Application/User/Core/main.o
 .text.Boot_ShowPattern
                0x0800535c      0x1dc ./Application/User/Core/main.o
 .text.Stepper_PointToHeading
                0x08005538      0x138 ./Application/User/Core/main.o
                0x08005538                Stepper_PointToHeading
 .text.Stepper_Rotate
                0x08005670      0x178 ./Application/User/Core/main.o
 .text.main     0x080057e8      0x11c ./Application/User/Core/main.o
                0x080057e8                main
 .text.SystemClock_Config
                0x08005904       0x9c ./Application/User/Core/main.o
                0x08005904                SystemClock_Config
 .text.Error_Handler
                0x080059a0        0xc ./Application/User/Core/main.o
                0x080059a0                Error_Handler
 .text.MX_SPI2_Init
                0x080059ac       0x7c ./Application/User/Core/spi.o
                0x080059ac                MX_SPI2_Init
 .text.HAL_SPI_MspInit
                0x08005a28       0xc0 ./Application/User/Core/spi.o
                0x08005a28                HAL_SPI_MspInit
 .text.HAL_MspInit
                0x08005ae8       0x48 ./Application/User/Core/stm32c0xx_hal_msp.o
                0x08005ae8                HAL_MspInit
 .text.NMI_Handler
                0x08005b30        0x8 ./Application/User/Core/stm32c0xx_it.o
                0x08005b30                NMI_Handler
 .text.HardFault_Handler
                0x08005b38        0x8 ./Application/User/Core/stm32c0xx_it.o
                0x08005b38                HardFault_Handler
 .text.SVC_Handler
                0x08005b40        0xa ./Application/User/Core/stm32c0xx_it.o
                0x08005b40                SVC_Handler
 .text.PendSV_Handler
                0x08005b4a        0xa ./Application/User/Core/stm32c0xx_it.o
                0x08005b4a                PendSV_Handler
 .text.SysTick_Handler
                0x08005b54        0xe ./Application/User/Core/stm32c0xx_it.o
                0x08005b54                SysTick_Handler
 .text.EXTI0_1_IRQHandler
                0x08005b62        0xe ./Application/User/Core/stm32c0xx_it.o
                0x08005b62                EXTI0_1_IRQHandler
 .text.SPI1_IRQHandler
                0x08005b70       0x18 ./Application/User/Core/stm32c0xx_it.o
                0x08005b70                SPI1_IRQHandler
 .text.USART1_IRQHandler
                0x08005b88       0x44 ./Application/User/Core/stm32c0xx_it.o
                0x08005b88                USART1_IRQHandler
 .text.DMA1_Channel2_3_IRQHandler
                0x08005bcc        0xe ./Application/User/Core/stm32c0xx_it.o
                0x08005bcc                DMA1_Channel2_3_IRQHandler
 *fill*         0x08005bda        0x2 
 .text.FDCAN1_IT0_IRQHandler
                0x08005bdc       0x18 ./Application/User/Core/stm32c0xx_it.o
                0x08005bdc                FDCAN1_IT0_IRQHandler
 .text.FDCAN1_IT1_IRQHandler
                0x08005bf4       0x18 ./Application/User/Core/stm32c0xx_it.o
                0x08005bf4                FDCAN1_IT1_IRQHandler
 .text._getpid  0x08005c0c        0xc ./Application/User/Core/syscalls.o
                0x08005c0c                _getpid
 .text._kill    0x08005c18       0x20 ./Application/User/Core/syscalls.o
                0x08005c18                _kill
 .text._exit    0x08005c38       0x1a ./Application/User/Core/syscalls.o
                0x08005c38                _exit
 .text._read    0x08005c52       0x3a ./Application/User/Core/syscalls.o
                0x08005c52                _read
 .text._write   0x08005c8c       0x38 ./Application/User/Core/syscalls.o
                0x08005c8c                _write
 .text._close   0x08005cc4       0x14 ./Application/User/Core/syscalls.o
                0x08005cc4                _close
 .text._fstat   0x08005cd8       0x1c ./Application/User/Core/syscalls.o
                0x08005cd8                _fstat
 .text._isatty  0x08005cf4       0x12 ./Application/User/Core/syscalls.o
                0x08005cf4                _isatty
 .text._lseek   0x08005d06       0x16 ./Application/User/Core/syscalls.o
                0x08005d06                _lseek
 .text._sbrk    0x08005d1c       0x6c ./Application/User/Core/sysmem.o
                0x08005d1c                _sbrk
 .text.MX_TIM1_Init
                0x08005d88      0x198 ./Application/User/Core/tim.o
                0x08005d88                MX_TIM1_Init
 .text.HAL_TIM_Base_MspInit
                0x08005f20       0x40 ./Application/User/Core/tim.o
                0x08005f20                HAL_TIM_Base_MspInit
 .text.HAL_TIM_MspPostInit
                0x08005f60       0x4c ./Application/User/Core/tim.o
                0x08005f60                HAL_TIM_MspPostInit
 .text.MX_USART1_UART_Init
                0x08005fac       0x9c ./Application/User/Core/usart.o
                0x08005fac                MX_USART1_UART_Init
 .text.HAL_UART_MspInit
                0x08006048       0xc4 ./Application/User/Core/usart.o
                0x08006048                HAL_UART_MspInit
 .text.Reset_Handler
                0x0800610c       0x50 ./Application/User/Startup/startup_stm32c092kctx.o
                0x0800610c                Reset_Handler
 .text.Default_Handler
                0x0800615c        0x2 ./Application/User/Startup/startup_stm32c092kctx.o
                0x0800615c                TIM1_CC_IRQHandler
                0x0800615c                I2C1_IRQHandler
                0x0800615c                USART3_4_IRQHandler
                0x0800615c                EXTI2_3_IRQHandler
                0x0800615c                ADC1_IRQHandler
                0x0800615c                I2C2_IRQHandler
                0x0800615c                TIM17_IRQHandler
                0x0800615c                RTC_IRQHandler
                0x0800615c                TIM16_IRQHandler
                0x0800615c                TIM3_IRQHandler
                0x0800615c                EXTI4_15_IRQHandler
                0x0800615c                RCC_IRQHandler
                0x0800615c                DMA1_Channel1_IRQHandler
                0x0800615c                Default_Handler
                0x0800615c                TIM14_IRQHandler
                0x0800615c                TIM15_IRQHandler
                0x0800615c                SPI2_IRQHandler
                0x0800615c                WWDG_IRQHandler
                0x0800615c                TIM2_IRQHandler
                0x0800615c                DMAMUX1_DMA1_CH4_5_IRQHandler
                0x0800615c                USART2_IRQHandler
                0x0800615c                FLASH_IRQHandler
                0x0800615c                TIM1_BRK_UP_TRG_COM_IRQHandler
 *fill*         0x0800615e        0x2 
 .text.SystemInit
                0x08006160       0x18 ./Drivers/CMSIS/system_stm32c0xx.o
                0x08006160                SystemInit
 .text.HAL_Init
                0x08006178       0x2e ./Drivers/STM32C0xx_HAL_Driver/stm32c0xx_hal.o
                0x08006178                HAL_Init
 *fill*         0x080061a6        0x2 
 .text.HAL_InitTick
                0x080061a8       0x94 ./Drivers/STM32C0xx_HAL_Driver/stm32c0xx_hal.o
                0x080061a8                HAL_InitTick
 .text.HAL_IncTick
                0x0800623c       0x24 ./Drivers/STM32C0xx_HAL_Driver/stm32c0xx_hal.o
                0x0800623c                HAL_IncTick
 .text.HAL_GetTick
                0x08006260       0x14 ./Drivers/STM32C0xx_HAL_Driver/stm32c0xx_hal.o
                0x08006260                HAL_GetTick
 .text.HAL_Delay
                0x08006274       0x48 ./Drivers/STM32C0xx_HAL_Driver/stm32c0xx_hal.o
                0x08006274                HAL_Delay
 .text.__NVIC_EnableIRQ
                0x080062bc       0x34 ./Drivers/STM32C0xx_HAL_Driver/stm32c0xx_hal_cortex.o
 .text.__NVIC_SetPriority
                0x080062f0       0xdc ./Drivers/STM32C0xx_HAL_Driver/stm32c0xx_hal_cortex.o
 .text.SysTick_Config
                0x080063cc       0x48 ./Drivers/STM32C0xx_HAL_Driver/stm32c0xx_hal_cortex.o
 .text.HAL_NVIC_SetPriority
                0x08006414       0x2a ./Drivers/STM32C0xx_HAL_Driver/stm32c0xx_hal_cortex.o
                0x08006414                HAL_NVIC_SetPriority
 .text.HAL_NVIC_EnableIRQ
                0x0800643e       0x20 ./Drivers/STM32C0xx_HAL_Driver/stm32c0xx_hal_cortex.o
                0x0800643e                HAL_NVIC_EnableIRQ
 .text.HAL_SYSTICK_Config
                0x0800645e       0x1a ./Drivers/STM32C0xx_HAL_Driver/stm32c0xx_hal_cortex.o
                0x0800645e                HAL_SYSTICK_Config
 .text.HAL_DMA_Init
                0x08006478      0x114 ./Drivers/STM32C0xx_HAL_Driver/stm32c0xx_hal_dma.o
                0x08006478                HAL_DMA_Init
 .text.HAL_DMA_Start_IT
                0x0800658c      0x10e ./Drivers/STM32C0xx_HAL_Driver/stm32c0xx_hal_dma.o
                0x0800658c                HAL_DMA_Start_IT
 *fill*         0x0800669a        0x2 
 .text.HAL_DMA_Abort
                0x0800669c       0xc4 ./Drivers/STM32C0xx_HAL_Driver/stm32c0xx_hal_dma.o
                0x0800669c                HAL_DMA_Abort
 .text.HAL_DMA_Abort_IT
                0x08006760       0xf4 ./Drivers/STM32C0xx_HAL_Driver/stm32c0xx_hal_dma.o
                0x08006760                HAL_DMA_Abort_IT
 .text.DMA_SetConfig
                0x08006854       0x80 ./Drivers/STM32C0xx_HAL_Driver/stm32c0xx_hal_dma.o
 .text.DMA_CalcDMAMUXChannelBaseAndMask
                0x080068d4       0x58 ./Drivers/STM32C0xx_HAL_Driver/stm32c0xx_hal_dma.o
 .text.DMA_CalcDMAMUXRequestGenBaseAndMask
                0x0800692c       0x48 ./Drivers/STM32C0xx_HAL_Driver/stm32c0xx_hal_dma.o
 .text.HAL_FDCAN_Init
                0x08006974      0x2c0 ./Drivers/STM32C0xx_HAL_Driver/stm32c0xx_hal_fdcan.o
                0x08006974                HAL_FDCAN_Init
 .text.HAL_FDCAN_IRQHandler
                0x08006c34      0x28e ./Drivers/STM32C0xx_HAL_Driver/stm32c0xx_hal_fdcan.o
                0x08006c34                HAL_FDCAN_IRQHandler
 .text.HAL_FDCAN_TxEventFifoCallback
                0x08006ec2       0x12 ./Drivers/STM32C0xx_HAL_Driver/stm32c0xx_hal_fdcan.o
                0x08006ec2                HAL_FDCAN_TxEventFifoCallback
 .text.HAL_FDCAN_RxFifo0Callback
                0x08006ed4       0x12 ./Drivers/STM32C0xx_HAL_Driver/stm32c0xx_hal_fdcan.o
                0x08006ed4                HAL_FDCAN_RxFifo0Callback
 .text.HAL_FDCAN_RxFifo1Callback
                0x08006ee6       0x12 ./Drivers/STM32C0xx_HAL_Driver/stm32c0xx_hal_fdcan.o
                0x08006ee6                HAL_FDCAN_RxFifo1Callback
 .text.HAL_FDCAN_TxFifoEmptyCallback
                0x08006ef8       0x10 ./Drivers/STM32C0xx_HAL_Driver/stm32c0xx_hal_fdcan.o
                0x08006ef8                HAL_FDCAN_TxFifoEmptyCallback
 .text.HAL_FDCAN_TxBufferCompleteCallback
                0x08006f08       0x12 ./Drivers/STM32C0xx_HAL_Driver/stm32c0xx_hal_fdcan.o
                0x08006f08                HAL_FDCAN_TxBufferCompleteCallback
 .text.HAL_FDCAN_TxBufferAbortCallback
                0x08006f1a       0x12 ./Drivers/STM32C0xx_HAL_Driver/stm32c0xx_hal_fdcan.o
                0x08006f1a                HAL_FDCAN_TxBufferAbortCallback
 .text.HAL_FDCAN_TimestampWraparoundCallback
                0x08006f2c       0x10 ./Drivers/STM32C0xx_HAL_Driver/stm32c0xx_hal_fdcan.o
                0x08006f2c                HAL_FDCAN_TimestampWraparoundCallback
 .text.HAL_FDCAN_TimeoutOccurredCallback
                0x08006f3c       0x10 ./Drivers/STM32C0xx_HAL_Driver/stm32c0xx_hal_fdcan.o
                0x08006f3c                HAL_FDCAN_TimeoutOccurredCallback
 .text.HAL_FDCAN_HighPriorityMessageCallback
                0x08006f4c       0x10 ./Drivers/STM32C0xx_HAL_Driver/stm32c0xx_hal_fdcan.o
                0x08006f4c                HAL_FDCAN_HighPriorityMessageCallback
 .text.HAL_FDCAN_ErrorCallback
                0x08006f5c       0x10 ./Drivers/STM32C0xx_HAL_Driver/stm32c0xx_hal_fdcan.o
                0x08006f5c                HAL_FDCAN_ErrorCallback
 .text.HAL_FDCAN_ErrorStatusCallback
                0x08006f6c       0x12 ./Drivers/STM32C0xx_HAL_Driver/stm32c0xx_hal_fdcan.o
                0x08006f6c                HAL_FDCAN_ErrorStatusCallback
 *fill*         0x08006f7e        0x2 
 .text.FDCAN_CalcultateRamBlockAddresses
                0x08006f80       0xc0 ./Drivers/STM32C0xx_HAL_Driver/stm32c0xx_hal_fdcan.o
 .text.HAL_GPIO_Init
                0x08007040      0x2e4 ./Drivers/STM32C0xx_HAL_Driver/stm32c0xx_hal_gpio.o
                0x08007040                HAL_GPIO_Init
 .text.HAL_GPIO_ReadPin
                0x08007324       0x3a ./Drivers/STM32C0xx_HAL_Driver/stm32c0xx_hal_gpio.o
                0x08007324                HAL_GPIO_ReadPin
 .text.HAL_GPIO_WritePin
                0x0800735e       0x3a ./Drivers/STM32C0xx_HAL_Driver/stm32c0xx_hal_gpio.o
                0x0800735e                HAL_GPIO_WritePin
 .text.HAL_I2C_Init
                0x08007398      0x14c ./Drivers/STM32C0xx_HAL_Driver/stm32c0xx_hal_i2c.o
                0x08007398                HAL_I2C_Init
 .text.HAL_I2C_Mem_Write
                0x080074e4      0x25c ./Drivers/STM32C0xx_HAL_Driver/stm32c0xx_hal_i2c.o
                0x080074e4                HAL_I2C_Mem_Write
 .text.HAL_I2C_Mem_Read
                0x08007740      0x268 ./Drivers/STM32C0xx_HAL_Driver/stm32c0xx_hal_i2c.o
                0x08007740                HAL_I2C_Mem_Read
 .text.I2C_RequestMemoryWrite
                0x080079a8       0xc8 ./Drivers/STM32C0xx_HAL_Driver/stm32c0xx_hal_i2c.o
 .text.I2C_RequestMemoryRead
                0x08007a70       0xc4 ./Drivers/STM32C0xx_HAL_Driver/stm32c0xx_hal_i2c.o
 .text.I2C_Flush_TXDR
                0x08007b34       0x44 ./Drivers/STM32C0xx_HAL_Driver/stm32c0xx_hal_i2c.o
 .text.I2C_WaitOnFlagUntilTimeout
                0x08007b78       0xb0 ./Drivers/STM32C0xx_HAL_Driver/stm32c0xx_hal_i2c.o
 .text.I2C_WaitOnTXISFlagUntilTimeout
                0x08007c28       0x8c ./Drivers/STM32C0xx_HAL_Driver/stm32c0xx_hal_i2c.o
 .text.I2C_WaitOnSTOPFlagUntilTimeout
                0x08007cb4       0x86 ./Drivers/STM32C0xx_HAL_Driver/stm32c0xx_hal_i2c.o
 *fill*         0x08007d3a        0x2 
 .text.I2C_IsErrorOccurred
                0x08007d3c      0x1f0 ./Drivers/STM32C0xx_HAL_Driver/stm32c0xx_hal_i2c.o
 .text.I2C_TransferConfig
                0x08007f2c       0x74 ./Drivers/STM32C0xx_HAL_Driver/stm32c0xx_hal_i2c.o
 .text.HAL_I2CEx_ConfigAnalogFilter
                0x08007fa0       0x98 ./Drivers/STM32C0xx_HAL_Driver/stm32c0xx_hal_i2c_ex.o
                0x08007fa0                HAL_I2CEx_ConfigAnalogFilter
 .text.HAL_I2CEx_ConfigDigitalFilter
                0x08008038       0x98 ./Drivers/STM32C0xx_HAL_Driver/stm32c0xx_hal_i2c_ex.o
                0x08008038                HAL_I2CEx_ConfigDigitalFilter
 .text.HAL_I2S_Init
                0x080080d0      0x1e8 ./Drivers/STM32C0xx_HAL_Driver/stm32c0xx_hal_i2s.o
                0x080080d0                HAL_I2S_Init
 .text.HAL_I2S_Receive_DMA
                0x080082b8      0x17c ./Drivers/STM32C0xx_HAL_Driver/stm32c0xx_hal_i2s.o
                0x080082b8                HAL_I2S_Receive_DMA
 .text.HAL_I2S_IRQHandler
                0x08008434       0xd6 ./Drivers/STM32C0xx_HAL_Driver/stm32c0xx_hal_i2s.o
                0x08008434                HAL_I2S_IRQHandler
 .text.HAL_I2S_TxCpltCallback
                0x0800850a       0x10 ./Drivers/STM32C0xx_HAL_Driver/stm32c0xx_hal_i2s.o
                0x0800850a                HAL_I2S_TxCpltCallback
 .text.HAL_I2S_RxHalfCpltCallback
                0x0800851a       0x10 ./Drivers/STM32C0xx_HAL_Driver/stm32c0xx_hal_i2s.o
                0x0800851a                HAL_I2S_RxHalfCpltCallback
 .text.HAL_I2S_RxCpltCallback
                0x0800852a       0x10 ./Drivers/STM32C0xx_HAL_Driver/stm32c0xx_hal_i2s.o
                0x0800852a                HAL_I2S_RxCpltCallback
 .text.HAL_I2S_ErrorCallback
                0x0800853a       0x10 ./Drivers/STM32C0xx_HAL_Driver/stm32c0xx_hal_i2s.o
                0x0800853a                HAL_I2S_ErrorCallback
 .text.I2S_DMARxCplt
                0x0800854a       0x44 ./Drivers/STM32C0xx_HAL_Driver/stm32c0xx_hal_i2s.o
 .text.I2S_DMARxHalfCplt
                0x0800858e       0x1e ./Drivers/STM32C0xx_HAL_Driver/stm32c0xx_hal_i2s.o
 .text.I2S_DMAError
                0x080085ac       0x4e ./Drivers/STM32C0xx_HAL_Driver/stm32c0xx_hal_i2s.o
 .text.I2S_Transmit_IT
                0x080085fa       0x5e ./Drivers/STM32C0xx_HAL_Driver/stm32c0xx_hal_i2s.o
 .text.I2S_Receive_IT
                0x08008658       0x60 ./Drivers/STM32C0xx_HAL_Driver/stm32c0xx_hal_i2s.o
 .text.HAL_RCC_OscConfig
                0x080086b8      0x3c8 ./Drivers/STM32C0xx_HAL_Driver/stm32c0xx_hal_rcc.o
                0x080086b8                HAL_RCC_OscConfig
 .text.HAL_RCC_ClockConfig
                0x08008a80      0x214 ./Drivers/STM32C0xx_HAL_Driver/stm32c0xx_hal_rcc.o
                0x08008a80                HAL_RCC_ClockConfig
 .text.HAL_RCC_GetSysClockFreq
                0x08008c94       0xa0 ./Drivers/STM32C0xx_HAL_Driver/stm32c0xx_hal_rcc.o
                0x08008c94                HAL_RCC_GetSysClockFreq
 .text.HAL_RCC_GetHCLKFreq
                0x08008d34       0x3c ./Drivers/STM32C0xx_HAL_Driver/stm32c0xx_hal_rcc.o
                0x08008d34                HAL_RCC_GetHCLKFreq
 .text.HAL_RCC_GetPCLK1Freq
                0x08008d70       0x30 ./Drivers/STM32C0xx_HAL_Driver/stm32c0xx_hal_rcc.o
                0x08008d70                HAL_RCC_GetPCLK1Freq
 .text.HAL_RCCEx_PeriphCLKConfig
                0x08008da0      0x1f4 ./Drivers/STM32C0xx_HAL_Driver/stm32c0xx_hal_rcc_ex.o
                0x08008da0                HAL_RCCEx_PeriphCLKConfig
 .text.HAL_RCCEx_GetPeriphCLKFreq
                0x08008f94      0x2c8 ./Drivers/STM32C0xx_HAL_Driver/stm32c0xx_hal_rcc_ex.o
                0x08008f94                HAL_RCCEx_GetPeriphCLKFreq
 .text.HAL_SPI_Init
                0x0800925c      0x170 ./Drivers/STM32C0xx_HAL_Driver/stm32c0xx_hal_spi.o
                0x0800925c                HAL_SPI_Init
 .text.HAL_SPI_Transmit
                0x080093cc      0x306 ./Drivers/STM32C0xx_HAL_Driver/stm32c0xx_hal_spi.o
                0x080093cc                HAL_SPI_Transmit
 *fill*         0x080096d2        0x2 
 .text.HAL_SPI_Receive
                0x080096d4      0x28c ./Drivers/STM32C0xx_HAL_Driver/stm32c0xx_hal_spi.o
                0x080096d4                HAL_SPI_Receive
 .text.HAL_SPI_TransmitReceive
                0x08009960      0x47c ./Drivers/STM32C0xx_HAL_Driver/stm32c0xx_hal_spi.o
                0x08009960                HAL_SPI_TransmitReceive
 .text.SPI_WaitFlagStateUntilTimeout
                0x08009ddc      0x11c ./Drivers/STM32C0xx_HAL_Driver/stm32c0xx_hal_spi.o
 .text.SPI_WaitFifoStateUntilTimeout
                0x08009ef8      0x144 ./Drivers/STM32C0xx_HAL_Driver/stm32c0xx_hal_spi.o
 .text.SPI_EndRxTransaction
                0x0800a03c       0xbc ./Drivers/STM32C0xx_HAL_Driver/stm32c0xx_hal_spi.o
 .text.SPI_EndRxTxTransaction
                0x0800a0f8       0x8c ./Drivers/STM32C0xx_HAL_Driver/stm32c0xx_hal_spi.o
 .text.HAL_TIM_Base_Init
                0x0800a184       0xb0 ./Drivers/STM32C0xx_HAL_Driver/stm32c0xx_hal_tim.o
                0x0800a184                HAL_TIM_Base_Init
 .text.HAL_TIM_PWM_Init
                0x0800a234       0xb0 ./Drivers/STM32C0xx_HAL_Driver/stm32c0xx_hal_tim.o
                0x0800a234                HAL_TIM_PWM_Init
 .text.HAL_TIM_PWM_MspInit
                0x0800a2e4       0x10 ./Drivers/STM32C0xx_HAL_Driver/stm32c0xx_hal_tim.o
                0x0800a2e4                HAL_TIM_PWM_MspInit
 .text.HAL_TIM_PWM_ConfigChannel
                0x0800a2f4      0x200 ./Drivers/STM32C0xx_HAL_Driver/stm32c0xx_hal_tim.o
                0x0800a2f4                HAL_TIM_PWM_ConfigChannel
 .text.HAL_TIM_ConfigClockSource
                0x0800a4f4      0x1ac ./Drivers/STM32C0xx_HAL_Driver/stm32c0xx_hal_tim.o
                0x0800a4f4                HAL_TIM_ConfigClockSource
 .text.TIM_Base_SetConfig
                0x0800a6a0      0x10c ./Drivers/STM32C0xx_HAL_Driver/stm32c0xx_hal_tim.o
                0x0800a6a0                TIM_Base_SetConfig
 .text.TIM_OC1_SetConfig
                0x0800a7ac      0x114 ./Drivers/STM32C0xx_HAL_Driver/stm32c0xx_hal_tim.o
 .text.TIM_OC2_SetConfig
                0x0800a8c0      0x108 ./Drivers/STM32C0xx_HAL_Driver/stm32c0xx_hal_tim.o
                0x0800a8c0                TIM_OC2_SetConfig
 .text.TIM_OC3_SetConfig
                0x0800a9c8      0x110 ./Drivers/STM32C0xx_HAL_Driver/stm32c0xx_hal_tim.o
 .text.TIM_OC4_SetConfig
                0x0800aad8       0xd4 ./Drivers/STM32C0xx_HAL_Driver/stm32c0xx_hal_tim.o
 .text.TIM_OC5_SetConfig
                0x0800abac       0xc0 ./Drivers/STM32C0xx_HAL_Driver/stm32c0xx_hal_tim.o
 .text.TIM_OC6_SetConfig
                0x0800ac6c       0xc8 ./Drivers/STM32C0xx_HAL_Driver/stm32c0xx_hal_tim.o
 .text.TIM_TI1_ConfigInputStage
                0x0800ad34       0x5c ./Drivers/STM32C0xx_HAL_Driver/stm32c0xx_hal_tim.o
 .text.TIM_TI2_ConfigInputStage
                0x0800ad90       0x64 ./Drivers/STM32C0xx_HAL_Driver/stm32c0xx_hal_tim.o
 .text.TIM_ITRx_SetConfig
                0x0800adf4       0x38 ./Drivers/STM32C0xx_HAL_Driver/stm32c0xx_hal_tim.o
 .text.TIM_ETR_SetConfig
                0x0800ae2c       0x40 ./Drivers/STM32C0xx_HAL_Driver/stm32c0xx_hal_tim.o
                0x0800ae2c                TIM_ETR_SetConfig
 .text.HAL_TIMEx_MasterConfigSynchronization
                0x0800ae6c       0xdc ./Drivers/STM32C0xx_HAL_Driver/stm32c0xx_hal_tim_ex.o
                0x0800ae6c                HAL_TIMEx_MasterConfigSynchronization
 .text.HAL_TIMEx_ConfigBreakDeadTime
                0x0800af48      0x138 ./Drivers/STM32C0xx_HAL_Driver/stm32c0xx_hal_tim_ex.o
                0x0800af48                HAL_TIMEx_ConfigBreakDeadTime
 .text.HAL_UART_Init
                0x0800b080       0xac ./Drivers/STM32C0xx_HAL_Driver/stm32c0xx_hal_uart.o
                0x0800b080                HAL_UART_Init
 .text.HAL_UART_Receive_IT
                0x0800b12c       0xae ./Drivers/STM32C0xx_HAL_Driver/stm32c0xx_hal_uart.o
                0x0800b12c                HAL_UART_Receive_IT
 *fill*         0x0800b1da        0x2 
 .text.HAL_UART_IRQHandler
                0x0800b1dc      0x68c ./Drivers/STM32C0xx_HAL_Driver/stm32c0xx_hal_uart.o
                0x0800b1dc                HAL_UART_IRQHandler
 .text.HAL_UART_TxCpltCallback
                0x0800b868       0x10 ./Drivers/STM32C0xx_HAL_Driver/stm32c0xx_hal_uart.o
                0x0800b868                HAL_UART_TxCpltCallback
 .text.HAL_UART_RxCpltCallback
                0x0800b878       0x10 ./Drivers/STM32C0xx_HAL_Driver/stm32c0xx_hal_uart.o
                0x0800b878                HAL_UART_RxCpltCallback
 .text.HAL_UART_ErrorCallback
                0x0800b888       0x10 ./Drivers/STM32C0xx_HAL_Driver/stm32c0xx_hal_uart.o
                0x0800b888                HAL_UART_ErrorCallback
 .text.HAL_UARTEx_RxEventCallback
                0x0800b898       0x16 ./Drivers/STM32C0xx_HAL_Driver/stm32c0xx_hal_uart.o
                0x0800b898                HAL_UARTEx_RxEventCallback
 *fill*         0x0800b8ae        0x2 
 .text.UART_SetConfig
                0x0800b8b0      0x32c ./Drivers/STM32C0xx_HAL_Driver/stm32c0xx_hal_uart.o
                0x0800b8b0                UART_SetConfig
 .text.UART_AdvFeatureConfig
                0x0800bbdc      0x168 ./Drivers/STM32C0xx_HAL_Driver/stm32c0xx_hal_uart.o
                0x0800bbdc                UART_AdvFeatureConfig
 .text.UART_CheckIdleState
                0x0800bd44      0x154 ./Drivers/STM32C0xx_HAL_Driver/stm32c0xx_hal_uart.o
                0x0800bd44                UART_CheckIdleState
 .text.UART_WaitOnFlagUntilTimeout
                0x0800be98       0xde ./Drivers/STM32C0xx_HAL_Driver/stm32c0xx_hal_uart.o
                0x0800be98                UART_WaitOnFlagUntilTimeout
 *fill*         0x0800bf76        0x2 
 .text.UART_Start_Receive_IT
                0x0800bf78      0x248 ./Drivers/STM32C0xx_HAL_Driver/stm32c0xx_hal_uart.o
                0x0800bf78                UART_Start_Receive_IT
 .text.UART_EndRxTransfer
                0x0800c1c0       0xcc ./Drivers/STM32C0xx_HAL_Driver/stm32c0xx_hal_uart.o
 .text.UART_DMAAbortOnError
                0x0800c28c       0x26 ./Drivers/STM32C0xx_HAL_Driver/stm32c0xx_hal_uart.o
 .text.UART_EndTransmit_IT
                0x0800c2b2       0x58 ./Drivers/STM32C0xx_HAL_Driver/stm32c0xx_hal_uart.o
 *fill*         0x0800c30a        0x2 
 .text.UART_RxISR_8BIT
                0x0800c30c      0x1b8 ./Drivers/STM32C0xx_HAL_Driver/stm32c0xx_hal_uart.o
 .text.UART_RxISR_16BIT
                0x0800c4c4      0x1b8 ./Drivers/STM32C0xx_HAL_Driver/stm32c0xx_hal_uart.o
 .text.UART_RxISR_8BIT_FIFOEN
                0x0800c67c      0x334 ./Drivers/STM32C0xx_HAL_Driver/stm32c0xx_hal_uart.o
 .text.UART_RxISR_16BIT_FIFOEN
                0x0800c9b0      0x34c ./Drivers/STM32C0xx_HAL_Driver/stm32c0xx_hal_uart.o
 .text.HAL_UARTEx_WakeupCallback
                0x0800ccfc       0x10 ./Drivers/STM32C0xx_HAL_Driver/stm32c0xx_hal_uart_ex.o
                0x0800ccfc                HAL_UARTEx_WakeupCallback
 .text.HAL_UARTEx_RxFifoFullCallback
                0x0800cd0c       0x10 ./Drivers/STM32C0xx_HAL_Driver/stm32c0xx_hal_uart_ex.o
                0x0800cd0c                HAL_UARTEx_RxFifoFullCallback
 .text.HAL_UARTEx_TxFifoEmptyCallback
                0x0800cd1c       0x10 ./Drivers/STM32C0xx_HAL_Driver/stm32c0xx_hal_uart_ex.o
                0x0800cd1c                HAL_UARTEx_TxFifoEmptyCallback
 .text.HAL_UARTEx_DisableFifoMode
                0x0800cd2c       0x74 ./Drivers/STM32C0xx_HAL_Driver/stm32c0xx_hal_uart_ex.o
                0x0800cd2c                HAL_UARTEx_DisableFifoMode
 .text.HAL_UARTEx_SetTxFifoThreshold
                0x0800cda0       0x7e ./Drivers/STM32C0xx_HAL_Driver/stm32c0xx_hal_uart_ex.o
                0x0800cda0                HAL_UARTEx_SetTxFifoThreshold
 *fill*         0x0800ce1e        0x2 
 .text.HAL_UARTEx_SetRxFifoThreshold
                0x0800ce20       0x84 ./Drivers/STM32C0xx_HAL_Driver/stm32c0xx_hal_uart_ex.o
                0x0800ce20                HAL_UARTEx_SetRxFifoThreshold
 .text.UARTEx_SetNbDataToProcess
                0x0800cea4       0xbc ./Drivers/STM32C0xx_HAL_Driver/stm32c0xx_hal_uart_ex.o
 .text.atof     0x0800cf60        0xa C:/ST/STM32CubeIDE_2.1.1/STM32CubeIDE/plugins/com.st.stm32cube.ide.mcu.externaltools.gnu-tools-for-stm32.14.3.rel1.win32_1.0.100.202602081740/tools/bin/../lib/gcc/arm-none-eabi/14.3.1/../../../../arm-none-eabi/lib/thumb/v6-m/nofp\libc_nano.a(libc_a-atof.o)
                0x0800cf60                atof
 .text.atoi     0x0800cf6a        0xc C:/ST/STM32CubeIDE_2.1.1/STM32CubeIDE/plugins/com.st.stm32cube.ide.mcu.externaltools.gnu-tools-for-stm32.14.3.rel1.win32_1.0.100.202602081740/tools/bin/../lib/gcc/arm-none-eabi/14.3.1/../../../../arm-none-eabi/lib/thumb/v6-m/nofp\libc_nano.a(libc_a-atoi.o)
                0x0800cf6a                atoi
 *fill*         0x0800cf76        0x2 
 .text.sulp     0x0800cf78       0x30 C:/ST/STM32CubeIDE_2.1.1/STM32CubeIDE/plugins/com.st.stm32cube.ide.mcu.externaltools.gnu-tools-for-stm32.14.3.rel1.win32_1.0.100.202602081740/tools/bin/../lib/gcc/arm-none-eabi/14.3.1/../../../../arm-none-eabi/lib/thumb/v6-m/nofp\libc_nano.a(libc_a-strtod.o)
 .text._strtod_l
                0x0800cfa8      0xc04 C:/ST/STM32CubeIDE_2.1.1/STM32CubeIDE/plugins/com.st.stm32cube.ide.mcu.externaltools.gnu-tools-for-stm32.14.3.rel1.win32_1.0.100.202602081740/tools/bin/../lib/gcc/arm-none-eabi/14.3.1/../../../../arm-none-eabi/lib/thumb/v6-m/nofp\libc_nano.a(libc_a-strtod.o)
                0x0800cfa8                _strtod_l
 .text.strtod   0x0800dbac       0x1c C:/ST/STM32CubeIDE_2.1.1/STM32CubeIDE/plugins/com.st.stm32cube.ide.mcu.externaltools.gnu-tools-for-stm32.14.3.rel1.win32_1.0.100.202602081740/tools/bin/../lib/gcc/arm-none-eabi/14.3.1/../../../../arm-none-eabi/lib/thumb/v6-m/nofp\libc_nano.a(libc_a-strtod.o)
                0x0800dbac                strtod
 .text._strtol_l.isra.0
                0x0800dbc8      0x114 C:/ST/STM32CubeIDE_2.1.1/STM32CubeIDE/plugins/com.st.stm32cube.ide.mcu.externaltools.gnu-tools-for-stm32.14.3.rel1.win32_1.0.100.202602081740/tools/bin/../lib/gcc/arm-none-eabi/14.3.1/../../../../arm-none-eabi/lib/thumb/v6-m/nofp\libc_nano.a(libc_a-strtol.o)
 .text.strtol   0x0800dcdc       0x18 C:/ST/STM32CubeIDE_2.1.1/STM32CubeIDE/plugins/com.st.stm32cube.ide.mcu.externaltools.gnu-tools-for-stm32.14.3.rel1.win32_1.0.100.202602081740/tools/bin/../lib/gcc/arm-none-eabi/14.3.1/../../../../arm-none-eabi/lib/thumb/v6-m/nofp\libc_nano.a(libc_a-strtol.o)
                0x0800dcdc                strtol
 .text.std      0x0800dcf4       0x6c C:/ST/STM32CubeIDE_2.1.1/STM32CubeIDE/plugins/com.st.stm32cube.ide.mcu.externaltools.gnu-tools-for-stm32.14.3.rel1.win32_1.0.100.202602081740/tools/bin/../lib/gcc/arm-none-eabi/14.3.1/../../../../arm-none-eabi/lib/thumb/v6-m/nofp\libc_nano.a(libc_a-findfp.o)
 .text.stdio_exit_handler
                0x0800dd60       0x1c C:/ST/STM32CubeIDE_2.1.1/STM32CubeIDE/plugins/com.st.stm32cube.ide.mcu.externaltools.gnu-tools-for-stm32.14.3.rel1.win32_1.0.100.202602081740/tools/bin/../lib/gcc/arm-none-eabi/14.3.1/../../../../arm-none-eabi/lib/thumb/v6-m/nofp\libc_nano.a(libc_a-findfp.o)
 .text.cleanup_stdio
                0x0800dd7c       0x3c C:/ST/STM32CubeIDE_2.1.1/STM32CubeIDE/plugins/com.st.stm32cube.ide.mcu.externaltools.gnu-tools-for-stm32.14.3.rel1.win32_1.0.100.202602081740/tools/bin/../lib/gcc/arm-none-eabi/14.3.1/../../../../arm-none-eabi/lib/thumb/v6-m/nofp\libc_nano.a(libc_a-findfp.o)
 .text.global_stdio_init.part.0
                0x0800ddb8       0x3c C:/ST/STM32CubeIDE_2.1.1/STM32CubeIDE/plugins/com.st.stm32cube.ide.mcu.externaltools.gnu-tools-for-stm32.14.3.rel1.win32_1.0.100.202602081740/tools/bin/../lib/gcc/arm-none-eabi/14.3.1/../../../../arm-none-eabi/lib/thumb/v6-m/nofp\libc_nano.a(libc_a-findfp.o)
 .text.__sfp_lock_acquire
                0x0800ddf4       0x10 C:/ST/STM32CubeIDE_2.1.1/STM32CubeIDE/plugins/com.st.stm32cube.ide.mcu.externaltools.gnu-tools-for-stm32.14.3.rel1.win32_1.0.100.202602081740/tools/bin/../lib/gcc/arm-none-eabi/14.3.1/../../../../arm-none-eabi/lib/thumb/v6-m/nofp\libc_nano.a(libc_a-findfp.o)
                0x0800ddf4                __sfp_lock_acquire
 .text.__sfp_lock_release
                0x0800de04       0x10 C:/ST/STM32CubeIDE_2.1.1/STM32CubeIDE/plugins/com.st.stm32cube.ide.mcu.externaltools.gnu-tools-for-stm32.14.3.rel1.win32_1.0.100.202602081740/tools/bin/../lib/gcc/arm-none-eabi/14.3.1/../../../../arm-none-eabi/lib/thumb/v6-m/nofp\libc_nano.a(libc_a-findfp.o)
                0x0800de04                __sfp_lock_release
 .text.__sinit  0x0800de14       0x30 C:/ST/STM32CubeIDE_2.1.1/STM32CubeIDE/plugins/com.st.stm32cube.ide.mcu.externaltools.gnu-tools-for-stm32.14.3.rel1.win32_1.0.100.202602081740/tools/bin/../lib/gcc/arm-none-eabi/14.3.1/../../../../arm-none-eabi/lib/thumb/v6-m/nofp\libc_nano.a(libc_a-findfp.o)
                0x0800de14                __sinit
 .text._fwalk_sglue
                0x0800de44       0x38 C:/ST/STM32CubeIDE_2.1.1/STM32CubeIDE/plugins/com.st.stm32cube.ide.mcu.externaltools.gnu-tools-for-stm32.14.3.rel1.win32_1.0.100.202602081740/tools/bin/../lib/gcc/arm-none-eabi/14.3.1/../../../../arm-none-eabi/lib/thumb/v6-m/nofp\libc_nano.a(libc_a-fwalk.o)
                0x0800de44                _fwalk_sglue
 .text.__sread  0x0800de7c       0x28 C:/ST/STM32CubeIDE_2.1.1/STM32CubeIDE/plugins/com.st.stm32cube.ide.mcu.externaltools.gnu-tools-for-stm32.14.3.rel1.win32_1.0.100.202602081740/tools/bin/../lib/gcc/arm-none-eabi/14.3.1/../../../../arm-none-eabi/lib/thumb/v6-m/nofp\libc_nano.a(libc_a-stdio.o)
                0x0800de7c                __sread
 .text.__swrite
                0x0800dea4       0x38 C:/ST/STM32CubeIDE_2.1.1/STM32CubeIDE/plugins/com.st.stm32cube.ide.mcu.externaltools.gnu-tools-for-stm32.14.3.rel1.win32_1.0.100.202602081740/tools/bin/../lib/gcc/arm-none-eabi/14.3.1/../../../../arm-none-eabi/lib/thumb/v6-m/nofp\libc_nano.a(libc_a-stdio.o)
                0x0800dea4                __swrite
 .text.__sseek  0x0800dedc       0x2c C:/ST/STM32CubeIDE_2.1.1/STM32CubeIDE/plugins/com.st.stm32cube.ide.mcu.externaltools.gnu-tools-for-stm32.14.3.rel1.win32_1.0.100.202602081740/tools/bin/../lib/gcc/arm-none-eabi/14.3.1/../../../../arm-none-eabi/lib/thumb/v6-m/nofp\libc_nano.a(libc_a-stdio.o)
                0x0800dedc                __sseek
 .text.__sclose
                0x0800df08        0xc C:/ST/STM32CubeIDE_2.1.1/STM32CubeIDE/plugins/com.st.stm32cube.ide.mcu.externaltools.gnu-tools-for-stm32.14.3.rel1.win32_1.0.100.202602081740/tools/bin/../lib/gcc/arm-none-eabi/14.3.1/../../../../arm-none-eabi/lib/thumb/v6-m/nofp\libc_nano.a(libc_a-stdio.o)
                0x0800df08                __sclose
 .text.memcmp   0x0800df14       0x1c C:/ST/STM32CubeIDE_2.1.1/STM32CubeIDE/plugins/com.st.stm32cube.ide.mcu.externaltools.gnu-tools-for-stm32.14.3.rel1.win32_1.0.100.202602081740/tools/bin/../lib/gcc/arm-none-eabi/14.3.1/../../../../arm-none-eabi/lib/thumb/v6-m/nofp\libc_nano.a(libc_a-memcmp.o)
                0x0800df14                memcmp
 .text.memset   0x0800df30       0x10 C:/ST/STM32CubeIDE_2.1.1/STM32CubeIDE/plugins/com.st.stm32cube.ide.mcu.externaltools.gnu-tools-for-stm32.14.3.rel1.win32_1.0.100.202602081740/tools/bin/../lib/gcc/arm-none-eabi/14.3.1/../../../../arm-none-eabi/lib/thumb/v6-m/nofp\libc_nano.a(libc_a-memset.o)
                0x0800df30                memset
 .text.strchr   0x0800df40       0x1c C:/ST/STM32CubeIDE_2.1.1/STM32CubeIDE/plugins/com.st.stm32cube.ide.mcu.externaltools.gnu-tools-for-stm32.14.3.rel1.win32_1.0.100.202602081740/tools/bin/../lib/gcc/arm-none-eabi/14.3.1/../../../../arm-none-eabi/lib/thumb/v6-m/nofp\libc_nano.a(libc_a-strchr.o)
                0x0800df40                strchr
 .text.strncmp  0x0800df5c       0x22 C:/ST/STM32CubeIDE_2.1.1/STM32CubeIDE/plugins/com.st.stm32cube.ide.mcu.externaltools.gnu-tools-for-stm32.14.3.rel1.win32_1.0.100.202602081740/tools/bin/../lib/gcc/arm-none-eabi/14.3.1/../../../../arm-none-eabi/lib/thumb/v6-m/nofp\libc_nano.a(libc_a-strncmp.o)
                0x0800df5c                strncmp
 .text.strncpy  0x0800df7e       0x28 C:/ST/STM32CubeIDE_2.1.1/STM32CubeIDE/plugins/com.st.stm32cube.ide.mcu.externaltools.gnu-tools-for-stm32.14.3.rel1.win32_1.0.100.202602081740/tools/bin/../lib/gcc/arm-none-eabi/14.3.1/../../../../arm-none-eabi/lib/thumb/v6-m/nofp\libc_nano.a(libc_a-strncpy.o)
                0x0800df7e                strncpy
 .text.__strtok_r
                0x0800dfa6       0x58 C:/ST/STM32CubeIDE_2.1.1/STM32CubeIDE/plugins/com.st.stm32cube.ide.mcu.externaltools.gnu-tools-for-stm32.14.3.rel1.win32_1.0.100.202602081740/tools/bin/../lib/gcc/arm-none-eabi/14.3.1/../../../../arm-none-eabi/lib/thumb/v6-m/nofp\libc_nano.a(libc_a-strtok_r.o)
                0x0800dfa6                __strtok_r
 .text.strtok_r
                0x0800dffe        0xa C:/ST/STM32CubeIDE_2.1.1/STM32CubeIDE/plugins/com.st.stm32cube.ide.mcu.externaltools.gnu-tools-for-stm32.14.3.rel1.win32_1.0.100.202602081740/tools/bin/../lib/gcc/arm-none-eabi/14.3.1/../../../../arm-none-eabi/lib/thumb/v6-m/nofp\libc_nano.a(libc_a-strtok_r.o)
                0x0800dffe                strtok_r
 .text._close_r
                0x0800e008       0x24 C:/ST/STM32CubeIDE_2.1.1/STM32CubeIDE/plugins/com.st.stm32cube.ide.mcu.externaltools.gnu-tools-for-stm32.14.3.rel1.win32_1.0.100.202602081740/tools/bin/../lib/gcc/arm-none-eabi/14.3.1/../../../../arm-none-eabi/lib/thumb/v6-m/nofp\libc_nano.a(libc_a-closer.o)
                0x0800e008                _close_r
 .text._lseek_r
                0x0800e02c       0x28 C:/ST/STM32CubeIDE_2.1.1/STM32CubeIDE/plugins/com.st.stm32cube.ide.mcu.externaltools.gnu-tools-for-stm32.14.3.rel1.win32_1.0.100.202602081740/tools/bin/../lib/gcc/arm-none-eabi/14.3.1/../../../../arm-none-eabi/lib/thumb/v6-m/nofp\libc_nano.a(libc_a-lseekr.o)
                0x0800e02c                _lseek_r
 .text._read_r  0x0800e054       0x28 C:/ST/STM32CubeIDE_2.1.1/STM32CubeIDE/plugins/com.st.stm32cube.ide.mcu.externaltools.gnu-tools-for-stm32.14.3.rel1.win32_1.0.100.202602081740/tools/bin/../lib/gcc/arm-none-eabi/14.3.1/../../../../arm-none-eabi/lib/thumb/v6-m/nofp\libc_nano.a(libc_a-readr.o)
                0x0800e054                _read_r
 .text._write_r
                0x0800e07c       0x28 C:/ST/STM32CubeIDE_2.1.1/STM32CubeIDE/plugins/com.st.stm32cube.ide.mcu.externaltools.gnu-tools-for-stm32.14.3.rel1.win32_1.0.100.202602081740/tools/bin/../lib/gcc/arm-none-eabi/14.3.1/../../../../arm-none-eabi/lib/thumb/v6-m/nofp\libc_nano.a(libc_a-writer.o)
                0x0800e07c                _write_r
 .text.__errno  0x0800e0a4        0xc C:/ST/STM32CubeIDE_2.1.1/STM32CubeIDE/plugins/com.st.stm32cube.ide.mcu.externaltools.gnu-tools-for-stm32.14.3.rel1.win32_1.0.100.202602081740/tools/bin/../lib/gcc/arm-none-eabi/14.3.1/../../../../arm-none-eabi/lib/thumb/v6-m/nofp\libc_nano.a(libc_a-errno.o)
                0x0800e0a4                __errno
 .text.__libc_init_array
                0x0800e0b0       0x48 C:/ST/STM32CubeIDE_2.1.1/STM32CubeIDE/plugins/com.st.stm32cube.ide.mcu.externaltools.gnu-tools-for-stm32.14.3.rel1.win32_1.0.100.202602081740/tools/bin/../lib/gcc/arm-none-eabi/14.3.1/../../../../arm-none-eabi/lib/thumb/v6-m/nofp\libc_nano.a(libc_a-init.o)
                0x0800e0b0                __libc_init_array
 .text.__retarget_lock_init_recursive
                0x0800e0f8        0x2 C:/ST/STM32CubeIDE_2.1.1/STM32CubeIDE/plugins/com.st.stm32cube.ide.mcu.externaltools.gnu-tools-for-stm32.14.3.rel1.win32_1.0.100.202602081740/tools/bin/../lib/gcc/arm-none-eabi/14.3.1/../../../../arm-none-eabi/lib/thumb/v6-m/nofp\libc_nano.a(libc_a-lock.o)
                0x0800e0f8                __retarget_lock_init_recursive
 .text.__retarget_lock_acquire_recursive
                0x0800e0fa        0x2 C:/ST/STM32CubeIDE_2.1.1/STM32CubeIDE/plugins/com.st.stm32cube.ide.mcu.externaltools.gnu-tools-for-stm32.14.3.rel1.win32_1.0.100.202602081740/tools/bin/../lib/gcc/arm-none-eabi/14.3.1/../../../../arm-none-eabi/lib/thumb/v6-m/nofp\libc_nano.a(libc_a-lock.o)
                0x0800e0fa                __retarget_lock_acquire_recursive
 .text.__retarget_lock_release_recursive
                0x0800e0fc        0x2 C:/ST/STM32CubeIDE_2.1.1/STM32CubeIDE/plugins/com.st.stm32cube.ide.mcu.externaltools.gnu-tools-for-stm32.14.3.rel1.win32_1.0.100.202602081740/tools/bin/../lib/gcc/arm-none-eabi/14.3.1/../../../../arm-none-eabi/lib/thumb/v6-m/nofp\libc_nano.a(libc_a-lock.o)
                0x0800e0fc                __retarget_lock_release_recursive
 .text.memcpy   0x0800e0fe       0x12 C:/ST/STM32CubeIDE_2.1.1/STM32CubeIDE/plugins/com.st.stm32cube.ide.mcu.externaltools.gnu-tools-for-stm32.14.3.rel1.win32_1.0.100.202602081740/tools/bin/../lib/gcc/arm-none-eabi/14.3.1/../../../../arm-none-eabi/lib/thumb/v6-m/nofp\libc_nano.a(libc_a-memcpy-stub.o)
                0x0800e0fe                memcpy
 .text.nan      0x0800e110        0xc C:/ST/STM32CubeIDE_2.1.1/STM32CubeIDE/plugins/com.st.stm32cube.ide.mcu.externaltools.gnu-tools-for-stm32.14.3.rel1.win32_1.0.100.202602081740/tools/bin/../lib/gcc/arm-none-eabi/14.3.1/../../../../arm-none-eabi/lib/thumb/v6-m/nofp\libc_nano.a(libm_a-s_nan.o)
                0x0800e110                nan
 .text._free_r  0x0800e11c       0x94 C:/ST/STM32CubeIDE_2.1.1/STM32CubeIDE/plugins/com.st.stm32cube.ide.mcu.externaltools.gnu-tools-for-stm32.14.3.rel1.win32_1.0.100.202602081740/tools/bin/../lib/gcc/arm-none-eabi/14.3.1/../../../../arm-none-eabi/lib/thumb/v6-m/nofp\libc_nano.a(libc_a-freer.o)
                0x0800e11c                _free_r
 .text.rshift   0x0800e1b0       0xa6 C:/ST/STM32CubeIDE_2.1.1/STM32CubeIDE/plugins/com.st.stm32cube.ide.mcu.externaltools.gnu-tools-for-stm32.14.3.rel1.win32_1.0.100.202602081740/tools/bin/../lib/gcc/arm-none-eabi/14.3.1/../../../../arm-none-eabi/lib/thumb/v6-m/nofp\libc_nano.a(libc_a-gdtoa-gethex.o)
 .text.__hexdig_fun
                0x0800e256       0x2a C:/ST/STM32CubeIDE_2.1.1/STM32CubeIDE/plugins/com.st.stm32cube.ide.mcu.externaltools.gnu-tools-for-stm32.14.3.rel1.win32_1.0.100.202602081740/tools/bin/../lib/gcc/arm-none-eabi/14.3.1/../../../../arm-none-eabi/lib/thumb/v6-m/nofp\libc_nano.a(libc_a-gdtoa-gethex.o)
                0x0800e256                __hexdig_fun
 .text.__gethex
                0x0800e280      0x448 C:/ST/STM32CubeIDE_2.1.1/STM32CubeIDE/plugins/com.st.stm32cube.ide.mcu.externaltools.gnu-tools-for-stm32.14.3.rel1.win32_1.0.100.202602081740/tools/bin/../lib/gcc/arm-none-eabi/14.3.1/../../../../arm-none-eabi/lib/thumb/v6-m/nofp\libc_nano.a(libc_a-gdtoa-gethex.o)
                0x0800e280                __gethex
 .text.L_shift  0x0800e6c8       0x24 C:/ST/STM32CubeIDE_2.1.1/STM32CubeIDE/plugins/com.st.stm32cube.ide.mcu.externaltools.gnu-tools-for-stm32.14.3.rel1.win32_1.0.100.202602081740/tools/bin/../lib/gcc/arm-none-eabi/14.3.1/../../../../arm-none-eabi/lib/thumb/v6-m/nofp\libc_nano.a(libc_a-gdtoa-hexnan.o)
 .text.__match  0x0800e6ec       0x28 C:/ST/STM32CubeIDE_2.1.1/STM32CubeIDE/plugins/com.st.stm32cube.ide.mcu.externaltools.gnu-tools-for-stm32.14.3.rel1.win32_1.0.100.202602081740/tools/bin/../lib/gcc/arm-none-eabi/14.3.1/../../../../arm-none-eabi/lib/thumb/v6-m/nofp\libc_nano.a(libc_a-gdtoa-hexnan.o)
                0x0800e6ec                __match
 .text.__hexnan
                0x0800e714      0x154 C:/ST/STM32CubeIDE_2.1.1/STM32CubeIDE/plugins/com.st.stm32cube.ide.mcu.externaltools.gnu-tools-for-stm32.14.3.rel1.win32_1.0.100.202602081740/tools/bin/../lib/gcc/arm-none-eabi/14.3.1/../../../../arm-none-eabi/lib/thumb/v6-m/nofp\libc_nano.a(libc_a-gdtoa-hexnan.o)
                0x0800e714                __hexnan
 .text.sbrk_aligned
                0x0800e868       0x44 C:/ST/STM32CubeIDE_2.1.1/STM32CubeIDE/plugins/com.st.stm32cube.ide.mcu.externaltools.gnu-tools-for-stm32.14.3.rel1.win32_1.0.100.202602081740/tools/bin/../lib/gcc/arm-none-eabi/14.3.1/../../../../arm-none-eabi/lib/thumb/v6-m/nofp\libc_nano.a(libc_a-mallocr.o)
 .text._malloc_r
                0x0800e8ac      0x100 C:/ST/STM32CubeIDE_2.1.1/STM32CubeIDE/plugins/com.st.stm32cube.ide.mcu.externaltools.gnu-tools-for-stm32.14.3.rel1.win32_1.0.100.202602081740/tools/bin/../lib/gcc/arm-none-eabi/14.3.1/../../../../arm-none-eabi/lib/thumb/v6-m/nofp\libc_nano.a(libc_a-mallocr.o)
                0x0800e8ac                _malloc_r
 .text.__ascii_mbtowc
                0x0800e9ac       0x24 C:/ST/STM32CubeIDE_2.1.1/STM32CubeIDE/plugins/com.st.stm32cube.ide.mcu.externaltools.gnu-tools-for-stm32.14.3.rel1.win32_1.0.100.202602081740/tools/bin/../lib/gcc/arm-none-eabi/14.3.1/../../../../arm-none-eabi/lib/thumb/v6-m/nofp\libc_nano.a(libc_a-mbtowc_r.o)
                0x0800e9ac                __ascii_mbtowc
 .text.__malloc_lock
                0x0800e9d0       0x10 C:/ST/STM32CubeIDE_2.1.1/STM32CubeIDE/plugins/com.st.stm32cube.ide.mcu.externaltools.gnu-tools-for-stm32.14.3.rel1.win32_1.0.100.202602081740/tools/bin/../lib/gcc/arm-none-eabi/14.3.1/../../../../arm-none-eabi/lib/thumb/v6-m/nofp\libc_nano.a(libc_a-mlock.o)
                0x0800e9d0                __malloc_lock
 .text.__malloc_unlock
                0x0800e9e0       0x10 C:/ST/STM32CubeIDE_2.1.1/STM32CubeIDE/plugins/com.st.stm32cube.ide.mcu.externaltools.gnu-tools-for-stm32.14.3.rel1.win32_1.0.100.202602081740/tools/bin/../lib/gcc/arm-none-eabi/14.3.1/../../../../arm-none-eabi/lib/thumb/v6-m/nofp\libc_nano.a(libc_a-mlock.o)
                0x0800e9e0                __malloc_unlock
 .text._Balloc  0x0800e9f0       0x84 C:/ST/STM32CubeIDE_2.1.1/STM32CubeIDE/plugins/com.st.stm32cube.ide.mcu.externaltools.gnu-tools-for-stm32.14.3.rel1.win32_1.0.100.202602081740/tools/bin/../lib/gcc/arm-none-eabi/14.3.1/../../../../arm-none-eabi/lib/thumb/v6-m/nofp\libc_nano.a(libc_a-mprec.o)
                0x0800e9f0                _Balloc
 .text._Bfree   0x0800ea74       0x48 C:/ST/STM32CubeIDE_2.1.1/STM32CubeIDE/plugins/com.st.stm32cube.ide.mcu.externaltools.gnu-tools-for-stm32.14.3.rel1.win32_1.0.100.202602081740/tools/bin/../lib/gcc/arm-none-eabi/14.3.1/../../../../arm-none-eabi/lib/thumb/v6-m/nofp\libc_nano.a(libc_a-mprec.o)
                0x0800ea74                _Bfree
 .text.__multadd
                0x0800eabc       0x88 C:/ST/STM32CubeIDE_2.1.1/STM32CubeIDE/plugins/com.st.stm32cube.ide.mcu.externaltools.gnu-tools-for-stm32.14.3.rel1.win32_1.0.100.202602081740/tools/bin/../lib/gcc/arm-none-eabi/14.3.1/../../../../arm-none-eabi/lib/thumb/v6-m/nofp\libc_nano.a(libc_a-mprec.o)
                0x0800eabc                __multadd
 .text.__s2b    0x0800eb44       0x98 C:/ST/STM32CubeIDE_2.1.1/STM32CubeIDE/plugins/com.st.stm32cube.ide.mcu.externaltools.gnu-tools-for-stm32.14.3.rel1.win32_1.0.100.202602081740/tools/bin/../lib/gcc/arm-none-eabi/14.3.1/../../../../arm-none-eabi/lib/thumb/v6-m/nofp\libc_nano.a(libc_a-mprec.o)
                0x0800eb44                __s2b
 .text.__hi0bits
                0x0800ebdc       0x42 C:/ST/STM32CubeIDE_2.1.1/STM32CubeIDE/plugins/com.st.stm32cube.ide.mcu.externaltools.gnu-tools-for-stm32.14.3.rel1.win32_1.0.100.202602081740/tools/bin/../lib/gcc/arm-none-eabi/14.3.1/../../../../arm-none-eabi/lib/thumb/v6-m/nofp\libc_nano.a(libc_a-mprec.o)
                0x0800ebdc                __hi0bits
 .text.__lo0bits
                0x0800ec1e       0x5c C:/ST/STM32CubeIDE_2.1.1/STM32CubeIDE/plugins/com.st.stm32cube.ide.mcu.externaltools.gnu-tools-for-stm32.14.3.rel1.win32_1.0.100.202602081740/tools/bin/../lib/gcc/arm-none-eabi/14.3.1/../../../../arm-none-eabi/lib/thumb/v6-m/nofp\libc_nano.a(libc_a-mprec.o)
                0x0800ec1e                __lo0bits
 *fill*         0x0800ec7a        0x2 
 .text.__i2b    0x0800ec7c       0x30 C:/ST/STM32CubeIDE_2.1.1/STM32CubeIDE/plugins/com.st.stm32cube.ide.mcu.externaltools.gnu-tools-for-stm32.14.3.rel1.win32_1.0.100.202602081740/tools/bin/../lib/gcc/arm-none-eabi/14.3.1/../../../../arm-none-eabi/lib/thumb/v6-m/nofp\libc_nano.a(libc_a-mprec.o)
                0x0800ec7c                __i2b
 .text.__multiply
                0x0800ecac      0x158 C:/ST/STM32CubeIDE_2.1.1/STM32CubeIDE/plugins/com.st.stm32cube.ide.mcu.externaltools.gnu-tools-for-stm32.14.3.rel1.win32_1.0.100.202602081740/tools/bin/../lib/gcc/arm-none-eabi/14.3.1/../../../../arm-none-eabi/lib/thumb/v6-m/nofp\libc_nano.a(libc_a-mprec.o)
                0x0800ecac                __multiply
 .text.__pow5mult
                0x0800ee04       0xc4 C:/ST/STM32CubeIDE_2.1.1/STM32CubeIDE/plugins/com.st.stm32cube.ide.mcu.externaltools.gnu-tools-for-stm32.14.3.rel1.win32_1.0.100.202602081740/tools/bin/../lib/gcc/arm-none-eabi/14.3.1/../../../../arm-none-eabi/lib/thumb/v6-m/nofp\libc_nano.a(libc_a-mprec.o)
                0x0800ee04                __pow5mult
 .text.__lshift
                0x0800eec8       0xd8 C:/ST/STM32CubeIDE_2.1.1/STM32CubeIDE/plugins/com.st.stm32cube.ide.mcu.externaltools.gnu-tools-for-stm32.14.3.rel1.win32_1.0.100.202602081740/tools/bin/../lib/gcc/arm-none-eabi/14.3.1/../../../../arm-none-eabi/lib/thumb/v6-m/nofp\libc_nano.a(libc_a-mprec.o)
                0x0800eec8                __lshift
 .text.__mcmp   0x0800efa0       0x36 C:/ST/STM32CubeIDE_2.1.1/STM32CubeIDE/plugins/com.st.stm32cube.ide.mcu.externaltools.gnu-tools-for-stm32.14.3.rel1.win32_1.0.100.202602081740/tools/bin/../lib/gcc/arm-none-eabi/14.3.1/../../../../arm-none-eabi/lib/thumb/v6-m/nofp\libc_nano.a(libc_a-mprec.o)
                0x0800efa0                __mcmp
 *fill*         0x0800efd6        0x2 
 .text.__mdiff  0x0800efd8      0x148 C:/ST/STM32CubeIDE_2.1.1/STM32CubeIDE/plugins/com.st.stm32cube.ide.mcu.externaltools.gnu-tools-for-stm32.14.3.rel1.win32_1.0.100.202602081740/tools/bin/../lib/gcc/arm-none-eabi/14.3.1/../../../../arm-none-eabi/lib/thumb/v6-m/nofp\libc_nano.a(libc_a-mprec.o)
                0x0800efd8                __mdiff
 .text.__ulp    0x0800f120       0x40 C:/ST/STM32CubeIDE_2.1.1/STM32CubeIDE/plugins/com.st.stm32cube.ide.mcu.externaltools.gnu-tools-for-stm32.14.3.rel1.win32_1.0.100.202602081740/tools/bin/../lib/gcc/arm-none-eabi/14.3.1/../../../../arm-none-eabi/lib/thumb/v6-m/nofp\libc_nano.a(libc_a-mprec.o)
                0x0800f120                __ulp
 .text.__b2d    0x0800f160       0x98 C:/ST/STM32CubeIDE_2.1.1/STM32CubeIDE/plugins/com.st.stm32cube.ide.mcu.externaltools.gnu-tools-for-stm32.14.3.rel1.win32_1.0.100.202602081740/tools/bin/../lib/gcc/arm-none-eabi/14.3.1/../../../../arm-none-eabi/lib/thumb/v6-m/nofp\libc_nano.a(libc_a-mprec.o)
                0x0800f160                __b2d
 .text.__d2b    0x0800f1f8       0xc0 C:/ST/STM32CubeIDE_2.1.1/STM32CubeIDE/plugins/com.st.stm32cube.ide.mcu.externaltools.gnu-tools-for-stm32.14.3.rel1.win32_1.0.100.202602081740/tools/bin/../lib/gcc/arm-none-eabi/14.3.1/../../../../arm-none-eabi/lib/thumb/v6-m/nofp\libc_nano.a(libc_a-mprec.o)
                0x0800f1f8                __d2b
 .text.__ratio  0x0800f2b8       0x54 C:/ST/STM32CubeIDE_2.1.1/STM32CubeIDE/plugins/com.st.stm32cube.ide.mcu.externaltools.gnu-tools-for-stm32.14.3.rel1.win32_1.0.100.202602081740/tools/bin/../lib/gcc/arm-none-eabi/14.3.1/../../../../arm-none-eabi/lib/thumb/v6-m/nofp\libc_nano.a(libc_a-mprec.o)
                0x0800f2b8                __ratio
 .text.__copybits
                0x0800f30c       0x42 C:/ST/STM32CubeIDE_2.1.1/STM32CubeIDE/plugins/com.st.stm32cube.ide.mcu.externaltools.gnu-tools-for-stm32.14.3.rel1.win32_1.0.100.202602081740/tools/bin/../lib/gcc/arm-none-eabi/14.3.1/../../../../arm-none-eabi/lib/thumb/v6-m/nofp\libc_nano.a(libc_a-mprec.o)
                0x0800f30c                __copybits
 .text.__any_on
                0x0800f34e       0x46 C:/ST/STM32CubeIDE_2.1.1/STM32CubeIDE/plugins/com.st.stm32cube.ide.mcu.externaltools.gnu-tools-for-stm32.14.3.rel1.win32_1.0.100.202602081740/tools/bin/../lib/gcc/arm-none-eabi/14.3.1/../../../../arm-none-eabi/lib/thumb/v6-m/nofp\libc_nano.a(libc_a-mprec.o)
                0x0800f34e                __any_on
 .text.__ascii_wctomb
                0x0800f394       0x1a C:/ST/STM32CubeIDE_2.1.1/STM32CubeIDE/plugins/com.st.stm32cube.ide.mcu.externaltools.gnu-tools-for-stm32.14.3.rel1.win32_1.0.100.202602081740/tools/bin/../lib/gcc/arm-none-eabi/14.3.1/../../../../arm-none-eabi/lib/thumb/v6-m/nofp\libc_nano.a(libc_a-wctomb_r.o)
                0x0800f394                __ascii_wctomb
 *fill*         0x0800f3ae        0x2 
 .text.__sflush_r
                0x0800f3b0      0x114 C:/ST/STM32CubeIDE_2.1.1/STM32CubeIDE/plugins/com.st.stm32cube.ide.mcu.externaltools.gnu-tools-for-stm32.14.3.rel1.win32_1.0.100.202602081740/tools/bin/../lib/gcc/arm-none-eabi/14.3.1/../../../../arm-none-eabi/lib/thumb/v6-m/nofp\libc_nano.a(libc_a-fflush.o)
                0x0800f3b0                __sflush_r
 .text._fflush_r
                0x0800f4c4       0x56 C:/ST/STM32CubeIDE_2.1.1/STM32CubeIDE/plugins/com.st.stm32cube.ide.mcu.externaltools.gnu-tools-for-stm32.14.3.rel1.win32_1.0.100.202602081740/tools/bin/../lib/gcc/arm-none-eabi/14.3.1/../../../../arm-none-eabi/lib/thumb/v6-m/nofp\libc_nano.a(libc_a-fflush.o)
                0x0800f4c4                _fflush_r
 *fill*         0x0800f51a        0x2 
 .text._sbrk_r  0x0800f51c       0x24 C:/ST/STM32CubeIDE_2.1.1/STM32CubeIDE/plugins/com.st.stm32cube.ide.mcu.externaltools.gnu-tools-for-stm32.14.3.rel1.win32_1.0.100.202602081740/tools/bin/../lib/gcc/arm-none-eabi/14.3.1/../../../../arm-none-eabi/lib/thumb/v6-m/nofp\libc_nano.a(libc_a-sbrkr.o)
                0x0800f51c                _sbrk_r
 .text.__assert_func
                0x0800f540       0x3c C:/ST/STM32CubeIDE_2.1.1/STM32CubeIDE/plugins/com.st.stm32cube.ide.mcu.externaltools.gnu-tools-for-stm32.14.3.rel1.win32_1.0.100.202602081740/tools/bin/../lib/gcc/arm-none-eabi/14.3.1/../../../../arm-none-eabi/lib/thumb/v6-m/nofp\libc_nano.a(libc_a-assert.o)
                0x0800f540                __assert_func
 .text._calloc_r
                0x0800f57c       0x5a C:/ST/STM32CubeIDE_2.1.1/STM32CubeIDE/plugins/com.st.stm32cube.ide.mcu.externaltools.gnu-tools-for-stm32.14.3.rel1.win32_1.0.100.202602081740/tools/bin/../lib/gcc/arm-none-eabi/14.3.1/../../../../arm-none-eabi/lib/thumb/v6-m/nofp\libc_nano.a(libc_a-callocr.o)
                0x0800f57c                _calloc_r
 *fill*         0x0800f5d6        0x2 
 .text.malloc   0x0800f5d8       0x14 C:/ST/STM32CubeIDE_2.1.1/STM32CubeIDE/plugins/com.st.stm32cube.ide.mcu.externaltools.gnu-tools-for-stm32.14.3.rel1.win32_1.0.100.202602081740/tools/bin/../lib/gcc/arm-none-eabi/14.3.1/../../../../arm-none-eabi/lib/thumb/v6-m/nofp\libc_nano.a(libc_a-malloc.o)
                0x0800f5d8                malloc
 .text.fprintf  0x0800f5ec       0x20 C:/ST/STM32CubeIDE_2.1.1/STM32CubeIDE/plugins/com.st.stm32cube.ide.mcu.externaltools.gnu-tools-for-stm32.14.3.rel1.win32_1.0.100.202602081740/tools/bin/../lib/gcc/arm-none-eabi/14.3.1/../../../../arm-none-eabi/lib/thumb/v6-m/nofp\libc_nano.a(libc_a-fprintf.o)
                0x0800f5ec                fiprintf
                0x0800f5ec                fprintf
 .text.abort    0x0800f60c        0xe C:/ST/STM32CubeIDE_2.1.1/STM32CubeIDE/plugins/com.st.stm32cube.ide.mcu.externaltools.gnu-tools-for-stm32.14.3.rel1.win32_1.0.100.202602081740/tools/bin/../lib/gcc/arm-none-eabi/14.3.1/../../../../arm-none-eabi/lib/thumb/v6-m/nofp\libc_nano.a(libc_a-abort.o)
                0x0800f60c                abort
 .text.__sfputc_r
                0x0800f61a       0x2a C:/ST/STM32CubeIDE_2.1.1/STM32CubeIDE/plugins/com.st.stm32cube.ide.mcu.externaltools.gnu-tools-for-stm32.14.3.rel1.win32_1.0.100.202602081740/tools/bin/../lib/gcc/arm-none-eabi/14.3.1/../../../../arm-none-eabi/lib/thumb/v6-m/nofp\libc_nano.a(libc_a-nano-vfprintf.o)
 .text.__sfputs_r
                0x0800f644       0x24 C:/ST/STM32CubeIDE_2.1.1/STM32CubeIDE/plugins/com.st.stm32cube.ide.mcu.externaltools.gnu-tools-for-stm32.14.3.rel1.win32_1.0.100.202602081740/tools/bin/../lib/gcc/arm-none-eabi/14.3.1/../../../../arm-none-eabi/lib/thumb/v6-m/nofp\libc_nano.a(libc_a-nano-vfprintf.o)
                0x0800f644                __sfputs_r
 .text._vfprintf_r
                0x0800f668      0x230 C:/ST/STM32CubeIDE_2.1.1/STM32CubeIDE/plugins/com.st.stm32cube.ide.mcu.externaltools.gnu-tools-for-stm32.14.3.rel1.win32_1.0.100.202602081740/tools/bin/../lib/gcc/arm-none-eabi/14.3.1/../../../../arm-none-eabi/lib/thumb/v6-m/nofp\libc_nano.a(libc_a-nano-vfprintf.o)
                0x0800f668                _vfprintf_r
                0x0800f668                _vfiprintf_r
 .text._printf_common
                0x0800f898       0xde C:/ST/STM32CubeIDE_2.1.1/STM32CubeIDE/plugins/com.st.stm32cube.ide.mcu.externaltools.gnu-tools-for-stm32.14.3.rel1.win32_1.0.100.202602081740/tools/bin/../lib/gcc/arm-none-eabi/14.3.1/../../../../arm-none-eabi/lib/thumb/v6-m/nofp\libc_nano.a(libc_a-nano-vfprintf_i.o)
                0x0800f898                _printf_common
 *fill*         0x0800f976        0x2 
 .text._printf_i
                0x0800f978      0x218 C:/ST/STM32CubeIDE_2.1.1/STM32CubeIDE/plugins/com.st.stm32cube.ide.mcu.externaltools.gnu-tools-for-stm32.14.3.rel1.win32_1.0.100.202602081740/tools/bin/../lib/gcc/arm-none-eabi/14.3.1/../../../../arm-none-eabi/lib/thumb/v6-m/nofp\libc_nano.a(libc_a-nano-vfprintf_i.o)
                0x0800f978                _printf_i
 .text.__swbuf_r
                0x0800fb90       0x84 C:/ST/STM32CubeIDE_2.1.1/STM32CubeIDE/plugins/com.st.stm32cube.ide.mcu.externaltools.gnu-tools-for-stm32.14.3.rel1.win32_1.0.100.202602081740/tools/bin/../lib/gcc/arm-none-eabi/14.3.1/../../../../arm-none-eabi/lib/thumb/v6-m/nofp\libc_nano.a(libc_a-wbuf.o)
                0x0800fb90                __swbuf_r
 .text.__swsetup_r
                0x0800fc14       0xb4 C:/ST/STM32CubeIDE_2.1.1/STM32CubeIDE/plugins/com.st.stm32cube.ide.mcu.externaltools.gnu-tools-for-stm32.14.3.rel1.win32_1.0.100.202602081740/tools/bin/../lib/gcc/arm-none-eabi/14.3.1/../../../../arm-none-eabi/lib/thumb/v6-m/nofp\libc_nano.a(libc_a-wsetup.o)
                0x0800fc14                __swsetup_r
 .text._raise_r
                0x0800fcc8       0x52 C:/ST/STM32CubeIDE_2.1.1/STM32CubeIDE/plugins/com.st.stm32cube.ide.mcu.externaltools.gnu-tools-for-stm32.14.3.rel1.win32_1.0.100.202602081740/tools/bin/../lib/gcc/arm-none-eabi/14.3.1/../../../../arm-none-eabi/lib/thumb/v6-m/nofp\libc_nano.a(libc_a-signal.o)
                0x0800fcc8                _raise_r
 *fill*         0x0800fd1a        0x2 
 .text.raise    0x0800fd1c       0x14 C:/ST/STM32CubeIDE_2.1.1/STM32CubeIDE/plugins/com.st.stm32cube.ide.mcu.externaltools.gnu-tools-for-stm32.14.3.rel1.win32_1.0.100.202602081740/tools/bin/../lib/gcc/arm-none-eabi/14.3.1/../../../../arm-none-eabi/lib/thumb/v6-m/nofp\libc_nano.a(libc_a-signal.o)
                0x0800fd1c                raise
 .text._kill_r  0x0800fd30       0x24 C:/ST/STM32CubeIDE_2.1.1/STM32CubeIDE/plugins/com.st.stm32cube.ide.mcu.externaltools.gnu-tools-for-stm32.14.3.rel1.win32_1.0.100.202602081740/tools/bin/../lib/gcc/arm-none-eabi/14.3.1/../../../../arm-none-eabi/lib/thumb/v6-m/nofp\libc_nano.a(libc_a-signalr.o)
                0x0800fd30                _kill_r
 .text._getpid_r
                0x0800fd54        0x8 C:/ST/STM32CubeIDE_2.1.1/STM32CubeIDE/plugins/com.st.stm32cube.ide.mcu.externaltools.gnu-tools-for-stm32.14.3.rel1.win32_1.0.100.202602081740/tools/bin/../lib/gcc/arm-none-eabi/14.3.1/../../../../arm-none-eabi/lib/thumb/v6-m/nofp\libc_nano.a(libc_a-signalr.o)
                0x0800fd54                _getpid_r
 .text.memchr   0x0800fd5c       0x16 C:/ST/STM32CubeIDE_2.1.1/STM32CubeIDE/plugins/com.st.stm32cube.ide.mcu.externaltools.gnu-tools-for-stm32.14.3.rel1.win32_1.0.100.202602081740/tools/bin/../lib/gcc/arm-none-eabi/14.3.1/../../../../arm-none-eabi/lib/thumb/v6-m/nofp\libc_nano.a(libc_a-memchr-stub.o)
                0x0800fd5c                memchr
 *fill*         0x0800fd72        0x2 
 .text.__swhatbuf_r
                0x0800fd74       0x54 C:/ST/STM32CubeIDE_2.1.1/STM32CubeIDE/plugins/com.st.stm32cube.ide.mcu.externaltools.gnu-tools-for-stm32.14.3.rel1.win32_1.0.100.202602081740/tools/bin/../lib/gcc/arm-none-eabi/14.3.1/../../../../arm-none-eabi/lib/thumb/v6-m/nofp\libc_nano.a(libc_a-makebuf.o)
                0x0800fd74                __swhatbuf_r
 .text.__smakebuf_r
                0x0800fdc8       0x72 C:/ST/STM32CubeIDE_2.1.1/STM32CubeIDE/plugins/com.st.stm32cube.ide.mcu.externaltools.gnu-tools-for-stm32.14.3.rel1.win32_1.0.100.202602081740/tools/bin/../lib/gcc/arm-none-eabi/14.3.1/../../../../arm-none-eabi/lib/thumb/v6-m/nofp\libc_nano.a(libc_a-makebuf.o)
                0x0800fdc8                __smakebuf_r
 *fill*         0x0800fe3a        0x2 
 .text._fstat_r
                0x0800fe3c       0x24 C:/ST/STM32CubeIDE_2.1.1/STM32CubeIDE/plugins/com.st.stm32cube.ide.mcu.externaltools.gnu-tools-for-stm32.14.3.rel1.win32_1.0.100.202602081740/tools/bin/../lib/gcc/arm-none-eabi/14.3.1/../../../../arm-none-eabi/lib/thumb/v6-m/nofp\libc_nano.a(libc_a-fstatr.o)
                0x0800fe3c                _fstat_r
 .text._isatty_r
                0x0800fe60       0x24 C:/ST/STM32CubeIDE_2.1.1/STM32CubeIDE/plugins/com.st.stm32cube.ide.mcu.externaltools.gnu-tools-for-stm32.14.3.rel1.win32_1.0.100.202602081740/tools/bin/../lib/gcc/arm-none-eabi/14.3.1/../../../../arm-none-eabi/lib/thumb/v6-m/nofp\libc_nano.a(libc_a-isattyr.o)
                0x0800fe60                _isatty_r
 .text.atan2f   0x0800fe84        0x8 C:/ST/STM32CubeIDE_2.1.1/STM32CubeIDE/plugins/com.st.stm32cube.ide.mcu.externaltools.gnu-tools-for-stm32.14.3.rel1.win32_1.0.100.202602081740/tools/bin/../lib/gcc/arm-none-eabi/14.3.1/../../../../arm-none-eabi/lib/thumb/v6-m/nofp\libm.a(libm_a-wf_atan2.o)
                0x0800fe84                atan2f
 .text.__ieee754_atan2f
                0x0800fe8c      0x110 C:/ST/STM32CubeIDE_2.1.1/STM32CubeIDE/plugins/com.st.stm32cube.ide.mcu.externaltools.gnu-tools-for-stm32.14.3.rel1.win32_1.0.100.202602081740/tools/bin/../lib/gcc/arm-none-eabi/14.3.1/../../../../arm-none-eabi/lib/thumb/v6-m/nofp\libm.a(libm_a-ef_atan2.o)
                0x0800fe8c                __ieee754_atan2f
 .text.atanf    0x0800ff9c      0x23c C:/ST/STM32CubeIDE_2.1.1/STM32CubeIDE/plugins/com.st.stm32cube.ide.mcu.externaltools.gnu-tools-for-stm32.14.3.rel1.win32_1.0.100.202602081740/tools/bin/../lib/gcc/arm-none-eabi/14.3.1/../../../../arm-none-eabi/lib/thumb/v6-m/nofp\libm.a(libm_a-sf_atan.o)
                0x0800ff9c                atanf
 .text.fabsf    0x080101d8        0x8 C:/ST/STM32CubeIDE_2.1.1/STM32CubeIDE/plugins/com.st.stm32cube.ide.mcu.externaltools.gnu-tools-for-stm32.14.3.rel1.win32_1.0.100.202602081740/tools/bin/../lib/gcc/arm-none-eabi/14.3.1/../../../../arm-none-eabi/lib/thumb/v6-m/nofp\libm.a(libm_a-sf_fabs.o)
                0x080101d8                fabsf
 *(.glue_7)
 .glue_7        0x080101e0        0x0 linker stubs
 *(.glue_7t)
 .glue_7t       0x080101e0        0x0 linker stubs
 *(.eh_frame)
 .eh_frame      0x080101e0        0x0 C:/ST/STM32CubeIDE_2.1.1/STM32CubeIDE/plugins/com.st.stm32cube.ide.mcu.externaltools.gnu-tools-for-stm32.14.3.rel1.win32_1.0.100.202602081740/tools/bin/../lib/gcc/arm-none-eabi/14.3.1/thumb/v6-m/nofp/crtbegin.o
 *(.init)
 .init          0x080101e0        0x4 C:/ST/STM32CubeIDE_2.1.1/STM32CubeIDE/plugins/com.st.stm32cube.ide.mcu.externaltools.gnu-tools-for-stm32.14.3.rel1.win32_1.0.100.202602081740/tools/bin/../lib/gcc/arm-none-eabi/14.3.1/thumb/v6-m/nofp/crti.o
                0x080101e0                _init
 .init          0x080101e4        0x8 C:/ST/STM32CubeIDE_2.1.1/STM32CubeIDE/plugins/com.st.stm32cube.ide.mcu.externaltools.gnu-tools-for-stm32.14.3.rel1.win32_1.0.100.202602081740/tools/bin/../lib/gcc/arm-none-eabi/14.3.1/thumb/v6-m/nofp/crtn.o
 *(.fini)
 .fini          0x080101ec        0x4 C:/ST/STM32CubeIDE_2.1.1/STM32CubeIDE/plugins/com.st.stm32cube.ide.mcu.externaltools.gnu-tools-for-stm32.14.3.rel1.win32_1.0.100.202602081740/tools/bin/../lib/gcc/arm-none-eabi/14.3.1/thumb/v6-m/nofp/crti.o
                0x080101ec                _fini
 .fini          0x080101f0        0x8 C:/ST/STM32CubeIDE_2.1.1/STM32CubeIDE/plugins/com.st.stm32cube.ide.mcu.externaltools.gnu-tools-for-stm32.14.3.rel1.win32_1.0.100.202602081740/tools/bin/../lib/gcc/arm-none-eabi/14.3.1/thumb/v6-m/nofp/crtn.o
                0x080101f8                        . = ALIGN (0x4)
                0x080101f8                        _etext = .

.vfp11_veneer   0x080101f8        0x0
 .vfp11_veneer  0x080101f8        0x0 linker stubs

.v4_bx          0x080101f8        0x0
 .v4_bx         0x080101f8        0x0 linker stubs

.iplt           0x080101f8        0x0
 .iplt          0x080101f8        0x0 C:/ST/STM32CubeIDE_2.1.1/STM32CubeIDE/plugins/com.st.stm32cube.ide.mcu.externaltools.gnu-tools-for-stm32.14.3.rel1.win32_1.0.100.202602081740/tools/bin/../lib/gcc/arm-none-eabi/14.3.1/thumb/v6-m/nofp/crtbegin.o

.rodata         0x080101f8      0x650
                0x080101f8                        . = ALIGN (0x4)
 *(.rodata)
 .rodata        0x080101f8       0x13 ./Application/User/Core/gps_compass.o
 *fill*         0x0801020b        0x1 
 .rodata        0x0801020c       0x7c C:/ST/STM32CubeIDE_2.1.1/STM32CubeIDE/plugins/com.st.stm32cube.ide.mcu.externaltools.gnu-tools-for-stm32.14.3.rel1.win32_1.0.100.202602081740/tools/bin/../lib/gcc/arm-none-eabi/14.3.1/thumb/v6-m/nofp\libgcc.a(divsf3.o)
 .rodata        0x08010288       0x40 C:/ST/STM32CubeIDE_2.1.1/STM32CubeIDE/plugins/com.st.stm32cube.ide.mcu.externaltools.gnu-tools-for-stm32.14.3.rel1.win32_1.0.100.202602081740/tools/bin/../lib/gcc/arm-none-eabi/14.3.1/thumb/v6-m/nofp\libgcc.a(divdf3.o)
 *(.rodata*)
 .rodata.Client_ProcessPacket
                0x080102c8       0x1c ./Application/User/Core/client_node.o
 .rodata.enc.0  0x080102e4        0xe ./Application/User/Core/main.o
 *fill*         0x080102f2        0x2 
 .rodata.AHBPrescTable
                0x080102f4       0x40 ./Drivers/CMSIS/system_stm32c0xx.o
                0x080102f4                AHBPrescTable
 .rodata.APBPrescTable
                0x08010334       0x20 ./Drivers/CMSIS/system_stm32c0xx.o
                0x08010334                APBPrescTable
 .rodata.HAL_RCCEx_GetPeriphCLKFreq
                0x08010354       0x84 ./Drivers/STM32C0xx_HAL_Driver/stm32c0xx_hal_rcc_ex.o
 .rodata.HAL_TIM_PWM_ConfigChannel
                0x080103d8       0x54 ./Drivers/STM32C0xx_HAL_Driver/stm32c0xx_hal_tim.o
 .rodata.UARTPrescTable
                0x0801042c       0x18 ./Drivers/STM32C0xx_HAL_Driver/stm32c0xx_hal_uart.o
                0x0801042c                UARTPrescTable
 .rodata.numerator.1
                0x08010444        0x8 ./Drivers/STM32C0xx_HAL_Driver/stm32c0xx_hal_uart_ex.o
 .rodata.denominator.0
                0x0801044c        0x8 ./Drivers/STM32C0xx_HAL_Driver/stm32c0xx_hal_uart_ex.o
 .rodata._strtod_l.str1.1
                0x08010454      0x166 C:/ST/STM32CubeIDE_2.1.1/STM32CubeIDE/plugins/com.st.stm32cube.ide.mcu.externaltools.gnu-tools-for-stm32.14.3.rel1.win32_1.0.100.202602081740/tools/bin/../lib/gcc/arm-none-eabi/14.3.1/../../../../arm-none-eabi/lib/thumb/v6-m/nofp\libc_nano.a(libc_a-strtod.o)
                                  0xf (size before relaxing)
 *fill*         0x080105ba        0x2 
 .rodata.fpinan.0
                0x080105bc       0x14 C:/ST/STM32CubeIDE_2.1.1/STM32CubeIDE/plugins/com.st.stm32cube.ide.mcu.externaltools.gnu-tools-for-stm32.14.3.rel1.win32_1.0.100.202602081740/tools/bin/../lib/gcc/arm-none-eabi/14.3.1/../../../../arm-none-eabi/lib/thumb/v6-m/nofp\libc_nano.a(libc_a-strtod.o)
 .rodata.fpi.1  0x080105d0       0x14 C:/ST/STM32CubeIDE_2.1.1/STM32CubeIDE/plugins/com.st.stm32cube.ide.mcu.externaltools.gnu-tools-for-stm32.14.3.rel1.win32_1.0.100.202602081740/tools/bin/../lib/gcc/arm-none-eabi/14.3.1/../../../../arm-none-eabi/lib/thumb/v6-m/nofp\libc_nano.a(libc_a-strtod.o)
 *fill*         0x080105e4        0x4 
 .rodata.tinytens
                0x080105e8       0x28 C:/ST/STM32CubeIDE_2.1.1/STM32CubeIDE/plugins/com.st.stm32cube.ide.mcu.externaltools.gnu-tools-for-stm32.14.3.rel1.win32_1.0.100.202602081740/tools/bin/../lib/gcc/arm-none-eabi/14.3.1/../../../../arm-none-eabi/lib/thumb/v6-m/nofp\libc_nano.a(libc_a-strtod.o)
 .rodata._ctype_
                0x08010610      0x101 C:/ST/STM32CubeIDE_2.1.1/STM32CubeIDE/plugins/com.st.stm32cube.ide.mcu.externaltools.gnu-tools-for-stm32.14.3.rel1.win32_1.0.100.202602081740/tools/bin/../lib/gcc/arm-none-eabi/14.3.1/../../../../arm-none-eabi/lib/thumb/v6-m/nofp\libc_nano.a(libc_a-ctype_.o)
                0x08010610                _ctype_
 .rodata._setlocale_r.str1.1
                0x08010711        0x9 C:/ST/STM32CubeIDE_2.1.1/STM32CubeIDE/plugins/com.st.stm32cube.ide.mcu.externaltools.gnu-tools-for-stm32.14.3.rel1.win32_1.0.100.202602081740/tools/bin/../lib/gcc/arm-none-eabi/14.3.1/../../../../arm-none-eabi/lib/thumb/v6-m/nofp\libc_nano.a(libc_a-locale.o)
 .rodata.str1.1
                0x08010711        0x2 C:/ST/STM32CubeIDE_2.1.1/STM32CubeIDE/plugins/com.st.stm32cube.ide.mcu.externaltools.gnu-tools-for-stm32.14.3.rel1.win32_1.0.100.202602081740/tools/bin/../lib/gcc/arm-none-eabi/14.3.1/../../../../arm-none-eabi/lib/thumb/v6-m/nofp\libc_nano.a(libc_a-locale.o)
 .rodata.__gethex.str1.1
                0x08010711       0x73 C:/ST/STM32CubeIDE_2.1.1/STM32CubeIDE/plugins/com.st.stm32cube.ide.mcu.externaltools.gnu-tools-for-stm32.14.3.rel1.win32_1.0.100.202602081740/tools/bin/../lib/gcc/arm-none-eabi/14.3.1/../../../../arm-none-eabi/lib/thumb/v6-m/nofp\libc_nano.a(libc_a-gdtoa-gethex.o)
 .rodata._Balloc.str1.1
                0x08010711       0x70 C:/ST/STM32CubeIDE_2.1.1/STM32CubeIDE/plugins/com.st.stm32cube.ide.mcu.externaltools.gnu-tools-for-stm32.14.3.rel1.win32_1.0.100.202602081740/tools/bin/../lib/gcc/arm-none-eabi/14.3.1/../../../../arm-none-eabi/lib/thumb/v6-m/nofp\libc_nano.a(libc_a-mprec.o)
 .rodata.__multadd.str1.1
                0x08010711       0x11 C:/ST/STM32CubeIDE_2.1.1/STM32CubeIDE/plugins/com.st.stm32cube.ide.mcu.externaltools.gnu-tools-for-stm32.14.3.rel1.win32_1.0.100.202602081740/tools/bin/../lib/gcc/arm-none-eabi/14.3.1/../../../../arm-none-eabi/lib/thumb/v6-m/nofp\libc_nano.a(libc_a-mprec.o)
 *fill*         0x08010711        0x3 