../Core/Src/main.c:62:6:w5100_spi_select	8	static
../Core/Src/main.c:70:6:w5100_spi_unselect	8	static
../Core/Src/main.c:74:6:w5100_spi_write	16	static
../Core/Src/main.c:79:9:w5100_spi_read	24	static
../Core/Src/main.c:89:16:w5500_read_version	16	static
../Core/Src/main.c:101:6:w5100_reset	4	static
../Core/Src/main.c:119:1:__io_putchar	16	static
../Core/Src/main.c:125:5:_write	32	static
../Core/Src/main.c:145:5:main	2152	static
../Core/Src/main.c:343:6:SystemClock_Config	88	static
../Core/Src/main.c:391:13:MX_I2C1_Init	8	static
../Core/Src/main.c:425:13:MX_I2S2_Init	8	static
../Core/Src/main.c:459:13:MX_RTC_Init	32	static
../Core/Src/main.c:529:13:MX_SPI1_Init	8	static
../Core/Src/main.c:570:13:MX_USART1_UART_Init	8	static
../Core/Src/main.c:603:13:MX_USART2_UART_Init	8	static
../Core/Src/main.c:636:13:MX_USART6_UART_Init	8	static
../Core/Src/main.c:667:13:MX_DMA_Init	16	static
../Core/Src/main.c:688:13:MX_GPIO_Init	48	static
../Core/Src/main.c:744:6:HAL_TIM_PeriodElapsedCallback	16	static
../Core/Src/main.c:762:6:Error_Handler	4	static,ignoring_inline_asm
