../Core/Src/main.c:75:6:w5100_spi_select	1
../Core/Src/main.c:83:6:w5100_spi_unselect	1
../Core/Src/main.c:87:6:w5100_spi_write	1
../Core/Src/main.c:92:9:w5100_spi_read	1
../Core/Src/main.c:101:6:w5100_reset	1
../Core/Src/main.c:117:13:handle_tcp_socket	13
../Core/Src/main.c:173:5:main	2
../Core/Src/main.c:245:6:SystemClock_Config	3
../Core/Src/main.c:292:13:MX_SPI1_Init	2
../Core/Src/main.c:330:13:MX_GPIO_Init	1
../Core/Src/main.c:378:6:HAL_TIM_PeriodElapsedCallback	2
../Core/Src/main.c:396:6:Error_Handler	1
