../Core/Src/w5100.c:16:13:W5100_Select	8	static
../Core/Src/w5100.c:25:13:W5100_Unselect	8	static
../Core/Src/w5100.c:35:16:W5100_SPI_ReadByte	8	static
../Core/Src/w5100.c:46:13:W5100_SPI_WriteByte	16	static
../Core/Src/w5100.c:55:13:W5100_Delay	16	static
../Core/Src/w5100.c:61:6:W5100_WriteByte	16	static
../Core/Src/w5100.c:70:9:W5100_ReadByte	24	static
../Core/Src/w5100.c:81:6:W5100_WriteBuffer	24	static
../Core/Src/w5100.c:89:6:W5100_ReadBuffer	32	static
../Core/Src/w5100.c:95:8:W5100_Init	24	static
../Core/Src/w5100.c:125:6:W5100_Reset	8	static
../Core/Src/w5100.c:130:8:W5100_TestCommunication	8	static
../Core/Src/w5100.c:147:6:W5100_ConfigureNetwork	16	static
../Core/Src/w5100.c:154:6:W5100_SetMACAddress	16	static
../Core/Src/w5100.c:158:6:W5100_SetIPAddress	16	static
../Core/Src/w5100.c:162:6:W5100_SetGateway	16	static
../Core/Src/w5100.c:166:6:W5100_SetSubnetMask	16	static
../Core/Src/w5100.c:170:6:W5100_GetNetworkInfo	16	static
../Core/Src/w5100.c:177:6:W5100_SetTxRxBufferSize	16	static
../Core/Src/w5100.c:189:17:get_socket_reg_addr	16	static
../Core/Src/w5100.c:198:15:wait_for_cmd	24	static
../Core/Src/w5100.c:208:9:W5100_SocketInit	24	static
../Core/Src/w5100.c:237:9:W5100_SocketConnect	16	static
../Core/Src/w5100.c:263:9:W5100_SocketListen	16	static
../Core/Src/w5100.c:286:9:W5100_SocketDisconnect	16	static
../Core/Src/w5100.c:295:9:W5100_SocketClose	16	static
../Core/Src/w5100.c:307:9:W5100_SocketGetStatus	16	static
../Core/Src/w5100.c:312:10:W5100_SocketGetTXFreeSize	32	static
../Core/Src/w5100.c:320:10:W5100_SocketGetRXReceivedSize	32	static
../Core/Src/w5100.c:328:10:W5100_SocketSend	40	static
../Core/Src/w5100.c:369:10:W5100_SocketRecv	40	static
../Core/Src/w5100.c:412:6:W5100_SocketSetDestIP	16	static
../Core/Src/w5100.c:417:6:W5100_SocketSetDestPort	16	static
