../Core/Src/main.c:82:5:main	8	static
../Core/Src/main.c:126:6:SystemClock_Config	64	static
../Core/Src/main.c:165:13:MX_FDCAN1_Init	8	static
../Core/Src/main.c:208:13:MX_I2C1_Init	8	static
../Core/Src/main.c:256:13:MX_I2S1_Init	8	static
../Core/Src/main.c:288:13:MX_SPI2_Init	8	static
../Core/Src/main.c:328:13:MX_TIM1_Init	120	static
../Core/Src/main.c:410:13:MX_USART1_UART_Init	8	static
../Core/Src/main.c:458:13:MX_GPIO_Init	48	static
../Core/Src/main.c:506:6:Error_Handler	8	static,ignoring_inline_asm
