../Core/Src/cc1101_rx.c:90:16:CC1101_WaitReady	16	static
../Core/Src/cc1101_rx.c:107:13:CC1101_WriteReg	32	static
../Core/Src/cc1101_rx.c:122:13:CC1101_WritePaTable	32	static
../Core/Src/cc1101_rx.c:138:13:CC1101_Strobe	16	static
../Core/Src/cc1101_rx.c:151:16:CC1101_ReadReg	32	static
../Core/Src/cc1101_rx.c:169:16:CC1101_ReadFifoByte	8	static
../Core/Src/cc1101_rx.c:177:13:CC1101_ReadFifoBurst	32	static
../Core/Src/cc1101_rx.c:198:13:CC1101RX_Reset	8	static
../Core/Src/cc1101_rx.c:215:6:CC1101RX_Init	8	static
../Core/Src/cc1101_rx.c:277:15:CC1101_RssiToDbm	24	static
../Core/Src/cc1101_rx.c:292:10:CC1101RX_Receive	104	static
