../Core/Src/main.c:164:13:DisplayNibble	16	static
../Core/Src/main.c:171:13:boot	40	static
../Core/Src/main.c:186:16:CC1101_WaitForReady	16	static
../Core/Src/main.c:203:13:CC1101_Strobe	16	static
../Core/Src/main.c:220:13:CC1101_WriteReg	24	static
../Core/Src/main.c:233:13:CC1101_WriteBurst	24	static
../Core/Src/main.c:247:13:CC1101_ReadBurst	24	static
../Core/Src/main.c:267:16:CC1101_ReadReg	40	static
../Core/Src/main.c:289:13:CC1101_InitRadio	8	static
../Core/Src/main.c:331:13:Radio_TransmitPacket	96	static
../Core/Src/main.c:353:16:Radio_SendReliablePacket	104	static
../Core/Src/main.c:411:13:PutU16	24	static
../Core/Src/main.c:417:13:PutU32	24	static
../Core/Src/main.c:425:13:Radio_SendTelemetry	72	static
../Core/Src/main.c:455:13:Radio_SendLog	48	static
../Core/Src/main.c:473:16:Stepper_WaitUntilStopped	24	static
../Core/Src/main.c:489:13:Startup_TestStepper	8	static
../Core/Src/main.c:520:13:Startup_TestI2S	1056	static
../Core/Src/main.c:563:13:Startup_TestRadioPacket	8	static
../Core/Src/main.c:573:13:Test_CC1101_Connection	24	static
../Core/Src/main.c:614:5:main	8	static
../Core/Src/main.c:690:6:SystemClock_Config	64	static
../Core/Src/main.c:732:6:Error_Handler	8	static,ignoring_inline_asm
