E:/drone/c_uas/drone control/rader/code/application/Core/Src/stm32c0xx_it.c:70:6:NMI_Handler	8	static
E:/drone/c_uas/drone control/rader/code/application/Core/Src/stm32c0xx_it.c:85:6:HardFault_Handler	8	static
E:/drone/c_uas/drone control/rader/code/application/Core/Src/stm32c0xx_it.c:100:6:SVC_Handler	8	static
E:/drone/c_uas/drone control/rader/code/application/Core/Src/stm32c0xx_it.c:113:6:PendSV_Handler	8	static
E:/drone/c_uas/drone control/rader/code/application/Core/Src/stm32c0xx_it.c:126:6:SysTick_Handler	8	static
E:/drone/c_uas/drone control/rader/code/application/Core/Src/stm32c0xx_it.c:147:6:SPI1_IRQHandler	8	static
E:/drone/c_uas/drone control/rader/code/application/Core/Src/stm32c0xx_it.c:161:6:FDCAN1_IT0_IRQHandler	8	static
E:/drone/c_uas/drone control/rader/code/application/Core/Src/stm32c0xx_it.c:175:6:FDCAN1_IT1_IRQHandler	8	static
