../Core/Src/main.c:164:13:DisplayNibble	1
../Core/Src/main.c:171:13:boot	5
../Core/Src/main.c:186:16:CC1101_WaitForReady	3
../Core/Src/main.c:203:13:CC1101_Strobe	2
../Core/Src/main.c:220:13:CC1101_WriteReg	2
../Core/Src/main.c:233:13:CC1101_WriteBurst	2
../Core/Src/main.c:247:13:CC1101_ReadBurst	2
../Core/Src/main.c:267:16:CC1101_ReadReg	2
../Core/Src/main.c:289:13:CC1101_InitRadio	1
../Core/Src/main.c:331:13:Radio_TransmitPacket	5
../Core/Src/main.c:353:16:Radio_SendReliablePacket	12
../Core/Src/main.c:411:13:PutU16	1
../Core/Src/main.c:417:13:PutU32	1
../Core/Src/main.c:425:13:Radio_SendTelemetry	2
../Core/Src/main.c:455:13:Radio_SendLog	1
../Core/Src/main.c:473:16:Stepper_WaitUntilStopped	3
../Core/Src/main.c:489:13:Startup_TestStepper	3
../Core/Src/main.c:520:13:Startup_TestI2S	5
../Core/Src/main.c:563:13:Startup_TestRadioPacket	1
../Core/Src/main.c:573:13:Test_CC1101_Connection	4
../Core/Src/main.c:614:5:main	2
../Core/Src/main.c:690:6:SystemClock_Config	3
../Core/Src/main.c:732:6:Error_Handler	1
